Aug 08 12:07:31 openeuler-riscv64 kernel: Linux version 6.4.0-1.0.0.4.oe2309.riscv64 (abuild@sg2042-evb) (gcc_old (GCC) 12.3.1 20230508 (openEuler 12.3.1-4.oe2309), GNU ld (GNU Binutils) 2.37) #1 SMP Wed Jul 26 01:59:42 UTC 2023
Aug 08 12:07:31 openeuler-riscv64 kernel: random: crng init done
Aug 08 12:07:31 openeuler-riscv64 kernel: Machine model: riscv-virtio,qemu
Aug 08 12:07:31 openeuler-riscv64 kernel: earlycon: ns16550a0 at MMIO 0x0000000010000000 (options '')
Aug 08 12:07:31 openeuler-riscv64 kernel: printk: bootconsole [ns16550a0] enabled
Aug 08 12:07:31 openeuler-riscv64 kernel: efi: UEFI not found.
Aug 08 12:07:31 openeuler-riscv64 kernel: OF: reserved mem: 0x0000000080000000..0x000000008003ffff (256 KiB) map non-reusable mmode_resv0@80000000
Aug 08 12:07:31 openeuler-riscv64 kernel: cma: Reserved 64 MiB at 0x00000000fb600000
Aug 08 12:07:31 openeuler-riscv64 kernel: NUMA: No NUMA configuration found
Aug 08 12:07:31 openeuler-riscv64 kernel: NUMA: Faking a node at [mem 0x0000000080000000-0x000000017fffffff]
Aug 08 12:07:31 openeuler-riscv64 kernel: NUMA: NODE_DATA [mem 0x17ffed340-0x17fff1fff]
Aug 08 12:07:31 openeuler-riscv64 kernel: Zone ranges:
Aug 08 12:07:31 openeuler-riscv64 kernel:   DMA32    [mem 0x0000000080000000-0x00000000ffffffff]
Aug 08 12:07:31 openeuler-riscv64 kernel:   Normal   [mem 0x0000000100000000-0x000000017fffffff]
Aug 08 12:07:31 openeuler-riscv64 kernel: Movable zone start for each node
Aug 08 12:07:31 openeuler-riscv64 kernel: Early memory node ranges
Aug 08 12:07:31 openeuler-riscv64 kernel:   node   0: [mem 0x0000000080000000-0x000000017fffffff]
Aug 08 12:07:31 openeuler-riscv64 kernel: Initmem setup node 0 [mem 0x0000000080000000-0x000000017fffffff]
Aug 08 12:07:31 openeuler-riscv64 kernel: SBI specification v1.0 detected
Aug 08 12:07:31 openeuler-riscv64 kernel: SBI implementation ID=0x1 Version=0x10002
Aug 08 12:07:31 openeuler-riscv64 kernel: SBI TIME extension detected
Aug 08 12:07:31 openeuler-riscv64 kernel: SBI IPI extension detected
Aug 08 12:07:31 openeuler-riscv64 kernel: SBI RFENCE extension detected
Aug 08 12:07:31 openeuler-riscv64 kernel: SBI SRST extension detected
Aug 08 12:07:31 openeuler-riscv64 kernel: SBI HSM extension detected
Aug 08 12:07:31 openeuler-riscv64 kernel: riscv: base ISA extensions acdfhim
Aug 08 12:07:31 openeuler-riscv64 kernel: riscv: ELF capabilities acdfim
Aug 08 12:07:31 openeuler-riscv64 kernel: percpu: cpu 0 has no node -1 or node-local memory
Aug 08 12:07:31 openeuler-riscv64 kernel: percpu: Embedded 29 pages/cpu s81640 r8192 d28952 u118784
Aug 08 12:07:31 openeuler-riscv64 kernel: pcpu-alloc: s81640 r8192 d28952 u118784 alloc=29*4096
Aug 08 12:07:31 openeuler-riscv64 kernel: pcpu-alloc: [0] 0 [0] 1 [0] 2 [0] 3 
Aug 08 12:07:31 openeuler-riscv64 kernel: Kernel command line: root=/dev/vda2 rw console=ttyS0 systemd.default_timeout_start_sec=600 selinux=0 highres=off earlycon
Aug 08 12:07:31 openeuler-riscv64 kernel: Dentry cache hash table entries: 524288 (order: 10, 4194304 bytes, linear)
Aug 08 12:07:31 openeuler-riscv64 kernel: Inode-cache hash table entries: 262144 (order: 9, 2097152 bytes, linear)
Aug 08 12:07:31 openeuler-riscv64 kernel: Fallback order for Node 0: 0 
Aug 08 12:07:31 openeuler-riscv64 kernel: Built 1 zonelists, mobility grouping on.  Total pages: 1032192
Aug 08 12:07:31 openeuler-riscv64 kernel: Policy zone: Normal
Aug 08 12:07:31 openeuler-riscv64 kernel: mem auto-init: stack:off, heap alloc:off, heap free:off
Aug 08 12:07:31 openeuler-riscv64 kernel: stackdepot: allocating hash table via alloc_large_system_hash
Aug 08 12:07:31 openeuler-riscv64 kernel: stackdepot hash table entries: 262144 (order: 9, 2097152 bytes, linear)
Aug 08 12:07:31 openeuler-riscv64 kernel: software IO TLB: area num 4.
Aug 08 12:07:31 openeuler-riscv64 kernel: software IO TLB: mapped [mem 0x00000000f7600000-0x00000000fb600000] (64MB)
Aug 08 12:07:31 openeuler-riscv64 kernel: Virtual kernel memory layout:
Aug 08 12:07:31 openeuler-riscv64 kernel:       fixmap : 0xffffffc6fea00000 - 0xffffffc6ff000000   (6144 kB)
Aug 08 12:07:31 openeuler-riscv64 kernel:       pci io : 0xffffffc6ff000000 - 0xffffffc700000000   (  16 MB)
Aug 08 12:07:31 openeuler-riscv64 kernel:      vmemmap : 0xffffffc700000000 - 0xffffffc800000000   (4096 MB)
Aug 08 12:07:31 openeuler-riscv64 kernel:      vmalloc : 0xffffffc800000000 - 0xffffffd800000000   (  64 GB)
Aug 08 12:07:31 openeuler-riscv64 kernel:      modules : 0xffffffff0259b000 - 0xffffffff80000000   (2010 MB)
Aug 08 12:07:31 openeuler-riscv64 kernel:       lowmem : 0xffffffd800000000 - 0xffffffd900000000   (4096 MB)
Aug 08 12:07:31 openeuler-riscv64 kernel:       kernel : 0xffffffff80000000 - 0xffffffffffffffff   (2047 MB)
Aug 08 12:07:31 openeuler-riscv64 kernel: Memory: 3932496K/4194304K available (11916K kernel code, 8858K rwdata, 10240K rodata, 2662K init, 4455K bss, 196272K reserved, 65536K cma-reserved)
Aug 08 12:07:31 openeuler-riscv64 kernel: SLUB: HWalign=64, Order=0-3, MinObjects=0, CPUs=4, Nodes=1
Aug 08 12:07:31 openeuler-riscv64 kernel: ftrace: allocating 43696 entries in 171 pages
Aug 08 12:07:31 openeuler-riscv64 kernel: ftrace: allocated 171 pages with 5 groups
Aug 08 12:07:31 openeuler-riscv64 kernel: trace event string verifier disabled
Aug 08 12:07:31 openeuler-riscv64 kernel: rcu: Hierarchical RCU implementation.
Aug 08 12:07:31 openeuler-riscv64 kernel: rcu:         RCU restricting CPUs from NR_CPUS=512 to nr_cpu_ids=4.
Aug 08 12:07:31 openeuler-riscv64 kernel:         Rude variant of Tasks RCU enabled.
Aug 08 12:07:31 openeuler-riscv64 kernel:         Tracing variant of Tasks RCU enabled.
Aug 08 12:07:31 openeuler-riscv64 kernel: rcu: RCU calculated value of scheduler-enlistment delay is 25 jiffies.
Aug 08 12:07:31 openeuler-riscv64 kernel: rcu: Adjusting geometry for rcu_fanout_leaf=16, nr_cpu_ids=4
Aug 08 12:07:31 openeuler-riscv64 kernel: NR_IRQS: 64, nr_irqs: 64, preallocated irqs: 0
Aug 08 12:07:31 openeuler-riscv64 kernel: riscv-intc: 64 local interrupts mapped
Aug 08 12:07:31 openeuler-riscv64 kernel: plic: plic@c000000: mapped 95 interrupts with 4 handlers for 8 contexts.
Aug 08 12:07:31 openeuler-riscv64 kernel: riscv: providing IPIs using SBI IPI extension
Aug 08 12:07:31 openeuler-riscv64 kernel: rcu: srcu_init: Setting srcu_struct sizes based on contention.
Aug 08 12:07:31 openeuler-riscv64 kernel: riscv-timer: riscv_timer_init_dt: Registering clocksource cpuid [0] hartid [2]
Aug 08 12:07:31 openeuler-riscv64 kernel: clocksource: riscv_clocksource: mask: 0xffffffffffffffff max_cycles: 0x24e6a1710, max_idle_ns: 440795202120 ns
Aug 08 12:07:31 openeuler-riscv64 kernel: sched_clock: 64 bits at 10MHz, resolution 100ns, wraps every 4398046511100ns
Aug 08 12:07:31 openeuler-riscv64 kernel: riscv-timer: Timer interrupt in S-mode is available via sstc extension
Aug 08 12:07:31 openeuler-riscv64 kernel: Console: colour dummy device 80x25
Aug 08 12:07:31 openeuler-riscv64 kernel: Calibrating delay loop (skipped), value calculated using timer frequency.. 20.00 BogoMIPS (lpj=40000)
Aug 08 12:07:31 openeuler-riscv64 kernel: pid_max: default: 32768 minimum: 301
Aug 08 12:07:31 openeuler-riscv64 kernel: LSM: initializing lsm=lockdown,capability,yama,apparmor,integrity
Aug 08 12:07:31 openeuler-riscv64 kernel: Yama: becoming mindful.
Aug 08 12:07:31 openeuler-riscv64 kernel: AppArmor: AppArmor initialized
Aug 08 12:07:31 openeuler-riscv64 kernel: Mount-cache hash table entries: 8192 (order: 4, 65536 bytes, linear)
Aug 08 12:07:31 openeuler-riscv64 kernel: Mountpoint-cache hash table entries: 8192 (order: 4, 65536 bytes, linear)
Aug 08 12:07:31 openeuler-riscv64 kernel: cblist_init_generic: Setting adjustable number of callback queues.
Aug 08 12:07:31 openeuler-riscv64 kernel: cblist_init_generic: Setting shift to 2 and lim to 1.
Aug 08 12:07:31 openeuler-riscv64 kernel: cblist_init_generic: Setting shift to 2 and lim to 1.
Aug 08 12:07:31 openeuler-riscv64 kernel: riscv: ELF compat mode supported
Aug 08 12:07:31 openeuler-riscv64 kernel: ASID allocator using 16 bits (65536 entries)
Aug 08 12:07:31 openeuler-riscv64 kernel: rcu: Hierarchical SRCU implementation.
Aug 08 12:07:31 openeuler-riscv64 kernel: rcu:         Max phase no-delay instances is 1000.
Aug 08 12:07:31 openeuler-riscv64 kernel: EFI services will not be available.
Aug 08 12:07:31 openeuler-riscv64 kernel: smp: Bringing up secondary CPUs ...
Aug 08 12:07:31 openeuler-riscv64 kernel: smp: Brought up 1 node, 4 CPUs
Aug 08 12:07:31 openeuler-riscv64 kernel: devtmpfs: initialized
Aug 08 12:07:31 openeuler-riscv64 kernel: clocksource: jiffies: mask: 0xffffffff max_cycles: 0xffffffff, max_idle_ns: 7645041785100000 ns
Aug 08 12:07:31 openeuler-riscv64 kernel: futex hash table entries: 1024 (order: 4, 65536 bytes, linear)
Aug 08 12:07:31 openeuler-riscv64 kernel: pinctrl core: initialized pinctrl subsystem
Aug 08 12:07:31 openeuler-riscv64 kernel: NET: Registered PF_NETLINK/PF_ROUTE protocol family
Aug 08 12:07:31 openeuler-riscv64 kernel: DMA: preallocated 512 KiB GFP_KERNEL pool for atomic allocations
Aug 08 12:07:31 openeuler-riscv64 kernel: DMA: preallocated 512 KiB GFP_KERNEL|GFP_DMA32 pool for atomic allocations
Aug 08 12:07:31 openeuler-riscv64 kernel: audit: initializing netlink subsys (disabled)
Aug 08 12:07:31 openeuler-riscv64 kernel: audit: type=2000 audit(0.164:1): state=initialized audit_enabled=0 res=1
Aug 08 12:07:31 openeuler-riscv64 kernel: thermal_sys: Registered thermal governor 'fair_share'
Aug 08 12:07:31 openeuler-riscv64 kernel: thermal_sys: Registered thermal governor 'step_wise'
Aug 08 12:07:31 openeuler-riscv64 kernel: thermal_sys: Registered thermal governor 'user_space'
Aug 08 12:07:31 openeuler-riscv64 kernel: cpuidle: using governor menu
Aug 08 12:07:31 openeuler-riscv64 kernel: HugeTLB: registered 1.00 GiB page size, pre-allocated 0 pages
Aug 08 12:07:31 openeuler-riscv64 kernel: HugeTLB: 16380 KiB vmemmap can be freed for a 1.00 GiB page
Aug 08 12:07:31 openeuler-riscv64 kernel: HugeTLB: registered 2.00 MiB page size, pre-allocated 0 pages
Aug 08 12:07:31 openeuler-riscv64 kernel: HugeTLB: 28 KiB vmemmap can be freed for a 2.00 MiB page
Aug 08 12:07:31 openeuler-riscv64 kernel: iommu: Default domain type: Translated 
Aug 08 12:07:31 openeuler-riscv64 kernel: iommu: DMA domain TLB invalidation policy: strict mode 
Aug 08 12:07:31 openeuler-riscv64 kernel: SCSI subsystem initialized
Aug 08 12:07:31 openeuler-riscv64 kernel: libata version 3.00 loaded.
Aug 08 12:07:31 openeuler-riscv64 kernel: usbcore: registered new interface driver usbfs
Aug 08 12:07:31 openeuler-riscv64 kernel: usbcore: registered new interface driver hub
Aug 08 12:07:31 openeuler-riscv64 kernel: usbcore: registered new device driver usb
Aug 08 12:07:31 openeuler-riscv64 kernel: pps_core: LinuxPPS API ver. 1 registered
Aug 08 12:07:31 openeuler-riscv64 kernel: pps_core: Software ver. 5.3.6 - Copyright 2005-2007 Rodolfo Giometti <giometti@linux.it>
Aug 08 12:07:31 openeuler-riscv64 kernel: PTP clock support registered
Aug 08 12:07:31 openeuler-riscv64 kernel: EDAC MC: Ver: 3.0.0
Aug 08 12:07:31 openeuler-riscv64 kernel: NetLabel: Initializing
Aug 08 12:07:31 openeuler-riscv64 kernel: NetLabel:  domain hash size = 128
Aug 08 12:07:31 openeuler-riscv64 kernel: NetLabel:  protocols = UNLABELED CIPSOv4 CALIPSO
Aug 08 12:07:31 openeuler-riscv64 kernel: NetLabel:  unlabeled traffic allowed by default
Aug 08 12:07:31 openeuler-riscv64 kernel: vgaarb: loaded
Aug 08 12:07:31 openeuler-riscv64 kernel: clocksource: Switched to clocksource riscv_clocksource
Aug 08 12:07:31 openeuler-riscv64 kernel: VFS: Disk quotas dquot_6.6.0
Aug 08 12:07:31 openeuler-riscv64 kernel: VFS: Dquot-cache hash table entries: 512 (order 0, 4096 bytes)
Aug 08 12:07:31 openeuler-riscv64 kernel: AppArmor: AppArmor Filesystem Enabled
Aug 08 12:07:31 openeuler-riscv64 kernel: NET: Registered PF_INET protocol family
Aug 08 12:07:31 openeuler-riscv64 kernel: IP idents hash table entries: 65536 (order: 7, 524288 bytes, linear)
Aug 08 12:07:31 openeuler-riscv64 kernel: tcp_listen_portaddr_hash hash table entries: 2048 (order: 3, 32768 bytes, linear)
Aug 08 12:07:31 openeuler-riscv64 kernel: Table-perturb hash table entries: 65536 (order: 6, 262144 bytes, linear)
Aug 08 12:07:31 openeuler-riscv64 kernel: TCP established hash table entries: 32768 (order: 6, 262144 bytes, linear)
Aug 08 12:07:31 openeuler-riscv64 kernel: TCP bind hash table entries: 32768 (order: 8, 1048576 bytes, linear)
Aug 08 12:07:31 openeuler-riscv64 kernel: TCP: Hash tables configured (established 32768 bind 32768)
Aug 08 12:07:31 openeuler-riscv64 kernel: UDP hash table entries: 2048 (order: 4, 65536 bytes, linear)
Aug 08 12:07:31 openeuler-riscv64 kernel: UDP-Lite hash table entries: 2048 (order: 4, 65536 bytes, linear)
Aug 08 12:07:31 openeuler-riscv64 kernel: NET: Registered PF_UNIX/PF_LOCAL protocol family
Aug 08 12:07:31 openeuler-riscv64 kernel: RPC: Registered named UNIX socket transport module.
Aug 08 12:07:31 openeuler-riscv64 kernel: RPC: Registered udp transport module.
Aug 08 12:07:31 openeuler-riscv64 kernel: RPC: Registered tcp transport module.
Aug 08 12:07:31 openeuler-riscv64 kernel: RPC: Registered tcp NFSv4.1 backchannel transport module.
Aug 08 12:07:31 openeuler-riscv64 kernel: PCI: CLS 0 bytes, default 64
Aug 08 12:07:31 openeuler-riscv64 kernel: Initialise system trusted keyrings
Aug 08 12:07:31 openeuler-riscv64 kernel: Key type blacklist registered
Aug 08 12:07:31 openeuler-riscv64 kernel: workingset: timestamp_bits=39 max_order=20 bucket_order=0
Aug 08 12:07:31 openeuler-riscv64 kernel: zbud: loaded
Aug 08 12:07:31 openeuler-riscv64 kernel: NFS: Registering the id_resolver key type
Aug 08 12:07:31 openeuler-riscv64 kernel: Key type id_resolver registered
Aug 08 12:07:31 openeuler-riscv64 kernel: Key type id_legacy registered
Aug 08 12:07:31 openeuler-riscv64 kernel: nfs4filelayout_init: NFSv4 File Layout Driver Registering...
Aug 08 12:07:31 openeuler-riscv64 kernel: 9p: Installing v9fs 9p2000 file system support
Aug 08 12:07:31 openeuler-riscv64 kernel: integrity: Platform Keyring initialized
Aug 08 12:07:31 openeuler-riscv64 kernel: NET: Registered PF_ALG protocol family
Aug 08 12:07:31 openeuler-riscv64 kernel: Key type asymmetric registered
Aug 08 12:07:31 openeuler-riscv64 kernel: Asymmetric key parser 'x509' registered
Aug 08 12:07:31 openeuler-riscv64 kernel: Block layer SCSI generic (bsg) driver version 0.4 loaded (major 245)
Aug 08 12:07:31 openeuler-riscv64 kernel: io scheduler mq-deadline registered
Aug 08 12:07:31 openeuler-riscv64 kernel: io scheduler kyber registered
Aug 08 12:07:31 openeuler-riscv64 kernel: io scheduler bfq registered
Aug 08 12:07:31 openeuler-riscv64 kernel: shpchp: Standard Hot Plug PCI Controller Driver version: 0.4
Aug 08 12:07:31 openeuler-riscv64 kernel: pci-host-generic 30000000.pci: host bridge /soc/pci@30000000 ranges:
Aug 08 12:07:31 openeuler-riscv64 kernel: pci-host-generic 30000000.pci:       IO 0x0003000000..0x000300ffff -> 0x0000000000
Aug 08 12:07:31 openeuler-riscv64 kernel: pci-host-generic 30000000.pci:      MEM 0x0040000000..0x007fffffff -> 0x0040000000
Aug 08 12:07:31 openeuler-riscv64 kernel: pci-host-generic 30000000.pci:      MEM 0x0400000000..0x07ffffffff -> 0x0400000000
Aug 08 12:07:31 openeuler-riscv64 kernel: pci-host-generic 30000000.pci: Memory resource size exceeds max for 32 bits
Aug 08 12:07:31 openeuler-riscv64 kernel: pci-host-generic 30000000.pci: ECAM at [mem 0x30000000-0x3fffffff] for [bus 00-ff]
Aug 08 12:07:31 openeuler-riscv64 kernel: pci-host-generic 30000000.pci: PCI host bridge to bus 0000:00
Aug 08 12:07:31 openeuler-riscv64 kernel: pci_bus 0000:00: root bus resource [bus 00-ff]
Aug 08 12:07:31 openeuler-riscv64 kernel: pci_bus 0000:00: root bus resource [io  0x0000-0xffff]
Aug 08 12:07:31 openeuler-riscv64 kernel: pci_bus 0000:00: root bus resource [mem 0x40000000-0x7fffffff]
Aug 08 12:07:31 openeuler-riscv64 kernel: pci_bus 0000:00: root bus resource [mem 0x400000000-0x7ffffffff]
Aug 08 12:07:31 openeuler-riscv64 kernel: pci 0000:00:00.0: [1b36:0008] type 00 class 0x060000
Aug 08 12:07:31 openeuler-riscv64 kernel: pci 0000:00:01.0: [1b36:000d] type 00 class 0x0c0330
Aug 08 12:07:31 openeuler-riscv64 kernel: pci 0000:00:01.0: reg 0x10: [mem 0x40000000-0x40003fff 64bit]
Aug 08 12:07:31 openeuler-riscv64 kernel: pci 0000:00:02.0: [1af4:1000] type 00 class 0x020000
Aug 08 12:07:31 openeuler-riscv64 kernel: pci 0000:00:02.0: reg 0x10: [io  0x1000-0x101f]
Aug 08 12:07:31 openeuler-riscv64 kernel: pci 0000:00:02.0: reg 0x14: [mem 0x40004000-0x40004fff]
Aug 08 12:07:31 openeuler-riscv64 kernel: pci 0000:00:02.0: reg 0x20: [mem 0x40008000-0x4000bfff 64bit pref]
Aug 08 12:07:31 openeuler-riscv64 kernel: pci 0000:00:02.0: reg 0x30: [mem 0x40040000-0x4007ffff pref]
Aug 08 12:07:31 openeuler-riscv64 kernel: pci 0000:00:02.0: BAR 6: assigned [mem 0x40000000-0x4003ffff pref]
Aug 08 12:07:31 openeuler-riscv64 kernel: pci 0000:00:01.0: BAR 0: assigned [mem 0x400000000-0x400003fff 64bit]
Aug 08 12:07:31 openeuler-riscv64 kernel: pci 0000:00:02.0: BAR 4: assigned [mem 0x400004000-0x400007fff 64bit pref]
Aug 08 12:07:31 openeuler-riscv64 kernel: pci 0000:00:02.0: BAR 1: assigned [mem 0x40040000-0x40040fff]
Aug 08 12:07:31 openeuler-riscv64 kernel: pci 0000:00:02.0: BAR 0: assigned [io  0x0020-0x003f]
Aug 08 12:07:31 openeuler-riscv64 kernel: Serial: 8250/16550 driver, 4 ports, IRQ sharing enabled
Aug 08 12:07:31 openeuler-riscv64 kernel: printk: console [ttyS0] disabled
Aug 08 12:07:31 openeuler-riscv64 kernel: 10000000.serial: ttyS0 at MMIO 0x10000000 (irq = 13, base_baud = 230400) is a 16550A
Aug 08 12:07:31 openeuler-riscv64 kernel: printk: console [ttyS0] enabled
Aug 08 12:07:31 openeuler-riscv64 kernel: printk: bootconsole [ns16550a0] disabled
Aug 08 12:07:31 openeuler-riscv64 kernel: loop: module loaded
Aug 08 12:07:31 openeuler-riscv64 kernel: virtio_blk virtio1: 1/0/0 default/read/poll queues
Aug 08 12:07:31 openeuler-riscv64 kernel: virtio_blk virtio1: [vda] 41943040 512-byte logical blocks (21.5 GB/20.0 GiB)
Aug 08 12:07:31 openeuler-riscv64 kernel:  vda: vda1 vda2
Aug 08 12:07:31 openeuler-riscv64 kernel: rdac: device handler registered
Aug 08 12:07:31 openeuler-riscv64 kernel: hp_sw: device handler registered
Aug 08 12:07:31 openeuler-riscv64 kernel: emc: device handler registered
Aug 08 12:07:31 openeuler-riscv64 kernel: alua: device handler registered
Aug 08 12:07:31 openeuler-riscv64 kernel: e1000e: Intel(R) PRO/1000 Network Driver
Aug 08 12:07:31 openeuler-riscv64 kernel: e1000e: Copyright(c) 1999 - 2015 Intel Corporation.
Aug 08 12:07:31 openeuler-riscv64 kernel: xhci_hcd 0000:00:01.0: xHCI Host Controller
Aug 08 12:07:31 openeuler-riscv64 kernel: xhci_hcd 0000:00:01.0: new USB bus registered, assigned bus number 1
Aug 08 12:07:31 openeuler-riscv64 kernel: xhci_hcd 0000:00:01.0: hcc params 0x00087001 hci version 0x100 quirks 0x0000000000000010
Aug 08 12:07:31 openeuler-riscv64 kernel: xhci_hcd 0000:00:01.0: xHCI Host Controller
Aug 08 12:07:31 openeuler-riscv64 kernel: xhci_hcd 0000:00:01.0: new USB bus registered, assigned bus number 2
Aug 08 12:07:31 openeuler-riscv64 kernel: xhci_hcd 0000:00:01.0: Host supports USB 3.0 SuperSpeed
Aug 08 12:07:31 openeuler-riscv64 kernel: usb usb1: New USB device found, idVendor=1d6b, idProduct=0002, bcdDevice= 6.04
Aug 08 12:07:31 openeuler-riscv64 kernel: usb usb1: New USB device strings: Mfr=3, Product=2, SerialNumber=1
Aug 08 12:07:31 openeuler-riscv64 kernel: usb usb1: Product: xHCI Host Controller
Aug 08 12:07:31 openeuler-riscv64 kernel: usb usb1: Manufacturer: Linux 6.4.0-1.0.0.4.oe2309.riscv64 xhci-hcd
Aug 08 12:07:31 openeuler-riscv64 kernel: usb usb1: SerialNumber: 0000:00:01.0
Aug 08 12:07:31 openeuler-riscv64 kernel: hub 1-0:1.0: USB hub found
Aug 08 12:07:31 openeuler-riscv64 kernel: hub 1-0:1.0: 4 ports detected
Aug 08 12:07:31 openeuler-riscv64 kernel: usb usb2: We don't know the algorithms for LPM for this host, disabling LPM.
Aug 08 12:07:31 openeuler-riscv64 kernel: usb usb2: New USB device found, idVendor=1d6b, idProduct=0003, bcdDevice= 6.04
Aug 08 12:07:31 openeuler-riscv64 kernel: usb usb2: New USB device strings: Mfr=3, Product=2, SerialNumber=1
Aug 08 12:07:31 openeuler-riscv64 kernel: usb usb2: Product: xHCI Host Controller
Aug 08 12:07:31 openeuler-riscv64 kernel: usb usb2: Manufacturer: Linux 6.4.0-1.0.0.4.oe2309.riscv64 xhci-hcd
Aug 08 12:07:31 openeuler-riscv64 kernel: usb usb2: SerialNumber: 0000:00:01.0
Aug 08 12:07:31 openeuler-riscv64 kernel: hub 2-0:1.0: USB hub found
Aug 08 12:07:31 openeuler-riscv64 kernel: hub 2-0:1.0: 4 ports detected
Aug 08 12:07:31 openeuler-riscv64 kernel: usbcore: registered new interface driver uas
Aug 08 12:07:31 openeuler-riscv64 kernel: usbcore: registered new interface driver usb-storage
Aug 08 12:07:31 openeuler-riscv64 kernel: mousedev: PS/2 mouse device common for all mice
Aug 08 12:07:31 openeuler-riscv64 kernel: goldfish_rtc 101000.rtc: registered as rtc0
Aug 08 12:07:31 openeuler-riscv64 kernel: goldfish_rtc 101000.rtc: setting system clock to 2023-08-08T04:07:26 UTC (1691467646)
Aug 08 12:07:31 openeuler-riscv64 kernel: syscon-poweroff poweroff: pm_power_off already claimed for sbi_srst_power_off
Aug 08 12:07:31 openeuler-riscv64 kernel: syscon-poweroff: probe of poweroff failed with error -16
Aug 08 12:07:31 openeuler-riscv64 kernel: sdhci: Secure Digital Host Controller Interface driver
Aug 08 12:07:31 openeuler-riscv64 kernel: sdhci: Copyright(c) Pierre Ossman
Aug 08 12:07:31 openeuler-riscv64 kernel: sdhci-pltfm: SDHCI platform and OF driver helper
Aug 08 12:07:31 openeuler-riscv64 kernel: hid: raw HID events driver (C) Jiri Kosina
Aug 08 12:07:31 openeuler-riscv64 kernel: usbcore: registered new interface driver usbhid
Aug 08 12:07:31 openeuler-riscv64 kernel: usbhid: USB HID core driver
Aug 08 12:07:31 openeuler-riscv64 kernel: riscv-pmu-sbi: SBI PMU extension is available
Aug 08 12:07:31 openeuler-riscv64 kernel: riscv-pmu-sbi: 16 firmware and 18 hardware counters
Aug 08 12:07:31 openeuler-riscv64 kernel: riscv-pmu-sbi: Perf sampling/filtering is not supported as sscof extension is not available
Aug 08 12:07:31 openeuler-riscv64 kernel: NET: Registered PF_INET6 protocol family
Aug 08 12:07:31 openeuler-riscv64 kernel: Segment Routing with IPv6
Aug 08 12:07:31 openeuler-riscv64 kernel: In-situ OAM (IOAM) with IPv6
Aug 08 12:07:31 openeuler-riscv64 kernel: NET: Registered PF_PACKET protocol family
Aug 08 12:07:31 openeuler-riscv64 kernel: 9pnet: Installing 9P2000 support
Aug 08 12:07:31 openeuler-riscv64 kernel: Key type dns_resolver registered
Aug 08 12:07:31 openeuler-riscv64 kernel: registered taskstats version 1
Aug 08 12:07:31 openeuler-riscv64 kernel: Loading compiled-in X.509 certificates
Aug 08 12:07:31 openeuler-riscv64 kernel: Loaded X.509 cert 'Build time autogenerated kernel key: 904ddd42c2a36bffaac812dc3702e2761edee507'
Aug 08 12:07:31 openeuler-riscv64 kernel: kmemleak: Kernel memory leak detector initialized (mem pool available: 15722)
Aug 08 12:07:31 openeuler-riscv64 kernel: kmemleak: Automatic memory scanning thread started
Aug 08 12:07:31 openeuler-riscv64 kernel: usb 1-1: new high-speed USB device number 2 using xhci_hcd
Aug 08 12:07:31 openeuler-riscv64 kernel: Key type encrypted registered
Aug 08 12:07:31 openeuler-riscv64 kernel: AppArmor: AppArmor sha1 policy hashing enabled
Aug 08 12:07:31 openeuler-riscv64 kernel: ima: No TPM chip found, activating TPM-bypass!
Aug 08 12:07:31 openeuler-riscv64 kernel: ima: Allocated hash algorithm: sha256
Aug 08 12:07:31 openeuler-riscv64 kernel: ima: No architecture policies found
Aug 08 12:07:31 openeuler-riscv64 kernel: evm: Initialising EVM extended attributes:
Aug 08 12:07:31 openeuler-riscv64 kernel: evm: security.selinux
Aug 08 12:07:31 openeuler-riscv64 kernel: evm: security.SMACK64 (disabled)
Aug 08 12:07:31 openeuler-riscv64 kernel: evm: security.SMACK64EXEC (disabled)
Aug 08 12:07:31 openeuler-riscv64 kernel: evm: security.SMACK64TRANSMUTE (disabled)
Aug 08 12:07:31 openeuler-riscv64 kernel: evm: security.SMACK64MMAP (disabled)
Aug 08 12:07:31 openeuler-riscv64 kernel: evm: security.apparmor
Aug 08 12:07:31 openeuler-riscv64 kernel: evm: security.ima
Aug 08 12:07:31 openeuler-riscv64 kernel: evm: security.capability
Aug 08 12:07:31 openeuler-riscv64 kernel: evm: HMAC attrs: 0x1
Aug 08 12:07:31 openeuler-riscv64 kernel: usb 1-1: New USB device found, idVendor=0627, idProduct=0001, bcdDevice= 0.00
Aug 08 12:07:31 openeuler-riscv64 kernel: usb 1-1: New USB device strings: Mfr=1, Product=4, SerialNumber=11
Aug 08 12:07:31 openeuler-riscv64 kernel: usb 1-1: Product: QEMU USB Keyboard
Aug 08 12:07:31 openeuler-riscv64 kernel: usb 1-1: Manufacturer: QEMU
Aug 08 12:07:31 openeuler-riscv64 kernel: usb 1-1: SerialNumber: 68284-0000:00:01.0-1
Aug 08 12:07:31 openeuler-riscv64 kernel: input: QEMU QEMU USB Keyboard as /devices/platform/soc/30000000.pci/pci0000:00/0000:00:01.0/usb1/1-1/1-1:1.0/0003:0627:0001.0001/input/input0
Aug 08 12:07:31 openeuler-riscv64 kernel: hid-generic 0003:0627:0001.0001: input,hidraw0: USB HID v1.11 Keyboard [QEMU QEMU USB Keyboard] on usb-0000:00:01.0-1/input0
Aug 08 12:07:31 openeuler-riscv64 kernel: usb 1-2: new high-speed USB device number 3 using xhci_hcd
Aug 08 12:07:31 openeuler-riscv64 kernel: clk: Disabling unused clocks
Aug 08 12:07:31 openeuler-riscv64 kernel: md: Waiting for all devices to be available before autodetect
Aug 08 12:07:31 openeuler-riscv64 kernel: md: If you don't use raid, use raid=noautodetect
Aug 08 12:07:31 openeuler-riscv64 kernel: md: Autodetecting RAID arrays.
Aug 08 12:07:31 openeuler-riscv64 kernel: md: autorun ...
Aug 08 12:07:31 openeuler-riscv64 kernel: md: ... autorun DONE.
Aug 08 12:07:31 openeuler-riscv64 kernel: usb 1-2: New USB device found, idVendor=0627, idProduct=0001, bcdDevice= 0.00
Aug 08 12:07:31 openeuler-riscv64 kernel: usb 1-2: New USB device strings: Mfr=1, Product=3, SerialNumber=10
Aug 08 12:07:31 openeuler-riscv64 kernel: usb 1-2: Product: QEMU USB Tablet
Aug 08 12:07:31 openeuler-riscv64 kernel: usb 1-2: Manufacturer: QEMU
Aug 08 12:07:31 openeuler-riscv64 kernel: usb 1-2: SerialNumber: 28754-0000:00:01.0-2
Aug 08 12:07:31 openeuler-riscv64 kernel: input: QEMU QEMU USB Tablet as /devices/platform/soc/30000000.pci/pci0000:00/0000:00:01.0/usb1/1-2/1-2:1.0/0003:0627:0001.0002/input/input1
Aug 08 12:07:31 openeuler-riscv64 kernel: hid-generic 0003:0627:0001.0002: input,hidraw1: USB HID v0.01 Mouse [QEMU QEMU USB Tablet] on usb-0000:00:01.0-2/input0
Aug 08 12:07:31 openeuler-riscv64 kernel: EXT4-fs (vda2): recovery complete
Aug 08 12:07:31 openeuler-riscv64 kernel: EXT4-fs (vda2): mounted filesystem a1886db6-0994-4172-8eb1-c744ac5bbbc9 r/w with ordered data mode. Quota mode: none.
Aug 08 12:07:31 openeuler-riscv64 kernel: VFS: Mounted root (ext4 filesystem) on device 253:2.
Aug 08 12:07:31 openeuler-riscv64 kernel: devtmpfs: mounted
Aug 08 12:07:31 openeuler-riscv64 kernel: integrity: Unable to open file: /etc/keys/x509_ima.der (-2)
Aug 08 12:07:31 openeuler-riscv64 kernel: integrity: Unable to open file: /etc/keys/x509_evm.der (-2)
Aug 08 12:07:31 openeuler-riscv64 kernel: usb 1-3: new full-speed USB device number 4 using xhci_hcd
Aug 08 12:07:31 openeuler-riscv64 kernel: Freeing unused kernel image (initmem) memory: 2660K
Aug 08 12:07:31 openeuler-riscv64 kernel: Run /sbin/init as init process
Aug 08 12:07:31 openeuler-riscv64 kernel:   with arguments:
Aug 08 12:07:31 openeuler-riscv64 kernel:     /sbin/init
Aug 08 12:07:31 openeuler-riscv64 kernel:   with environment:
Aug 08 12:07:31 openeuler-riscv64 kernel:     HOME=/
Aug 08 12:07:31 openeuler-riscv64 kernel:     TERM=linux
Aug 08 12:07:31 openeuler-riscv64 kernel: usb 1-3: New USB device found, idVendor=46f4, idProduct=0002, bcdDevice= 0.00
Aug 08 12:07:31 openeuler-riscv64 kernel: usb 1-3: New USB device strings: Mfr=1, Product=2, SerialNumber=3
Aug 08 12:07:31 openeuler-riscv64 kernel: usb 1-3: Product: QEMU USB Audio
Aug 08 12:07:31 openeuler-riscv64 kernel: usb 1-3: Manufacturer: QEMU
Aug 08 12:07:31 openeuler-riscv64 kernel: usb 1-3: SerialNumber: 1-0000:00:01.0-3
Aug 08 12:07:31 openeuler-riscv64 systemd[1]: systemd v249-52.oe2309 running in system mode (+PAM +AUDIT +SELINUX -APPARMOR +IMA -SMACK +SECCOMP +GCRYPT +GNUTLS -OPENSSL +ACL +BLKID -CURL -ELFUTILS -FIDO2 +IDN2 -IDN -IPTC +KMOD -LIBCRYPTSETUP +LIBFDISK +PCRE2 -PWQUALITY +P11KIT -QRENCODE +BZIP2 +LZ4 +XZ +ZLIB -ZSTD +XKBCOMMON +UTMP +SYSVINIT default-hierarchy=legacy)
Aug 08 12:07:31 openeuler-riscv64 systemd[1]: Detected architecture riscv64.
Aug 08 12:07:31 openeuler-riscv64 systemd[1]: Hostname set to <openeuler-riscv64>.
Aug 08 12:07:31 openeuler-riscv64 systemd-rc-local-generator[155]: /etc/rc.d/rc.local is not marked executable, skipping.
Aug 08 12:07:31 openeuler-riscv64 kernel: block vda: the capability attribute has been deprecated.
Aug 08 12:07:31 openeuler-riscv64 systemd[1]: /usr/lib/systemd/system/dbus.socket:5: ListenStream= references a path below legacy directory /var/run/, updating /var/run/dbus/system_bus_socket → /run/dbus/system_bus_socket; please update the unit file accordingly.
Aug 08 12:07:31 openeuler-riscv64 systemd[1]: Queued start job for default target Graphical Interface.
Aug 08 12:07:31 openeuler-riscv64 systemd[1]: Created slice Slice /system/getty.
Aug 08 12:07:31 openeuler-riscv64 systemd[1]: Created slice Slice /system/modprobe.
Aug 08 12:07:31 openeuler-riscv64 systemd[1]: Created slice Slice /system/serial-getty.
Aug 08 12:07:31 openeuler-riscv64 systemd[1]: Created slice Slice /system/sshd-keygen.
Aug 08 12:07:31 openeuler-riscv64 systemd[1]: Created slice User and Session Slice.
Aug 08 12:07:31 openeuler-riscv64 systemd[1]: Started Dispatch Password Requests to Console Directory Watch.
Aug 08 12:07:31 openeuler-riscv64 systemd[1]: Started Forward Password Requests to Wall Directory Watch.
Aug 08 12:07:31 openeuler-riscv64 systemd[1]: Set up automount Arbitrary Executable File Formats File System Automount Point.
Aug 08 12:07:31 openeuler-riscv64 systemd[1]: Reached target Path Units.
Aug 08 12:07:31 openeuler-riscv64 systemd[1]: Reached target Remote File Systems.
Aug 08 12:07:31 openeuler-riscv64 systemd[1]: Reached target Slice Units.
Aug 08 12:07:31 openeuler-riscv64 systemd[1]: Reached target Swaps.
Aug 08 12:07:31 openeuler-riscv64 systemd[1]: Listening on Device-mapper event daemon FIFOs.
Aug 08 12:07:31 openeuler-riscv64 systemd[1]: Listening on LVM2 poll daemon socket.
Aug 08 12:07:31 openeuler-riscv64 systemd[1]: Listening on Process Core Dump Socket.
Aug 08 12:07:31 openeuler-riscv64 systemd[1]: Listening on initctl Compatibility Named Pipe.
Aug 08 12:07:31 openeuler-riscv64 systemd[1]: Listening on Journal Socket (/dev/log).
Aug 08 12:07:31 openeuler-riscv64 systemd[1]: Listening on Journal Socket.
Aug 08 12:07:31 openeuler-riscv64 systemd[1]: Listening on udev Control Socket.
Aug 08 12:07:31 openeuler-riscv64 systemd[1]: Listening on udev Kernel Socket.
Aug 08 12:07:31 openeuler-riscv64 systemd[1]: Mounting Huge Pages File System...
Aug 08 12:07:31 openeuler-riscv64 systemd[1]: Mounting POSIX Message Queue File System...
Aug 08 12:07:31 openeuler-riscv64 systemd[1]: Mounting Kernel Debug File System...
Aug 08 12:07:31 openeuler-riscv64 systemd[1]: Mounting Kernel Trace File System...
Aug 08 12:07:31 openeuler-riscv64 systemd[1]: Mounting Temporary Directory /tmp...
Aug 08 12:07:31 openeuler-riscv64 systemd[1]: Starting Create List of Static Device Nodes...
Aug 08 12:07:31 openeuler-riscv64 systemd[1]: Starting Monitoring of LVM2 mirrors, snapshots etc. using dmeventd or progress polling...
Aug 08 12:07:31 openeuler-riscv64 systemd[1]: Starting Load Kernel Module configfs...
Aug 08 12:07:31 openeuler-riscv64 systemd[1]: Starting Load Kernel Module drm...
Aug 08 12:07:31 openeuler-riscv64 systemd[1]: Starting Load Kernel Module fuse...
Aug 08 12:07:31 openeuler-riscv64 systemd[1]: Condition check resulted in Set Up Additional Binary Formats being skipped.
Aug 08 12:07:31 openeuler-riscv64 systemd[1]: Condition check resulted in File System Check on Root Device being skipped.
Aug 08 12:07:31 openeuler-riscv64 systemd[1]: systemd-journald.service: unit configures an IP firewall, but the local system does not support BPF/cgroup firewalling.
Aug 08 12:07:31 openeuler-riscv64 systemd[1]: (This warning is only shown for the first unit using IP firewalling.)
Aug 08 12:07:31 openeuler-riscv64 systemd[1]: Starting Journal Service...
Aug 08 12:07:31 openeuler-riscv64 systemd[1]: Condition check resulted in Load Kernel Modules being skipped.
Aug 08 12:07:31 openeuler-riscv64 systemd[1]: Starting Remount Root and Kernel File Systems...
Aug 08 12:07:31 openeuler-riscv64 systemd[1]: Starting Apply Kernel Variables...
Aug 08 12:07:31 openeuler-riscv64 systemd[1]: Starting Coldplug All udev Devices...
Aug 08 12:07:31 openeuler-riscv64 systemd[1]: Mounted Huge Pages File System.
Aug 08 12:07:31 openeuler-riscv64 systemd[1]: Mounted POSIX Message Queue File System.
Aug 08 12:07:31 openeuler-riscv64 systemd[1]: Mounted Kernel Debug File System.
Aug 08 12:07:31 openeuler-riscv64 systemd[1]: Mounted Kernel Trace File System.
Aug 08 12:07:31 openeuler-riscv64 systemd[1]: Mounted Temporary Directory /tmp.
Aug 08 12:07:31 openeuler-riscv64 systemd[1]: Finished Create List of Static Device Nodes.
Aug 08 12:07:31 openeuler-riscv64 systemd[1]: Finished Monitoring of LVM2 mirrors, snapshots etc. using dmeventd or progress polling.
Aug 08 12:07:31 openeuler-riscv64 systemd[1]: modprobe@configfs.service: Deactivated successfully.
Aug 08 12:07:31 openeuler-riscv64 systemd[1]: Finished Load Kernel Module configfs.
Aug 08 12:07:31 openeuler-riscv64 kernel: EXT4-fs (vda2): re-mounted a1886db6-0994-4172-8eb1-c744ac5bbbc9 r/w. Quota mode: none.
Aug 08 12:07:31 openeuler-riscv64 kernel: fuse: init (API version 7.38)
Aug 08 12:07:31 openeuler-riscv64 systemd[1]: Mounting Kernel Configuration File System...
Aug 08 12:07:31 openeuler-riscv64 systemd[1]: modprobe@fuse.service: Deactivated successfully.
Aug 08 12:07:31 openeuler-riscv64 systemd[1]: Finished Load Kernel Module fuse.
Aug 08 12:07:31 openeuler-riscv64 systemd[1]: Finished Remount Root and Kernel File Systems.
Aug 08 12:07:31 openeuler-riscv64 systemd[1]: Finished Apply Kernel Variables.
Aug 08 12:07:31 openeuler-riscv64 systemd[1]: Mounted Kernel Configuration File System.
Aug 08 12:07:31 openeuler-riscv64 systemd[1]: Mounting FUSE Control File System...
Aug 08 12:07:31 openeuler-riscv64 systemd[1]: Condition check resulted in Rebuild Hardware Database being skipped.
Aug 08 12:07:31 openeuler-riscv64 systemd[1]: Starting Load/Save Random Seed...
Aug 08 12:07:31 openeuler-riscv64 systemd[1]: Condition check resulted in Create System Users being skipped.
Aug 08 12:07:31 openeuler-riscv64 systemd[1]: Starting Create Static Device Nodes in /dev...
Aug 08 12:07:31 openeuler-riscv64 systemd[1]: Mounted FUSE Control File System.
Aug 08 12:07:31 openeuler-riscv64 systemd[1]: modprobe@drm.service: Deactivated successfully.
Aug 08 12:07:31 openeuler-riscv64 systemd-journald[177]: Journal started
░░ Subject: The journal has been started
░░ Defined-By: systemd
░░ Support: https://lists.freedesktop.org/mailman/listinfo/systemd-devel
░░ 
░░ The system journal process has started up, opened the journal
░░ files for writing and is now ready to process requests.
Aug 08 12:07:31 openeuler-riscv64 systemd-journald[177]: Runtime Journal (/run/log/journal/e83fe25b1fbc4fca83c888279c7a036f) is 8.0M, max 78.1M, 70.1M free.
░░ Subject: Disk space used by the journal
░░ Defined-By: systemd
░░ Support: https://lists.freedesktop.org/mailman/listinfo/systemd-devel
░░ 
░░ Runtime Journal (/run/log/journal/e83fe25b1fbc4fca83c888279c7a036f) is currently using 8.0M.
░░ Maximum allowed usage is set to 78.1M.
░░ Leaving at least 39.0M free (of currently available 773.3M of disk space).
░░ Enforced usage limit is thus 78.1M, of which 70.1M are still available.
░░ 
░░ The limits controlling how much disk space is used by the journal may
░░ be configured with SystemMaxUse=, SystemKeepFree=, SystemMaxFileSize=,
░░ RuntimeMaxUse=, RuntimeKeepFree=, RuntimeMaxFileSize= settings in
░░ /etc/systemd/journald.conf. See journald.conf(5) for details.
Aug 08 12:07:31 openeuler-riscv64 systemd[1]: Finished Load Kernel Module drm.
Aug 08 12:07:31 openeuler-riscv64 systemd[1]: Started Journal Service.
Aug 08 12:07:31 openeuler-riscv64 systemd[1]: Finished Load/Save Random Seed.
░░ Subject: A start job for unit systemd-random-seed.service has finished successfully
░░ Defined-By: systemd
░░ Support: https://lists.freedesktop.org/mailman/listinfo/systemd-devel
░░ 
░░ A start job for unit systemd-random-seed.service has finished successfully.
░░ 
░░ The job identifier is 45.
Aug 08 12:07:31 openeuler-riscv64 systemd-tmpfiles[195]: /usr/lib/tmpfiles.d/dbus.conf:13: Line references path below legacy directory /var/run/, updating /var/run/dbus/containers → /run/dbus/containers; please update the tmpfiles.d/ drop-in file accordingly.
Aug 08 12:07:31 openeuler-riscv64 systemd[1]: Condition check resulted in First Boot Complete being skipped.
░░ Subject: A start job for unit first-boot-complete.target has finished successfully
░░ Defined-By: systemd
░░ Support: https://lists.freedesktop.org/mailman/listinfo/systemd-devel
░░ 
░░ A start job for unit first-boot-complete.target has finished successfully.
░░ 
░░ The job identifier is 46.
Aug 08 12:07:31 openeuler-riscv64 systemd[1]: Starting Flush Journal to Persistent Storage...
░░ Subject: A start job for unit systemd-journal-flush.service has begun execution
░░ Defined-By: systemd
░░ Support: https://lists.freedesktop.org/mailman/listinfo/systemd-devel
░░ 
░░ A start job for unit systemd-journal-flush.service has begun execution.
░░ 
░░ The job identifier is 50.
Aug 08 12:07:31 openeuler-riscv64 systemd[1]: Finished Create Static Device Nodes in /dev.
░░ Subject: A start job for unit systemd-tmpfiles-setup-dev.service has finished successfully
░░ Defined-By: systemd
░░ Support: https://lists.freedesktop.org/mailman/listinfo/systemd-devel
░░ 
░░ A start job for unit systemd-tmpfiles-setup-dev.service has finished successfully.
░░ 
░░ The job identifier is 52.
Aug 08 12:07:31 openeuler-riscv64 systemd[1]: Reached target Preparation for Local File Systems.
░░ Subject: A start job for unit local-fs-pre.target has finished successfully
░░ Defined-By: systemd
░░ Support: https://lists.freedesktop.org/mailman/listinfo/systemd-devel
░░ 
░░ A start job for unit local-fs-pre.target has finished successfully.
░░ 
░░ The job identifier is 31.
Aug 08 12:07:31 openeuler-riscv64 systemd-journald[177]: Runtime Journal (/run/log/journal/e83fe25b1fbc4fca83c888279c7a036f) is 8.0M, max 78.1M, 70.1M free.
░░ Subject: Disk space used by the journal
░░ Defined-By: systemd
░░ Support: https://lists.freedesktop.org/mailman/listinfo/systemd-devel
░░ 
░░ Runtime Journal (/run/log/journal/e83fe25b1fbc4fca83c888279c7a036f) is currently using 8.0M.
░░ Maximum allowed usage is set to 78.1M.
░░ Leaving at least 39.0M free (of currently available 773.3M of disk space).
░░ Enforced usage limit is thus 78.1M, of which 70.1M are still available.
░░ 
░░ The limits controlling how much disk space is used by the journal may
░░ be configured with SystemMaxUse=, SystemKeepFree=, SystemMaxFileSize=,
░░ RuntimeMaxUse=, RuntimeKeepFree=, RuntimeMaxFileSize= settings in
░░ /etc/systemd/journald.conf. See journald.conf(5) for details.
Aug 08 12:07:31 openeuler-riscv64 systemd[1]: Starting Rule-based Manager for Device Events and Files...
░░ Subject: A start job for unit systemd-udevd.service has begun execution
░░ Defined-By: systemd
░░ Support: https://lists.freedesktop.org/mailman/listinfo/systemd-devel
░░ 
░░ A start job for unit systemd-udevd.service has begun execution.
░░ 
░░ The job identifier is 18.
Aug 08 12:07:31 openeuler-riscv64 systemd[1]: Finished Flush Journal to Persistent Storage.
░░ Subject: A start job for unit systemd-journal-flush.service has finished successfully
░░ Defined-By: systemd
░░ Support: https://lists.freedesktop.org/mailman/listinfo/systemd-devel
░░ 
░░ A start job for unit systemd-journal-flush.service has finished successfully.
░░ 
░░ The job identifier is 50.
Aug 08 12:07:32 openeuler-riscv64 systemd[1]: Started Rule-based Manager for Device Events and Files.
░░ Subject: A start job for unit systemd-udevd.service has finished successfully
░░ Defined-By: systemd
░░ Support: https://lists.freedesktop.org/mailman/listinfo/systemd-devel
░░ 
░░ A start job for unit systemd-udevd.service has finished successfully.
░░ 
░░ The job identifier is 18.
Aug 08 12:07:32 openeuler-riscv64 systemd[1]: Finished Coldplug All udev Devices.
░░ Subject: A start job for unit systemd-udev-trigger.service has finished successfully
░░ Defined-By: systemd
░░ Support: https://lists.freedesktop.org/mailman/listinfo/systemd-devel
░░ 
░░ A start job for unit systemd-udev-trigger.service has finished successfully.
░░ 
░░ The job identifier is 51.
Aug 08 12:07:32 openeuler-riscv64 systemd[1]: Found device /dev/ttyS0.
░░ Subject: A start job for unit dev-ttyS0.device has finished successfully
░░ Defined-By: systemd
░░ Support: https://lists.freedesktop.org/mailman/listinfo/systemd-devel
░░ 
░░ A start job for unit dev-ttyS0.device has finished successfully.
░░ 
░░ The job identifier is 86.
Aug 08 12:07:33 openeuler-riscv64 kernel: physmap-flash 20000000.flash: physmap platform flash device: [mem 0x20000000-0x21ffffff]
Aug 08 12:07:33 openeuler-riscv64 kernel: 20000000.flash: Found 2 x16 devices at 0x0 in 32-bit bank. Manufacturer ID 0x000000 Chip ID 0x000000
Aug 08 12:07:33 openeuler-riscv64 kernel: Intel/Sharp Extended Query Table at 0x0031
Aug 08 12:07:33 openeuler-riscv64 kernel: Using buffer write method
Aug 08 12:07:33 openeuler-riscv64 kernel: erase region 0: offset=0x0,size=0x40000,blocks=128
Aug 08 12:07:33 openeuler-riscv64 kernel: physmap-flash 20000000.flash: physmap platform flash device: [mem 0x22000000-0x23ffffff]
Aug 08 12:07:33 openeuler-riscv64 kernel: 20000000.flash: Found 2 x16 devices at 0x0 in 32-bit bank. Manufacturer ID 0x000000 Chip ID 0x000000
Aug 08 12:07:33 openeuler-riscv64 kernel: Intel/Sharp Extended Query Table at 0x0031
Aug 08 12:07:33 openeuler-riscv64 kernel: Using buffer write method
Aug 08 12:07:33 openeuler-riscv64 kernel: erase region 0: offset=0x0,size=0x40000,blocks=128
Aug 08 12:07:33 openeuler-riscv64 kernel: Concatenating MTD devices:
Aug 08 12:07:33 openeuler-riscv64 kernel: (0): "20000000.flash"
Aug 08 12:07:33 openeuler-riscv64 kernel: (1): "20000000.flash"
Aug 08 12:07:33 openeuler-riscv64 kernel: into device "20000000.flash"
Aug 08 12:07:33 openeuler-riscv64 systemd[1]: Found device /dev/disk/by-uuid/4698-ABF5.
░░ Subject: A start job for unit dev-disk-by\x2duuid-4698\x2dABF5.device has finished successfully
░░ Defined-By: systemd
░░ Support: https://lists.freedesktop.org/mailman/listinfo/systemd-devel
░░ 
░░ A start job for unit dev-disk-by\x2duuid-4698\x2dABF5.device has finished successfully.
░░ 
░░ The job identifier is 28.
Aug 08 12:07:33 openeuler-riscv64 systemd-udevd[210]: Using default interface naming scheme 'v249'.
Aug 08 12:07:33 openeuler-riscv64 systemd[1]: Mounting /boot...
░░ Subject: A start job for unit boot.mount has begun execution
░░ Defined-By: systemd
░░ Support: https://lists.freedesktop.org/mailman/listinfo/systemd-devel
░░ 
░░ A start job for unit boot.mount has begun execution.
░░ 
░░ The job identifier is 27.
Aug 08 12:07:33 openeuler-riscv64 kernel: virtio_net virtio2 enp0s2: renamed from eth0
Aug 08 12:07:33 openeuler-riscv64 kernel: FAT-fs (vda1): Volume was not properly unmounted. Some data may be corrupt. Please run fsck.
Aug 08 12:07:33 openeuler-riscv64 systemd[1]: Mounted /boot.
░░ Subject: A start job for unit boot.mount has finished successfully
░░ Defined-By: systemd
░░ Support: https://lists.freedesktop.org/mailman/listinfo/systemd-devel
░░ 
░░ A start job for unit boot.mount has finished successfully.
░░ 
░░ The job identifier is 27.
Aug 08 12:07:33 openeuler-riscv64 systemd[1]: Reached target Local File Systems.
░░ Subject: A start job for unit local-fs.target has finished successfully
░░ Defined-By: systemd
░░ Support: https://lists.freedesktop.org/mailman/listinfo/systemd-devel
░░ 
░░ A start job for unit local-fs.target has finished successfully.
░░ 
░░ The job identifier is 26.
Aug 08 12:07:33 openeuler-riscv64 systemd[1]: Condition check resulted in Rebuild Dynamic Linker Cache being skipped.
░░ Subject: A start job for unit ldconfig.service has finished successfully
░░ Defined-By: systemd
░░ Support: https://lists.freedesktop.org/mailman/listinfo/systemd-devel
░░ 
░░ A start job for unit ldconfig.service has finished successfully.
░░ 
░░ The job identifier is 13.
Aug 08 12:07:33 openeuler-riscv64 systemd[1]: Condition check resulted in Commit a transient machine-id on disk being skipped.
░░ Subject: A start job for unit systemd-machine-id-commit.service has finished successfully
░░ Defined-By: systemd
░░ Support: https://lists.freedesktop.org/mailman/listinfo/systemd-devel
░░ 
░░ A start job for unit systemd-machine-id-commit.service has finished successfully.
░░ 
░░ The job identifier is 41.
Aug 08 12:07:33 openeuler-riscv64 systemd-udevd[210]: eth0: Network interface 2 is renamed from 'eth0' to 'enp0s2'
Aug 08 12:07:33 openeuler-riscv64 systemd[1]: Starting Create Volatile Files and Directories...
░░ Subject: A start job for unit systemd-tmpfiles-setup.service has begun execution
░░ Defined-By: systemd
░░ Support: https://lists.freedesktop.org/mailman/listinfo/systemd-devel
░░ 
░░ A start job for unit systemd-tmpfiles-setup.service has begun execution.
░░ 
░░ The job identifier is 17.
Aug 08 12:07:33 openeuler-riscv64 systemd-tmpfiles[245]: /usr/lib/tmpfiles.d/dbus.conf:13: Line references path below legacy directory /var/run/, updating /var/run/dbus/containers → /run/dbus/containers; please update the tmpfiles.d/ drop-in file accordingly.
Aug 08 12:07:33 openeuler-riscv64 kernel: mc: Linux media interface: v0.10
Aug 08 12:07:33 openeuler-riscv64 systemd-udevd[214]: Using default interface naming scheme 'v249'.
Aug 08 12:07:33 openeuler-riscv64 systemd[1]: Finished Create Volatile Files and Directories.
░░ Subject: A start job for unit systemd-tmpfiles-setup.service has finished successfully
░░ Defined-By: systemd
░░ Support: https://lists.freedesktop.org/mailman/listinfo/systemd-devel
░░ 
░░ A start job for unit systemd-tmpfiles-setup.service has finished successfully.
░░ 
░░ The job identifier is 17.
Aug 08 12:07:33 openeuler-riscv64 systemd[1]: Condition check resulted in Rebuild Journal Catalog being skipped.
░░ Subject: A start job for unit systemd-journal-catalog-update.service has finished successfully
░░ Defined-By: systemd
░░ Support: https://lists.freedesktop.org/mailman/listinfo/systemd-devel
░░ 
░░ A start job for unit systemd-journal-catalog-update.service has finished successfully.
░░ 
░░ The job identifier is 40.
Aug 08 12:07:33 openeuler-riscv64 systemd[1]: Condition check resulted in Update is Completed being skipped.
░░ Subject: A start job for unit systemd-update-done.service has finished successfully
░░ Defined-By: systemd
░░ Support: https://lists.freedesktop.org/mailman/listinfo/systemd-devel
░░ 
░░ A start job for unit systemd-update-done.service has finished successfully.
░░ 
░░ The job identifier is 38.
Aug 08 12:07:34 openeuler-riscv64 systemd[1]: Starting Record System Boot/Shutdown in UTMP...
░░ Subject: A start job for unit systemd-update-utmp.service has begun execution
░░ Defined-By: systemd
░░ Support: https://lists.freedesktop.org/mailman/listinfo/systemd-devel
░░ 
░░ A start job for unit systemd-update-utmp.service has begun execution.
░░ 
░░ The job identifier is 95.
Aug 08 12:07:34 openeuler-riscv64 systemd[1]: Finished Record System Boot/Shutdown in UTMP.
░░ Subject: A start job for unit systemd-update-utmp.service has finished successfully
░░ Defined-By: systemd
░░ Support: https://lists.freedesktop.org/mailman/listinfo/systemd-devel
░░ 
░░ A start job for unit systemd-update-utmp.service has finished successfully.
░░ 
░░ The job identifier is 95.
Aug 08 12:07:34 openeuler-riscv64 systemd[1]: Reached target System Initialization.
░░ Subject: A start job for unit sysinit.target has finished successfully
░░ Defined-By: systemd
░░ Support: https://lists.freedesktop.org/mailman/listinfo/systemd-devel
░░ 
░░ A start job for unit sysinit.target has finished successfully.
░░ 
░░ The job identifier is 6.
Aug 08 12:07:34 openeuler-riscv64 systemd[1]: Started dnf makecache --timer.
░░ Subject: A start job for unit dnf-makecache.timer has finished successfully
░░ Defined-By: systemd
░░ Support: https://lists.freedesktop.org/mailman/listinfo/systemd-devel
░░ 
░░ A start job for unit dnf-makecache.timer has finished successfully.
░░ 
░░ The job identifier is 68.
Aug 08 12:07:34 openeuler-riscv64 systemd[1]: Started Daily Cleanup of Temporary Directories.
░░ Subject: A start job for unit systemd-tmpfiles-clean.timer has finished successfully
░░ Defined-By: systemd
░░ Support: https://lists.freedesktop.org/mailman/listinfo/systemd-devel
░░ 
░░ A start job for unit systemd-tmpfiles-clean.timer has finished successfully.
░░ 
░░ The job identifier is 67.
Aug 08 12:07:34 openeuler-riscv64 systemd[1]: Reached target Timer Units.
░░ Subject: A start job for unit timers.target has finished successfully
░░ Defined-By: systemd
░░ Support: https://lists.freedesktop.org/mailman/listinfo/systemd-devel
░░ 
░░ A start job for unit timers.target has finished successfully.
░░ 
░░ The job identifier is 66.
Aug 08 12:07:34 openeuler-riscv64 systemd[1]: Listening on D-Bus System Message Bus Socket.
░░ Subject: A start job for unit dbus.socket has finished successfully
░░ Defined-By: systemd
░░ Support: https://lists.freedesktop.org/mailman/listinfo/systemd-devel
░░ 
░░ A start job for unit dbus.socket has finished successfully.
░░ 
░░ The job identifier is 62.
Aug 08 12:07:34 openeuler-riscv64 systemd[1]: Reached target Socket Units.
░░ Subject: A start job for unit sockets.target has finished successfully
░░ Defined-By: systemd
░░ Support: https://lists.freedesktop.org/mailman/listinfo/systemd-devel
░░ 
░░ A start job for unit sockets.target has finished successfully.
░░ 
░░ The job identifier is 60.
Aug 08 12:07:34 openeuler-riscv64 systemd[1]: Reached target Basic System.
░░ Subject: A start job for unit basic.target has finished successfully
░░ Defined-By: systemd
░░ Support: https://lists.freedesktop.org/mailman/listinfo/systemd-devel
░░ 
░░ A start job for unit basic.target has finished successfully.
░░ 
░░ The job identifier is 3.
Aug 08 12:07:34 openeuler-riscv64 systemd[1]: System is tainted: cgroupsv1
░░ Subject: The system is configured in a way that might cause problems
░░ Defined-By: systemd
░░ Support: https://lists.freedesktop.org/mailman/listinfo/systemd-devel
░░ 
░░ The following "tags" are possible:
░░ - "split-usr" — /usr is a separate file system and was not mounted when systemd
░░   was booted
░░ - "cgroups-missing" — the kernel was compiled without cgroup support or access
░░   to expected interface files is restricted
░░ - "var-run-bad" — /var/run is not a symlink to /run
░░ - "overflowuid-not-65534" — the kernel user ID used for "unknown" users (with
░░   NFS or user namespaces) is not 65534
░░ - "overflowgid-not-65534" — the kernel group ID used for "unknown" users (with
░░   NFS or user namespaces) is not 65534
░░ Current system is tagged as cgroupsv1.
Aug 08 12:07:34 openeuler-riscv64 systemd[1]: Starting D-Bus System Message Bus...
░░ Subject: A start job for unit dbus.service has begun execution
░░ Defined-By: systemd
░░ Support: https://lists.freedesktop.org/mailman/listinfo/systemd-devel
░░ 
░░ A start job for unit dbus.service has begun execution.
░░ 
░░ The job identifier is 96.
Aug 08 12:07:34 openeuler-riscv64 systemd[1]: Starting Restore /run/initramfs on shutdown...
░░ Subject: A start job for unit dracut-shutdown.service has begun execution
░░ Defined-By: systemd
░░ Support: https://lists.freedesktop.org/mailman/listinfo/systemd-devel
░░ 
░░ A start job for unit dracut-shutdown.service has begun execution.
░░ 
░░ The job identifier is 55.
Aug 08 12:07:34 openeuler-riscv64 systemd[1]: Starting Update RTC With System Clock...
░░ Subject: A start job for unit hwclock-save.service has begun execution
░░ Defined-By: systemd
░░ Support: https://lists.freedesktop.org/mailman/listinfo/systemd-devel
░░ 
░░ A start job for unit hwclock-save.service has begun execution.
░░ 
░░ The job identifier is 49.
Aug 08 12:07:34 openeuler-riscv64 systemd[1]: Condition check resulted in OpenSSH ecdsa Server Key Generation being skipped.
░░ Subject: A start job for unit sshd-keygen@ecdsa.service has finished successfully
░░ Defined-By: systemd
░░ Support: https://lists.freedesktop.org/mailman/listinfo/systemd-devel
░░ 
░░ A start job for unit sshd-keygen@ecdsa.service has finished successfully.
░░ 
░░ The job identifier is 75.
Aug 08 12:07:34 openeuler-riscv64 systemd[1]: Condition check resulted in OpenSSH ed25519 Server Key Generation being skipped.
░░ Subject: A start job for unit sshd-keygen@ed25519.service has finished successfully
░░ Defined-By: systemd
░░ Support: https://lists.freedesktop.org/mailman/listinfo/systemd-devel
░░ 
░░ A start job for unit sshd-keygen@ed25519.service has finished successfully.
░░ 
░░ The job identifier is 77.
Aug 08 12:07:34 openeuler-riscv64 systemd[1]: Condition check resulted in OpenSSH rsa Server Key Generation being skipped.
░░ Subject: A start job for unit sshd-keygen@rsa.service has finished successfully
░░ Defined-By: systemd
░░ Support: https://lists.freedesktop.org/mailman/listinfo/systemd-devel
░░ 
░░ A start job for unit sshd-keygen@rsa.service has finished successfully.
░░ 
░░ The job identifier is 78.
Aug 08 12:07:34 openeuler-riscv64 systemd[1]: Reached target sshd-keygen.target.
░░ Subject: A start job for unit sshd-keygen.target has finished successfully
░░ Defined-By: systemd
░░ Support: https://lists.freedesktop.org/mailman/listinfo/systemd-devel
░░ 
░░ A start job for unit sshd-keygen.target has finished successfully.
░░ 
░░ The job identifier is 74.
Aug 08 12:07:34 openeuler-riscv64 systemd[1]: Starting User Login Management...
░░ Subject: A start job for unit systemd-logind.service has begun execution
░░ Defined-By: systemd
░░ Support: https://lists.freedesktop.org/mailman/listinfo/systemd-devel
░░ 
░░ A start job for unit systemd-logind.service has begun execution.
░░ 
░░ The job identifier is 91.
Aug 08 12:07:34 openeuler-riscv64 systemd[1]: Finished Restore /run/initramfs on shutdown.
░░ Subject: A start job for unit dracut-shutdown.service has finished successfully
░░ Defined-By: systemd
░░ Support: https://lists.freedesktop.org/mailman/listinfo/systemd-devel
░░ 
░░ A start job for unit dracut-shutdown.service has finished successfully.
░░ 
░░ The job identifier is 55.
Aug 08 12:07:34 openeuler-riscv64 systemd[1]: Finished Update RTC With System Clock.
░░ Subject: A start job for unit hwclock-save.service has finished successfully
░░ Defined-By: systemd
░░ Support: https://lists.freedesktop.org/mailman/listinfo/systemd-devel
░░ 
░░ A start job for unit hwclock-save.service has finished successfully.
░░ 
░░ The job identifier is 49.
Aug 08 12:07:34 openeuler-riscv64 systemd[1]: Started D-Bus System Message Bus.
░░ Subject: A start job for unit dbus.service has finished successfully
░░ Defined-By: systemd
░░ Support: https://lists.freedesktop.org/mailman/listinfo/systemd-devel
░░ 
░░ A start job for unit dbus.service has finished successfully.
░░ 
░░ The job identifier is 96.
Aug 08 12:07:34 openeuler-riscv64 systemd[1]: Starting Network Manager...
░░ Subject: A start job for unit NetworkManager.service has begun execution
░░ Defined-By: systemd
░░ Support: https://lists.freedesktop.org/mailman/listinfo/systemd-devel
░░ 
░░ A start job for unit NetworkManager.service has begun execution.
░░ 
░░ The job identifier is 71.
Aug 08 12:07:34 openeuler-riscv64 kernel: usb 1-3: unknown interface protocol 0x4, assuming v1
Aug 08 12:07:34 openeuler-riscv64 kernel: usbcore: registered new interface driver snd-usb-audio
Aug 08 12:07:35 openeuler-riscv64 systemd[1]: Reached target Sound Card.
░░ Subject: A start job for unit sound.target has finished successfully
░░ Defined-By: systemd
░░ Support: https://lists.freedesktop.org/mailman/listinfo/systemd-devel
░░ 
░░ A start job for unit sound.target has finished successfully.
░░ 
░░ The job identifier is 97.
Aug 08 12:07:35 openeuler-riscv64 NetworkManager[259]: <info>  [1691467655.3492] NetworkManager (version 1.32.12-18.oe2309) is starting... (for the first time)
Aug 08 12:07:35 openeuler-riscv64 NetworkManager[259]: <info>  [1691467655.3522] Read config: /etc/NetworkManager/NetworkManager.conf
Aug 08 12:07:35 openeuler-riscv64 systemd-logind[258]: Watching system buttons on /dev/input/event0 (QEMU QEMU USB Keyboard)
Aug 08 12:07:35 openeuler-riscv64 systemd-logind[258]: New seat seat0.
░░ Subject: A new seat seat0 is now available
░░ Defined-By: systemd
░░ Support: https://lists.freedesktop.org/mailman/listinfo/systemd-devel
░░ Documentation: sd-login(3)
░░ 
░░ A new seat seat0 has been configured and is now available.
Aug 08 12:07:35 openeuler-riscv64 NetworkManager[259]: <info>  [1691467655.4666] bus-manager: acquired D-Bus service "org.freedesktop.NetworkManager"
Aug 08 12:07:35 openeuler-riscv64 systemd[1]: Started User Login Management.
░░ Subject: A start job for unit systemd-logind.service has finished successfully
░░ Defined-By: systemd
░░ Support: https://lists.freedesktop.org/mailman/listinfo/systemd-devel
░░ 
░░ A start job for unit systemd-logind.service has finished successfully.
░░ 
░░ The job identifier is 91.
Aug 08 12:07:35 openeuler-riscv64 systemd[1]: Started Network Manager.
░░ Subject: A start job for unit NetworkManager.service has finished successfully
░░ Defined-By: systemd
░░ Support: https://lists.freedesktop.org/mailman/listinfo/systemd-devel
░░ 
░░ A start job for unit NetworkManager.service has finished successfully.
░░ 
░░ The job identifier is 71.
Aug 08 12:07:35 openeuler-riscv64 systemd[1]: Reached target Network.
░░ Subject: A start job for unit network.target has finished successfully
░░ Defined-By: systemd
░░ Support: https://lists.freedesktop.org/mailman/listinfo/systemd-devel
░░ 
░░ A start job for unit network.target has finished successfully.
░░ 
░░ The job identifier is 72.
Aug 08 12:07:35 openeuler-riscv64 systemd[1]: Starting Network Manager Wait Online...
░░ Subject: A start job for unit NetworkManager-wait-online.service has begun execution
░░ Defined-By: systemd
░░ Support: https://lists.freedesktop.org/mailman/listinfo/systemd-devel
░░ 
░░ A start job for unit NetworkManager-wait-online.service has begun execution.
░░ 
░░ The job identifier is 70.
Aug 08 12:07:35 openeuler-riscv64 systemd[1]: Starting OpenSSH server daemon...
░░ Subject: A start job for unit sshd.service has begun execution
░░ Defined-By: systemd
░░ Support: https://lists.freedesktop.org/mailman/listinfo/systemd-devel
░░ 
░░ A start job for unit sshd.service has begun execution.
░░ 
░░ The job identifier is 73.
Aug 08 12:07:35 openeuler-riscv64 systemd[1]: Starting Permit User Sessions...
░░ Subject: A start job for unit systemd-user-sessions.service has begun execution
░░ Defined-By: systemd
░░ Support: https://lists.freedesktop.org/mailman/listinfo/systemd-devel
░░ 
░░ A start job for unit systemd-user-sessions.service has begun execution.
░░ 
░░ The job identifier is 88.
Aug 08 12:07:35 openeuler-riscv64 NetworkManager[259]: <info>  [1691467655.6447] manager[0x2ad3d9d000]: monitoring kernel firmware directory '/lib/firmware'.
Aug 08 12:07:35 openeuler-riscv64 dbus-daemon[253]: [system] Activating via systemd: service name='org.freedesktop.hostname1' unit='dbus-org.freedesktop.hostname1.service' requested by ':1.1' (uid=0 pid=259 comm="/usr/sbin/NetworkManager --no-daemon")
Aug 08 12:07:35 openeuler-riscv64 systemd[1]: Starting Hostname Service...
░░ Subject: A start job for unit systemd-hostnamed.service has begun execution
░░ Defined-By: systemd
░░ Support: https://lists.freedesktop.org/mailman/listinfo/systemd-devel
░░ 
░░ A start job for unit systemd-hostnamed.service has begun execution.
░░ 
░░ The job identifier is 99.
Aug 08 12:07:35 openeuler-riscv64 systemd[1]: Finished Permit User Sessions.
░░ Subject: A start job for unit systemd-user-sessions.service has finished successfully
░░ Defined-By: systemd
░░ Support: https://lists.freedesktop.org/mailman/listinfo/systemd-devel
░░ 
░░ A start job for unit systemd-user-sessions.service has finished successfully.
░░ 
░░ The job identifier is 88.
Aug 08 12:07:35 openeuler-riscv64 systemd[1]: Started Command Scheduler.
░░ Subject: A start job for unit crond.service has finished successfully
░░ Defined-By: systemd
░░ Support: https://lists.freedesktop.org/mailman/listinfo/systemd-devel
░░ 
░░ A start job for unit crond.service has finished successfully.
░░ 
░░ The job identifier is 89.
Aug 08 12:07:35 openeuler-riscv64 systemd[1]: Started Getty on tty1.
░░ Subject: A start job for unit getty@tty1.service has finished successfully
░░ Defined-By: systemd
░░ Support: https://lists.freedesktop.org/mailman/listinfo/systemd-devel
░░ 
░░ A start job for unit getty@tty1.service has finished successfully.
░░ 
░░ The job identifier is 80.
Aug 08 12:07:35 openeuler-riscv64 crond[271]: (CRON) STARTUP (1.6.1)
Aug 08 12:07:35 openeuler-riscv64 crond[271]: (CRON) INFO (Syslog will be used instead of sendmail.)
Aug 08 12:07:35 openeuler-riscv64 crond[271]: (CRON) INFO (RANDOM_DELAY will be scaled with factor 31% if used.)
Aug 08 12:07:35 openeuler-riscv64 crond[271]: (CRON) INFO (running with inotify support)
Aug 08 12:07:35 openeuler-riscv64 systemd[1]: Started Serial Getty on ttyS0.
░░ Subject: A start job for unit serial-getty@ttyS0.service has finished successfully
░░ Defined-By: systemd
░░ Support: https://lists.freedesktop.org/mailman/listinfo/systemd-devel
░░ 
░░ A start job for unit serial-getty@ttyS0.service has finished successfully.
░░ 
░░ The job identifier is 84.
Aug 08 12:07:35 openeuler-riscv64 systemd[1]: Reached target Login Prompts.
░░ Subject: A start job for unit getty.target has finished successfully
░░ Defined-By: systemd
░░ Support: https://lists.freedesktop.org/mailman/listinfo/systemd-devel
░░ 
░░ A start job for unit getty.target has finished successfully.
░░ 
░░ The job identifier is 79.
Aug 08 12:07:36 openeuler-riscv64 sshd[263]: Server listening on 0.0.0.0 port 22.
Aug 08 12:07:36 openeuler-riscv64 sshd[263]: Server listening on :: port 22.
Aug 08 12:07:36 openeuler-riscv64 systemd[1]: Started OpenSSH server daemon.
░░ Subject: A start job for unit sshd.service has finished successfully
░░ Defined-By: systemd
░░ Support: https://lists.freedesktop.org/mailman/listinfo/systemd-devel
░░ 
░░ A start job for unit sshd.service has finished successfully.
░░ 
░░ The job identifier is 73.
Aug 08 12:07:36 openeuler-riscv64 systemd[1]: Reached target Multi-User System.
░░ Subject: A start job for unit multi-user.target has finished successfully
░░ Defined-By: systemd
░░ Support: https://lists.freedesktop.org/mailman/listinfo/systemd-devel
░░ 
░░ A start job for unit multi-user.target has finished successfully.
░░ 
░░ The job identifier is 2.
Aug 08 12:07:36 openeuler-riscv64 systemd[1]: Reached target Graphical Interface.
░░ Subject: A start job for unit graphical.target has finished successfully
░░ Defined-By: systemd
░░ Support: https://lists.freedesktop.org/mailman/listinfo/systemd-devel
░░ 
░░ A start job for unit graphical.target has finished successfully.
░░ 
░░ The job identifier is 1.
Aug 08 12:07:36 openeuler-riscv64 systemd[1]: Starting Record Runlevel Change in UTMP...
░░ Subject: A start job for unit systemd-update-utmp-runlevel.service has begun execution
░░ Defined-By: systemd
░░ Support: https://lists.freedesktop.org/mailman/listinfo/systemd-devel
░░ 
░░ A start job for unit systemd-update-utmp-runlevel.service has begun execution.
░░ 
░░ The job identifier is 94.
Aug 08 12:07:36 openeuler-riscv64 systemd[1]: systemd-update-utmp-runlevel.service: Deactivated successfully.
░░ Subject: Unit succeeded
░░ Defined-By: systemd
░░ Support: https://lists.freedesktop.org/mailman/listinfo/systemd-devel
░░ 
░░ The unit systemd-update-utmp-runlevel.service has successfully entered the 'dead' state.
Aug 08 12:07:36 openeuler-riscv64 systemd[1]: Finished Record Runlevel Change in UTMP.
░░ Subject: A start job for unit systemd-update-utmp-runlevel.service has finished successfully
░░ Defined-By: systemd
░░ Support: https://lists.freedesktop.org/mailman/listinfo/systemd-devel
░░ 
░░ A start job for unit systemd-update-utmp-runlevel.service has finished successfully.
░░ 
░░ The job identifier is 94.
Aug 08 12:07:36 openeuler-riscv64 dbus-daemon[253]: [system] Successfully activated service 'org.freedesktop.hostname1'
Aug 08 12:07:36 openeuler-riscv64 systemd[1]: Started Hostname Service.
░░ Subject: A start job for unit systemd-hostnamed.service has finished successfully
░░ Defined-By: systemd
░░ Support: https://lists.freedesktop.org/mailman/listinfo/systemd-devel
░░ 
░░ A start job for unit systemd-hostnamed.service has finished successfully.
░░ 
░░ The job identifier is 99.
Aug 08 12:07:36 openeuler-riscv64 NetworkManager[259]: <info>  [1691467656.8707] hostname: hostname: using hostnamed
Aug 08 12:07:36 openeuler-riscv64 NetworkManager[259]: <info>  [1691467656.8723] hostname: hostname changed from (none) to "openeuler-riscv64"
Aug 08 12:07:36 openeuler-riscv64 NetworkManager[259]: <info>  [1691467656.8846] dns-mgr[0x2ad3d80250]: init: dns=default rc-manager=symlink
Aug 08 12:07:36 openeuler-riscv64 NetworkManager[259]: <info>  [1691467656.9828] manager[0x2ad3d9d000]: rfkill: Wi-Fi hardware radio set enabled
Aug 08 12:07:36 openeuler-riscv64 NetworkManager[259]: <info>  [1691467656.9833] manager[0x2ad3d9d000]: rfkill: WWAN hardware radio set enabled
Aug 08 12:07:37 openeuler-riscv64 NetworkManager[259]: <info>  [1691467657.0595] Loaded device plugin: NMAtmManager (/usr/lib64/NetworkManager/1.32.12-18.oe2309/libnm-device-plugin-adsl.so)
Aug 08 12:07:37 openeuler-riscv64 NetworkManager[259]: <info>  [1691467657.0869] Loaded device plugin: NMTeamFactory (/usr/lib64/NetworkManager/1.32.12-18.oe2309/libnm-device-plugin-team.so)
Aug 08 12:07:37 openeuler-riscv64 NetworkManager[259]: <info>  [1691467657.0898] manager: rfkill: Wi-Fi enabled by radio killswitch; enabled by state file
Aug 08 12:07:37 openeuler-riscv64 NetworkManager[259]: <info>  [1691467657.0911] manager: rfkill: WWAN enabled by radio killswitch; enabled by state file
Aug 08 12:07:37 openeuler-riscv64 NetworkManager[259]: <info>  [1691467657.0917] manager: Networking is enabled by state file
Aug 08 12:07:37 openeuler-riscv64 dbus-daemon[253]: [system] Activating via systemd: service name='org.freedesktop.nm_dispatcher' unit='dbus-org.freedesktop.nm-dispatcher.service' requested by ':1.1' (uid=0 pid=259 comm="/usr/sbin/NetworkManager --no-daemon")
Aug 08 12:07:37 openeuler-riscv64 NetworkManager[259]: <info>  [1691467657.0985] dhcp-init: default DHCP client 'dhclient' is not available
Aug 08 12:07:37 openeuler-riscv64 NetworkManager[259]: <info>  [1691467657.0990] dhcp-init: Using DHCP client 'internal'
Aug 08 12:07:37 openeuler-riscv64 NetworkManager[259]: <info>  [1691467657.1212] settings: Loaded settings plugin: ifcfg-rh ("/usr/lib64/NetworkManager/1.32.12-18.oe2309/libnm-settings-plugin-ifcfg-rh.so")
Aug 08 12:07:37 openeuler-riscv64 NetworkManager[259]: <info>  [1691467657.1245] settings: Loaded settings plugin: keyfile (internal)
Aug 08 12:07:37 openeuler-riscv64 NetworkManager[259]: <info>  [1691467657.1543] device (lo): carrier: link connected
Aug 08 12:07:37 openeuler-riscv64 NetworkManager[259]: <info>  [1691467657.1626] manager: (lo): new Generic device (/org/freedesktop/NetworkManager/Devices/1)
Aug 08 12:07:37 openeuler-riscv64 systemd[1]: Starting Network Manager Script Dispatcher Service...
░░ Subject: A start job for unit NetworkManager-dispatcher.service has begun execution
░░ Defined-By: systemd
░░ Support: https://lists.freedesktop.org/mailman/listinfo/systemd-devel
░░ 
░░ A start job for unit NetworkManager-dispatcher.service has begun execution.
░░ 
░░ The job identifier is 162.
Aug 08 12:07:37 openeuler-riscv64 NetworkManager[259]: <info>  [1691467657.1916] manager: (enp0s2): new Ethernet device (/org/freedesktop/NetworkManager/Devices/2)
Aug 08 12:07:37 openeuler-riscv64 NetworkManager[259]: <info>  [1691467657.2826] settings: (enp0s2): created default wired connection 'Wired connection 1'
Aug 08 12:07:37 openeuler-riscv64 NetworkManager[259]: <info>  [1691467657.3015] device (enp0s2): state change: unmanaged -> unavailable (reason 'managed', sys-iface-state: 'external')
Aug 08 12:07:37 openeuler-riscv64 NetworkManager[259]: <info>  [1691467657.3244] device (enp0s2): carrier: link connected
Aug 08 12:07:37 openeuler-riscv64 dbus-daemon[253]: [system] Successfully activated service 'org.freedesktop.nm_dispatcher'
Aug 08 12:07:37 openeuler-riscv64 systemd[1]: Started Network Manager Script Dispatcher Service.
░░ Subject: A start job for unit NetworkManager-dispatcher.service has finished successfully
░░ Defined-By: systemd
░░ Support: https://lists.freedesktop.org/mailman/listinfo/systemd-devel
░░ 
░░ A start job for unit NetworkManager-dispatcher.service has finished successfully.
░░ 
░░ The job identifier is 162.
Aug 08 12:07:37 openeuler-riscv64 NetworkManager[259]: <info>  [1691467657.3936] device (enp0s2): state change: unavailable -> disconnected (reason 'none', sys-iface-state: 'managed')
Aug 08 12:07:37 openeuler-riscv64 NetworkManager[259]: <info>  [1691467657.4072] policy: auto-activating connection 'Wired connection 1' (7d46ccf0-b066-381b-bc48-05bb772e9da7)
Aug 08 12:07:37 openeuler-riscv64 NetworkManager[259]: <info>  [1691467657.4194] device (enp0s2): Activation: starting connection 'Wired connection 1' (7d46ccf0-b066-381b-bc48-05bb772e9da7)
Aug 08 12:07:37 openeuler-riscv64 NetworkManager[259]: <info>  [1691467657.4222] device (enp0s2): state change: disconnected -> prepare (reason 'none', sys-iface-state: 'managed')
Aug 08 12:07:37 openeuler-riscv64 NetworkManager[259]: <info>  [1691467657.4262] manager: NetworkManager state is now CONNECTING
Aug 08 12:07:37 openeuler-riscv64 NetworkManager[259]: <info>  [1691467657.4302] device (enp0s2): state change: prepare -> config (reason 'none', sys-iface-state: 'managed')
Aug 08 12:07:37 openeuler-riscv64 NetworkManager[259]: <info>  [1691467657.4637] device (enp0s2): state change: config -> ip-config (reason 'none', sys-iface-state: 'managed')
Aug 08 12:07:37 openeuler-riscv64 NetworkManager[259]: <info>  [1691467657.4796] dhcp4 (enp0s2): activation: beginning transaction (timeout in 45 seconds)
Aug 08 12:07:37 openeuler-riscv64 NetworkManager[259]: <info>  [1691467657.5452] dhcp4 (enp0s2): state changed unknown -> bound, address=10.0.2.15
Aug 08 12:07:37 openeuler-riscv64 NetworkManager[259]: <info>  [1691467657.5700] device (enp0s2): state change: ip-config -> ip-check (reason 'none', sys-iface-state: 'managed')
Aug 08 12:07:37 openeuler-riscv64 NetworkManager[259]: <info>  [1691467657.6626] device (enp0s2): state change: ip-check -> secondaries (reason 'none', sys-iface-state: 'managed')
Aug 08 12:07:37 openeuler-riscv64 NetworkManager[259]: <info>  [1691467657.6657] device (enp0s2): state change: secondaries -> activated (reason 'none', sys-iface-state: 'managed')
Aug 08 12:07:37 openeuler-riscv64 NetworkManager[259]: <info>  [1691467657.6760] manager: NetworkManager state is now CONNECTED_LOCAL
Aug 08 12:07:37 openeuler-riscv64 NetworkManager[259]: <info>  [1691467657.6858] manager: NetworkManager state is now CONNECTED_SITE
Aug 08 12:07:37 openeuler-riscv64 NetworkManager[259]: <info>  [1691467657.6873] policy: set 'Wired connection 1' (enp0s2) as default for IPv4 routing and DNS
Aug 08 12:07:37 openeuler-riscv64 NetworkManager[259]: <info>  [1691467657.7316] device (enp0s2): Activation: successful, device activated.
Aug 08 12:07:37 openeuler-riscv64 NetworkManager[259]: <info>  [1691467657.7450] manager: NetworkManager state is now CONNECTED_GLOBAL
Aug 08 12:07:37 openeuler-riscv64 NetworkManager[259]: <info>  [1691467657.7570] manager: startup complete
Aug 08 12:07:37 openeuler-riscv64 systemd[1]: Finished Network Manager Wait Online.
░░ Subject: A start job for unit NetworkManager-wait-online.service has finished successfully
░░ Defined-By: systemd
░░ Support: https://lists.freedesktop.org/mailman/listinfo/systemd-devel
░░ 
░░ A start job for unit NetworkManager-wait-online.service has finished successfully.
░░ 
░░ The job identifier is 70.
Aug 08 12:07:37 openeuler-riscv64 systemd[1]: Reached target Network is Online.
░░ Subject: A start job for unit network-online.target has finished successfully
░░ Defined-By: systemd
░░ Support: https://lists.freedesktop.org/mailman/listinfo/systemd-devel
░░ 
░░ A start job for unit network-online.target has finished successfully.
░░ 
░░ The job identifier is 69.
Aug 08 12:07:37 openeuler-riscv64 systemd[1]: Startup finished in 2.715s (kernel) + 9.915s (userspace) = 12.631s.
░░ Subject: System start-up is now complete
░░ Defined-By: systemd
░░ Support: https://lists.freedesktop.org/mailman/listinfo/systemd-devel
░░ 
░░ All system services necessary queued for starting at boot have been
░░ started. Note that this does not mean that the machine is now idle as services
░░ might still be busy with completing start-up.
░░ 
░░ Kernel start-up required 2715991 microseconds.
░░ 
░░ Initial RAM disk start-up required INITRD_USEC microseconds.
░░ 
░░ Userspace start-up required 9915491 microseconds.
Aug 08 12:07:38 openeuler-riscv64 NetworkManager[259]: <info>  [1691467658.8735] policy: set 'Wired connection 1' (enp0s2) as default for IPv6 routing and DNS
Aug 08 12:07:45 openeuler-riscv64 sshd[293]: Connection closed by 10.0.2.2 port 38998 [preauth]
Aug 08 12:07:47 openeuler-riscv64 sshd[295]: Accepted password for root from 10.0.2.2 port 40758 ssh2
Aug 08 12:07:48 openeuler-riscv64 sshd[295]: pam_unix(sshd:session): session opened for user root(uid=0) by root(uid=0)
Aug 08 12:07:48 openeuler-riscv64 sshd[295]: pam_unix(sshd:session): session closed for user root
Aug 08 12:07:48 openeuler-riscv64 systemd[1]: NetworkManager-dispatcher.service: Deactivated successfully.
░░ Subject: Unit succeeded
░░ Defined-By: systemd
░░ Support: https://lists.freedesktop.org/mailman/listinfo/systemd-devel
░░ 
░░ The unit NetworkManager-dispatcher.service has successfully entered the 'dead' state.
Aug 08 12:07:48 openeuler-riscv64 sshd[297]: Accepted password for root from 10.0.2.2 port 40770 ssh2
Aug 08 12:07:48 openeuler-riscv64 sshd[297]: pam_unix(sshd:session): session opened for user root(uid=0) by root(uid=0)
Aug 08 12:07:50 openeuler-riscv64 sudo[308]:     root : PWD=/root/mugen ; USER=root ; COMMAND=/usr/bin/bash mugen.sh -f ypbind -r oe_test_service_ypbind -x
Aug 08 12:07:50 openeuler-riscv64 sudo[308]: pam_unix(sudo:session): session opened for user root(uid=0) by root(uid=0)
Aug 08 12:08:06 openeuler-riscv64 systemd[1]: systemd-hostnamed.service: Deactivated successfully.
░░ Subject: Unit succeeded
░░ Defined-By: systemd
░░ Support: https://lists.freedesktop.org/mailman/listinfo/systemd-devel
░░ 
░░ The unit systemd-hostnamed.service has successfully entered the 'dead' state.
Aug 08 12:08:23 openeuler-riscv64 [RPM][391]: Transaction ID 64d1bfb7 started
Aug 08 12:08:24 openeuler-riscv64 groupadd[394]: group added to /etc/group: name=rpc, GID=32
Aug 08 12:08:24 openeuler-riscv64 groupadd[394]: group added to /etc/gshadow: name=rpc
Aug 08 12:08:24 openeuler-riscv64 groupadd[394]: new group: name=rpc, GID=32
Aug 08 12:08:24 openeuler-riscv64 useradd[402]: new user: name=rpc, UID=32, GID=32, home=/var/lib/rpcbind, shell=/sbin/nologin, from=none
Aug 08 12:08:24 openeuler-riscv64 kernel: capability: warning: `dnf' uses 32-bit capabilities (legacy support in use)
Aug 08 12:08:24 openeuler-riscv64 systemctl[410]: [/usr/bin/systemctl --no-reload preset rpcbind.socket rpcbind.service] called by PID 409 (/bin/sh /var/tmp/rpm-tmp.SPWajw 1)
Aug 08 12:08:24 openeuler-riscv64 [RPM][391]: install rpcbind-1.2.6-7.oe2309.riscv64: success
Aug 08 12:08:25 openeuler-riscv64 [RPM][391]: install tokyocabinet-1.4.48-15.oe2309.riscv64: success
Aug 08 12:08:26 openeuler-riscv64 [RPM][391]: install nss_nis-3.2-1.oe2309.riscv64: success
Aug 08 12:08:26 openeuler-riscv64 [RPM][391]: install yp-tools-4.2.3-8.oe2309.riscv64: success
Aug 08 12:08:26 openeuler-riscv64 systemctl[416]: [/usr/bin/systemctl --no-reload preset ypbind.service] called by PID 415 (/bin/sh /var/tmp/rpm-tmp.CLDkMq 1)
Aug 08 12:08:26 openeuler-riscv64 [RPM][391]: install ypbind-3:2.7.2-3.oe2309.riscv64: success
Aug 08 12:08:26 openeuler-riscv64 systemctl[419]: [/usr/bin/systemctl --no-reload preset ypserv.service] called by PID 418 (/bin/sh /var/tmp/rpm-tmp.efZ5DW 1)
Aug 08 12:08:27 openeuler-riscv64 systemctl[420]: [/usr/bin/systemctl --no-reload preset ypxfrd.service] called by PID 418 (/bin/sh /var/tmp/rpm-tmp.efZ5DW 1)
Aug 08 12:08:27 openeuler-riscv64 systemctl[421]: [/usr/bin/systemctl --no-reload preset yppasswdd.service] called by PID 418 (/bin/sh /var/tmp/rpm-tmp.efZ5DW 1)
Aug 08 12:08:27 openeuler-riscv64 [RPM][391]: install ypserv-4.2-3.oe2309.riscv64: success
Aug 08 12:08:27 openeuler-riscv64 systemctl[425]: [/usr/bin/systemctl daemon-reload] called by PID 424 (/bin/sh /var/tmp/rpm-tmp.NQxL1N 0)
Aug 08 12:08:27 openeuler-riscv64 systemd[1]: Reloading.
Aug 08 12:08:27 openeuler-riscv64 kernel: memfd_create() without MFD_EXEC nor MFD_NOEXEC_SEAL, pid=1 'systemd'
Aug 08 12:08:28 openeuler-riscv64 systemd-rc-local-generator[432]: /etc/rc.d/rc.local is not marked executable, skipping.
Aug 08 12:08:29 openeuler-riscv64 systemd[1]: /usr/lib/systemd/system/dbus.socket:5: ListenStream= references a path below legacy directory /var/run/, updating /var/run/dbus/system_bus_socket → /run/dbus/system_bus_socket; please update the unit file accordingly.
Aug 08 12:08:30 openeuler-riscv64 [RPM][391]: install rpcbind-1.2.6-7.oe2309.riscv64: success
Aug 08 12:08:30 openeuler-riscv64 [RPM][391]: install tokyocabinet-1.4.48-15.oe2309.riscv64: success
Aug 08 12:08:30 openeuler-riscv64 [RPM][391]: install nss_nis-3.2-1.oe2309.riscv64: success
Aug 08 12:08:30 openeuler-riscv64 [RPM][391]: install yp-tools-4.2.3-8.oe2309.riscv64: success
Aug 08 12:08:30 openeuler-riscv64 [RPM][391]: install ypbind-3:2.7.2-3.oe2309.riscv64: success
Aug 08 12:08:30 openeuler-riscv64 [RPM][391]: install ypserv-4.2-3.oe2309.riscv64: success
Aug 08 12:08:30 openeuler-riscv64 [RPM][391]: Transaction ID 64d1bfb7 finished: 0
Aug 08 12:08:31 openeuler-riscv64 systemctl[439]: [systemctl start ypserv] called by PID 355 (bash -x oe_test_service_ypbind.sh)
Aug 08 12:08:31 openeuler-riscv64 systemd[1]: Listening on RPCbind Server Activation Socket.
░░ Subject: A start job for unit rpcbind.socket has finished successfully
░░ Defined-By: systemd
░░ Support: https://lists.freedesktop.org/mailman/listinfo/systemd-devel
░░ 
░░ A start job for unit rpcbind.socket has finished successfully.
░░ 
░░ The job identifier is 229.
Aug 08 12:08:31 openeuler-riscv64 systemd[1]: Reached target RPC Port Mapper.
░░ Subject: A start job for unit rpcbind.target has finished successfully
░░ Defined-By: systemd
░░ Support: https://lists.freedesktop.org/mailman/listinfo/systemd-devel
░░ 
░░ A start job for unit rpcbind.target has finished successfully.
░░ 
░░ The job identifier is 231.
Aug 08 12:08:31 openeuler-riscv64 systemd[1]: Starting RPC Bind...
░░ Subject: A start job for unit rpcbind.service has begun execution
░░ Defined-By: systemd
░░ Support: https://lists.freedesktop.org/mailman/listinfo/systemd-devel
░░ 
░░ A start job for unit rpcbind.service has begun execution.
░░ 
░░ The job identifier is 226.
Aug 08 12:08:31 openeuler-riscv64 systemd[1]: Started RPC Bind.
░░ Subject: A start job for unit rpcbind.service has finished successfully
░░ Defined-By: systemd
░░ Support: https://lists.freedesktop.org/mailman/listinfo/systemd-devel
░░ 
░░ A start job for unit rpcbind.service has finished successfully.
░░ 
░░ The job identifier is 226.
Aug 08 12:08:32 openeuler-riscv64 systemd[1]: Starting NIS/YP (Network Information Service) Server...
░░ Subject: A start job for unit ypserv.service has begun execution
░░ Defined-By: systemd
░░ Support: https://lists.freedesktop.org/mailman/listinfo/systemd-devel
░░ 
░░ A start job for unit ypserv.service has begun execution.
░░ 
░░ The job identifier is 225.
Aug 08 12:08:32 openeuler-riscv64 ypserv[441]: WARNING: no /var/yp/securenets file found!
Aug 08 12:08:32 openeuler-riscv64 systemd[1]: Started NIS/YP (Network Information Service) Server.
░░ Subject: A start job for unit ypserv.service has finished successfully
░░ Defined-By: systemd
░░ Support: https://lists.freedesktop.org/mailman/listinfo/systemd-devel
░░ 
░░ A start job for unit ypserv.service has finished successfully.
░░ 
░░ The job identifier is 225.
Aug 08 12:08:32 openeuler-riscv64 systemctl[442]: [systemctl start yppasswdd] called by PID 355 (bash -x oe_test_service_ypbind.sh)
Aug 08 12:08:32 openeuler-riscv64 systemd[1]: Starting NIS/YP (Network Information Service) Users Passwords Change Server...
░░ Subject: A start job for unit yppasswdd.service has begun execution
░░ Defined-By: systemd
░░ Support: https://lists.freedesktop.org/mailman/listinfo/systemd-devel
░░ 
░░ A start job for unit yppasswdd.service has begun execution.
░░ 
░░ The job identifier is 290.
Aug 08 12:08:32 openeuler-riscv64 yppasswdd[445]: domain not found
Aug 08 12:08:32 openeuler-riscv64 yppasswdd-pre-setdomain[443]: Setting NIS domain:
Aug 08 12:08:32 openeuler-riscv64 systemd[1]: yppasswdd.service: Control process exited, code=exited, status=1/FAILURE
░░ Subject: Unit process exited
░░ Defined-By: systemd
░░ Support: https://lists.freedesktop.org/mailman/listinfo/systemd-devel
░░ 
░░ An ExecStartPre= process belonging to unit yppasswdd.service has exited.
░░ 
░░ The process' exit code is 'exited' and its exit status is 1.
Aug 08 12:08:32 openeuler-riscv64 systemd[1]: yppasswdd.service: Failed with result 'exit-code'.
░░ Subject: Unit failed
░░ Defined-By: systemd
░░ Support: https://lists.freedesktop.org/mailman/listinfo/systemd-devel
░░ 
░░ The unit yppasswdd.service has entered the 'failed' state with result 'exit-code'.
Aug 08 12:08:32 openeuler-riscv64 systemd[1]: Failed to start NIS/YP (Network Information Service) Users Passwords Change Server.
░░ Subject: A start job for unit yppasswdd.service has failed
░░ Defined-By: systemd
░░ Support: https://lists.freedesktop.org/mailman/listinfo/systemd-devel
░░ 
░░ A start job for unit yppasswdd.service has finished with a failure.
░░ 
░░ The job identifier is 290 and the job result is failed.
Aug 08 12:09:20 openeuler-riscv64 systemctl[637]: [systemctl restart ypserv] called by PID 355 (bash -x oe_test_service_ypbind.sh)
Aug 08 12:09:20 openeuler-riscv64 systemd[1]: Stopping NIS/YP (Network Information Service) Server...
░░ Subject: A stop job for unit ypserv.service has begun execution
░░ Defined-By: systemd
░░ Support: https://lists.freedesktop.org/mailman/listinfo/systemd-devel
░░ 
░░ A stop job for unit ypserv.service has begun execution.
░░ 
░░ The job identifier is 355.
Aug 08 12:09:20 openeuler-riscv64 systemd[1]: ypserv.service: Deactivated successfully.
░░ Subject: Unit succeeded
░░ Defined-By: systemd
░░ Support: https://lists.freedesktop.org/mailman/listinfo/systemd-devel
░░ 
░░ The unit ypserv.service has successfully entered the 'dead' state.
Aug 08 12:09:20 openeuler-riscv64 systemd[1]: Stopped NIS/YP (Network Information Service) Server.
░░ Subject: A stop job for unit ypserv.service has finished
░░ Defined-By: systemd
░░ Support: https://lists.freedesktop.org/mailman/listinfo/systemd-devel
░░ 
░░ A stop job for unit ypserv.service has finished.
░░ 
░░ The job identifier is 355 and the job result is done.
Aug 08 12:09:20 openeuler-riscv64 systemd[1]: Starting NIS/YP (Network Information Service) Server...
░░ Subject: A start job for unit ypserv.service has begun execution
░░ Defined-By: systemd
░░ Support: https://lists.freedesktop.org/mailman/listinfo/systemd-devel
░░ 
░░ A start job for unit ypserv.service has begun execution.
░░ 
░░ The job identifier is 355.
Aug 08 12:09:20 openeuler-riscv64 ypserv[641]: WARNING: no /var/yp/securenets file found!
Aug 08 12:09:20 openeuler-riscv64 systemd[1]: Started NIS/YP (Network Information Service) Server.
░░ Subject: A start job for unit ypserv.service has finished successfully
░░ Defined-By: systemd
░░ Support: https://lists.freedesktop.org/mailman/listinfo/systemd-devel
░░ 
░░ A start job for unit ypserv.service has finished successfully.
░░ 
░░ The job identifier is 355.
Aug 08 12:09:20 openeuler-riscv64 systemctl[642]: [systemctl restart yppasswdd] called by PID 355 (bash -x oe_test_service_ypbind.sh)
Aug 08 12:09:20 openeuler-riscv64 systemd[1]: Starting NIS/YP (Network Information Service) Users Passwords Change Server...
░░ Subject: A start job for unit yppasswdd.service has begun execution
░░ Defined-By: systemd
░░ Support: https://lists.freedesktop.org/mailman/listinfo/systemd-devel
░░ 
░░ A start job for unit yppasswdd.service has begun execution.
░░ 
░░ The job identifier is 420.
Aug 08 12:09:20 openeuler-riscv64 systemd[1]: Started NIS/YP (Network Information Service) Users Passwords Change Server.
░░ Subject: A start job for unit yppasswdd.service has finished successfully
░░ Defined-By: systemd
░░ Support: https://lists.freedesktop.org/mailman/listinfo/systemd-devel
░░ 
░░ A start job for unit yppasswdd.service has finished successfully.
░░ 
░░ The job identifier is 420.
Aug 08 12:09:22 openeuler-riscv64 systemctl[651]: [systemctl restart ypbind.service] called by PID 355 (bash -x oe_test_service_ypbind.sh)
Aug 08 12:09:22 openeuler-riscv64 systemd[1]: Starting NIS/YP (Network Information Service) Clients to NIS Domain Binder...
░░ Subject: A start job for unit ypbind.service has begun execution
░░ Defined-By: systemd
░░ Support: https://lists.freedesktop.org/mailman/listinfo/systemd-devel
░░ 
░░ A start job for unit ypbind.service has begun execution.
░░ 
░░ The job identifier is 485.
Aug 08 12:09:22 openeuler-riscv64 (etsebool)[656]: ypbind.service: Executable /usr/sbin/setsebool missing, skipping: No such file or directory
░░ Subject: Process /usr/sbin/setsebool could not be executed
░░ Defined-By: systemd
░░ Support: https://lists.freedesktop.org/mailman/listinfo/systemd-devel
░░ 
░░ The process /usr/sbin/setsebool could not be executed and failed.
░░ 
░░ The error number returned by this process is ERRNO.
Aug 08 12:09:22 openeuler-riscv64 ypbind[662]: Binding NIS service
Aug 08 12:09:22 openeuler-riscv64 ypbind-post-waitbind[664]: fgrep: warning: fgrep is obsolescent; using grep -F
Aug 08 12:09:23 openeuler-riscv64 ypbind[666]: Binding took 1 seconds
Aug 08 12:09:23 openeuler-riscv64 ypbind[670]: NIS domain: openeuler-riscv64, NIS server: localhost
Aug 08 12:09:23 openeuler-riscv64 systemd[1]: Started NIS/YP (Network Information Service) Clients to NIS Domain Binder.
░░ Subject: A start job for unit ypbind.service has finished successfully
░░ Defined-By: systemd
░░ Support: https://lists.freedesktop.org/mailman/listinfo/systemd-devel
░░ 
░░ A start job for unit ypbind.service has finished successfully.
░░ 
░░ The job identifier is 485.
Aug 08 12:09:23 openeuler-riscv64 systemd[1]: Reached target User and Group Name Lookups.
░░ Subject: A start job for unit nss-user-lookup.target has finished successfully
░░ Defined-By: systemd
░░ Support: https://lists.freedesktop.org/mailman/listinfo/systemd-devel
░░ 
░░ A start job for unit nss-user-lookup.target has finished successfully.
░░ 
░░ The job identifier is 555.
Aug 08 12:09:29 openeuler-riscv64 systemctl[674]: [systemctl stop ypbind.service] called by PID 355 (bash -x oe_test_service_ypbind.sh)
Aug 08 12:09:29 openeuler-riscv64 systemd[1]: Stopping NIS/YP (Network Information Service) Clients to NIS Domain Binder...
░░ Subject: A stop job for unit ypbind.service has begun execution
░░ Defined-By: systemd
░░ Support: https://lists.freedesktop.org/mailman/listinfo/systemd-devel
░░ 
░░ A stop job for unit ypbind.service has begun execution.
░░ 
░░ The job identifier is 556.
Aug 08 12:09:29 openeuler-riscv64 systemd[1]: ypbind.service: Deactivated successfully.
░░ Subject: Unit succeeded
░░ Defined-By: systemd
░░ Support: https://lists.freedesktop.org/mailman/listinfo/systemd-devel
░░ 
░░ The unit ypbind.service has successfully entered the 'dead' state.
Aug 08 12:09:29 openeuler-riscv64 systemd[1]: Stopped NIS/YP (Network Information Service) Clients to NIS Domain Binder.
░░ Subject: A stop job for unit ypbind.service has finished
░░ Defined-By: systemd
░░ Support: https://lists.freedesktop.org/mailman/listinfo/systemd-devel
░░ 
░░ A stop job for unit ypbind.service has finished.
░░ 
░░ The job identifier is 556 and the job result is done.
Aug 08 12:09:35 openeuler-riscv64 systemctl[681]: [systemctl start ypbind.service] called by PID 355 (bash -x oe_test_service_ypbind.sh)
Aug 08 12:09:35 openeuler-riscv64 systemd[1]: Starting NIS/YP (Network Information Service) Clients to NIS Domain Binder...
░░ Subject: A start job for unit ypbind.service has begun execution
░░ Defined-By: systemd
░░ Support: https://lists.freedesktop.org/mailman/listinfo/systemd-devel
░░ 
░░ A start job for unit ypbind.service has begun execution.
░░ 
░░ The job identifier is 557.
Aug 08 12:09:35 openeuler-riscv64 (etsebool)[686]: ypbind.service: Executable /usr/sbin/setsebool missing, skipping: No such file or directory
░░ Subject: Process /usr/sbin/setsebool could not be executed
░░ Defined-By: systemd
░░ Support: https://lists.freedesktop.org/mailman/listinfo/systemd-devel
░░ 
░░ The process /usr/sbin/setsebool could not be executed and failed.
░░ 
░░ The error number returned by this process is ERRNO.
Aug 08 12:09:35 openeuler-riscv64 ypbind[692]: Binding NIS service
Aug 08 12:09:35 openeuler-riscv64 ypbind-post-waitbind[694]: fgrep: warning: fgrep is obsolescent; using grep -F
Aug 08 12:09:36 openeuler-riscv64 ypbind[696]: Binding took 1 seconds
Aug 08 12:09:36 openeuler-riscv64 ypbind[700]: NIS domain: openeuler-riscv64, NIS server: localhost
Aug 08 12:09:36 openeuler-riscv64 systemd[1]: Started NIS/YP (Network Information Service) Clients to NIS Domain Binder.
░░ Subject: A start job for unit ypbind.service has finished successfully
░░ Defined-By: systemd
░░ Support: https://lists.freedesktop.org/mailman/listinfo/systemd-devel
░░ 
░░ A start job for unit ypbind.service has finished successfully.
░░ 
░░ The job identifier is 557.
Aug 08 12:09:42 openeuler-riscv64 systemctl[706]: [systemctl enable ypbind.service] called by PID 705 (bash -x oe_test_service_ypbind.sh)
Aug 08 12:09:42 openeuler-riscv64 systemd[1]: Reloading.
Aug 08 12:09:42 openeuler-riscv64 systemd-rc-local-generator[715]: /etc/rc.d/rc.local is not marked executable, skipping.
Aug 08 12:09:43 openeuler-riscv64 systemd[1]: /usr/lib/systemd/system/dbus.socket:5: ListenStream= references a path below legacy directory /var/run/, updating /var/run/dbus/system_bus_socket → /run/dbus/system_bus_socket; please update the unit file accordingly.
Aug 08 12:09:43 openeuler-riscv64 sshd[291]: fatal: Timeout before authentication for 10.0.2.2 port 54158
Aug 08 12:09:43 openeuler-riscv64 systemctl[720]: [systemctl disable ypbind.service] called by PID 355 (bash -x oe_test_service_ypbind.sh)
Aug 08 12:09:44 openeuler-riscv64 systemd[1]: Reloading.
Aug 08 12:09:44 openeuler-riscv64 systemd-rc-local-generator[727]: /etc/rc.d/rc.local is not marked executable, skipping.
Aug 08 12:09:44 openeuler-riscv64 systemd[1]: /usr/lib/systemd/system/dbus.socket:5: ListenStream= references a path below legacy directory /var/run/, updating /var/run/dbus/system_bus_socket → /run/dbus/system_bus_socket; please update the unit file accordingly.
Aug 08 12:09:45 openeuler-riscv64 systemctl[735]: [systemctl start ypbind.service] called by PID 355 (bash -x oe_test_service_ypbind.sh)
Aug 08 12:09:45 openeuler-riscv64 systemctl[736]: [systemctl reload ypbind.service] called by PID 355 (bash -x oe_test_service_ypbind.sh)
Aug 08 12:09:47 openeuler-riscv64 systemctl[747]: [systemctl stop ypserv] called by PID 355 (bash -x oe_test_service_ypbind.sh)
Aug 08 12:09:48 openeuler-riscv64 systemd[1]: Stopping NIS/YP (Network Information Service) Server...
░░ Subject: A stop job for unit ypserv.service has begun execution
░░ Defined-By: systemd
░░ Support: https://lists.freedesktop.org/mailman/listinfo/systemd-devel
░░ 
░░ A stop job for unit ypserv.service has begun execution.
░░ 
░░ The job identifier is 699.
Aug 08 12:09:48 openeuler-riscv64 systemd[1]: ypserv.service: Deactivated successfully.
░░ Subject: Unit succeeded
░░ Defined-By: systemd
░░ Support: https://lists.freedesktop.org/mailman/listinfo/systemd-devel
░░ 
░░ The unit ypserv.service has successfully entered the 'dead' state.
Aug 08 12:09:48 openeuler-riscv64 systemd[1]: Stopped NIS/YP (Network Information Service) Server.
░░ Subject: A stop job for unit ypserv.service has finished
░░ Defined-By: systemd
░░ Support: https://lists.freedesktop.org/mailman/listinfo/systemd-devel
░░ 
░░ A stop job for unit ypserv.service has finished.
░░ 
░░ The job identifier is 699 and the job result is done.
Aug 08 12:09:48 openeuler-riscv64 systemctl[751]: [systemctl stop yppasswdd] called by PID 355 (bash -x oe_test_service_ypbind.sh)
Aug 08 12:09:48 openeuler-riscv64 systemd[1]: Stopping NIS/YP (Network Information Service) Users Passwords Change Server...
░░ Subject: A stop job for unit yppasswdd.service has begun execution
░░ Defined-By: systemd
░░ Support: https://lists.freedesktop.org/mailman/listinfo/systemd-devel
░░ 
░░ A stop job for unit yppasswdd.service has begun execution.
░░ 
░░ The job identifier is 700.
Aug 08 12:09:48 openeuler-riscv64 systemd[1]: yppasswdd.service: Deactivated successfully.
░░ Subject: Unit succeeded
░░ Defined-By: systemd
░░ Support: https://lists.freedesktop.org/mailman/listinfo/systemd-devel
░░ 
░░ The unit yppasswdd.service has successfully entered the 'dead' state.
Aug 08 12:09:48 openeuler-riscv64 systemd[1]: Stopped NIS/YP (Network Information Service) Users Passwords Change Server.
░░ Subject: A stop job for unit yppasswdd.service has finished
░░ Defined-By: systemd
░░ Support: https://lists.freedesktop.org/mailman/listinfo/systemd-devel
░░ 
░░ A stop job for unit yppasswdd.service has finished.
░░ 
░░ The job identifier is 700 and the job result is done.
Aug 08 12:09:48 openeuler-riscv64 systemctl[755]: [systemctl stop ypbind.service] called by PID 355 (bash -x oe_test_service_ypbind.sh)
Aug 08 12:09:48 openeuler-riscv64 systemd[1]: Stopping NIS/YP (Network Information Service) Clients to NIS Domain Binder...
░░ Subject: A stop job for unit ypbind.service has begun execution
░░ Defined-By: systemd
░░ Support: https://lists.freedesktop.org/mailman/listinfo/systemd-devel
░░ 
░░ A stop job for unit ypbind.service has begun execution.
░░ 
░░ The job identifier is 701.
Aug 08 12:09:48 openeuler-riscv64 systemd[1]: ypbind.service: Deactivated successfully.
░░ Subject: Unit succeeded
░░ Defined-By: systemd
░░ Support: https://lists.freedesktop.org/mailman/listinfo/systemd-devel
░░ 
░░ The unit ypbind.service has successfully entered the 'dead' state.
Aug 08 12:09:48 openeuler-riscv64 systemd[1]: Stopped NIS/YP (Network Information Service) Clients to NIS Domain Binder.
░░ Subject: A stop job for unit ypbind.service has finished
░░ Defined-By: systemd
░░ Support: https://lists.freedesktop.org/mailman/listinfo/systemd-devel
░░ 
░░ A stop job for unit ypbind.service has finished.
░░ 
░░ The job identifier is 701 and the job result is done.
Aug 08 12:09:54 openeuler-riscv64 [RPM][760]: Transaction ID 64d1c012 started
Aug 08 12:09:55 openeuler-riscv64 [RPM][760]: erase ypserv-4.2-3.oe2309.riscv64: success
Aug 08 12:09:55 openeuler-riscv64 [RPM][760]: erase yp-tools-4.2.3-8.oe2309.riscv64: success
Aug 08 12:09:55 openeuler-riscv64 [RPM][760]: erase ypbind-3:2.7.2-3.oe2309.riscv64: success
Aug 08 12:09:55 openeuler-riscv64 [RPM][760]: erase nss_nis-3.2-1.oe2309.riscv64: success
Aug 08 12:09:55 openeuler-riscv64 [RPM][760]: erase rpcbind-1.2.6-7.oe2309.riscv64: success
Aug 08 12:09:55 openeuler-riscv64 [RPM][760]: erase tokyocabinet-1.4.48-15.oe2309.riscv64: success
Aug 08 12:09:55 openeuler-riscv64 systemctl[765]: [/usr/bin/systemctl --no-reload --now disable ypserv.service] called by PID 764 (/bin/sh /var/tmp/rpm-tmp.X4ReVk 0)
Aug 08 12:09:55 openeuler-riscv64 systemctl[766]: [/usr/bin/systemctl --no-reload --now disable ypxfrd.service] called by PID 764 (/bin/sh /var/tmp/rpm-tmp.X4ReVk 0)
Aug 08 12:09:55 openeuler-riscv64 systemctl[767]: [/usr/bin/systemctl --no-reload --now disable yppasswdd.service] called by PID 764 (/bin/sh /var/tmp/rpm-tmp.X4ReVk 0)
Aug 08 12:09:55 openeuler-riscv64 systemctl[770]: [/usr/bin/systemctl daemon-reload] called by PID 768 (/bin/sh /var/tmp/rpm-tmp.wSaEC3 0)
Aug 08 12:09:55 openeuler-riscv64 systemd[1]: Reloading.
Aug 08 12:09:56 openeuler-riscv64 systemd-rc-local-generator[777]: /etc/rc.d/rc.local is not marked executable, skipping.
Aug 08 12:09:56 openeuler-riscv64 systemd[1]: /usr/lib/systemd/system/dbus.socket:5: ListenStream= references a path below legacy directory /var/run/, updating /var/run/dbus/system_bus_socket → /run/dbus/system_bus_socket; please update the unit file accordingly.
Aug 08 12:09:57 openeuler-riscv64 [RPM][760]: erase ypserv-4.2-3.oe2309.riscv64: success
Aug 08 12:09:57 openeuler-riscv64 [RPM][760]: erase yp-tools-4.2.3-8.oe2309.riscv64: success
Aug 08 12:09:57 openeuler-riscv64 systemctl[783]: [/usr/bin/systemctl --no-reload --now disable ypbind.service] called by PID 782 (/bin/sh /var/tmp/rpm-tmp.bevPBy 0)
Aug 08 12:09:58 openeuler-riscv64 [RPM][760]: erase ypbind-3:2.7.2-3.oe2309.riscv64: success
Aug 08 12:09:58 openeuler-riscv64 [RPM][760]: erase nss_nis-3.2-1.oe2309.riscv64: success
Aug 08 12:09:58 openeuler-riscv64 systemctl[789]: [/usr/bin/systemctl --no-reload --now disable rpcbind.service rpcbind.socket] called by PID 788 (/bin/sh /var/tmp/rpm-tmp.jyT875 0)
Aug 08 12:09:58 openeuler-riscv64 systemd[1]: Stopping RPC Bind...
░░ Subject: A stop job for unit rpcbind.service has begun execution
░░ Defined-By: systemd
░░ Support: https://lists.freedesktop.org/mailman/listinfo/systemd-devel
░░ 
░░ A stop job for unit rpcbind.service has begun execution.
░░ 
░░ The job identifier is 706.
Aug 08 12:09:58 openeuler-riscv64 systemd[1]: rpcbind.service: Deactivated successfully.
░░ Subject: Unit succeeded
░░ Defined-By: systemd
░░ Support: https://lists.freedesktop.org/mailman/listinfo/systemd-devel
░░ 
░░ The unit rpcbind.service has successfully entered the 'dead' state.
Aug 08 12:09:58 openeuler-riscv64 systemd[1]: Stopped RPC Bind.
░░ Subject: A stop job for unit rpcbind.service has finished
░░ Defined-By: systemd
░░ Support: https://lists.freedesktop.org/mailman/listinfo/systemd-devel
░░ 
░░ A stop job for unit rpcbind.service has finished.
░░ 
░░ The job identifier is 706 and the job result is done.
Aug 08 12:09:58 openeuler-riscv64 systemd[1]: rpcbind.socket: Deactivated successfully.
░░ Subject: Unit succeeded
░░ Defined-By: systemd
░░ Support: https://lists.freedesktop.org/mailman/listinfo/systemd-devel
░░ 
░░ The unit rpcbind.socket has successfully entered the 'dead' state.
Aug 08 12:09:58 openeuler-riscv64 systemd[1]: Closed RPCbind Server Activation Socket.
░░ Subject: A stop job for unit rpcbind.socket has finished
░░ Defined-By: systemd
░░ Support: https://lists.freedesktop.org/mailman/listinfo/systemd-devel
░░ 
