May 25 21:46:40 openeuler-riscv64 kernel: Linux version 6.1.8-3.oe2303.riscv64 (abuild@oerv-obs-worker-06) (gcc_old (GCC) 10.3.1, GNU ld (GNU Binutils) 2.37) #1 SMP Wed Mar 29 16:00:08 UTC 2023
May 25 21:46:40 openeuler-riscv64 kernel: random: crng init done
May 25 21:46:40 openeuler-riscv64 kernel: OF: fdt: Ignoring memory range 0x80000000 - 0x80200000
May 25 21:46:40 openeuler-riscv64 kernel: Machine model: riscv-virtio,qemu
May 25 21:46:40 openeuler-riscv64 kernel: Memory limited to 4096MB
May 25 21:46:40 openeuler-riscv64 kernel: earlycon: ns16550a0 at MMIO 0x0000000010000000 (options '')
May 25 21:46:40 openeuler-riscv64 kernel: printk: bootconsole [ns16550a0] enabled
May 25 21:46:40 openeuler-riscv64 kernel: efi: UEFI not found.
May 25 21:46:40 openeuler-riscv64 kernel: Zone ranges:
May 25 21:46:40 openeuler-riscv64 kernel:   DMA32    [mem 0x0000000080200000-0x00000000ffffffff]
May 25 21:46:40 openeuler-riscv64 kernel:   Normal   [mem 0x0000000100000000-0x000000017fffffff]
May 25 21:46:40 openeuler-riscv64 kernel: Movable zone start for each node
May 25 21:46:40 openeuler-riscv64 kernel: Early memory node ranges
May 25 21:46:40 openeuler-riscv64 kernel:   node   0: [mem 0x0000000080200000-0x000000017fffffff]
May 25 21:46:40 openeuler-riscv64 kernel: Initmem setup node 0 [mem 0x0000000080200000-0x000000017fffffff]
May 25 21:46:40 openeuler-riscv64 kernel: SBI specification v1.0 detected
May 25 21:46:40 openeuler-riscv64 kernel: SBI implementation ID=0x1 Version=0x10002
May 25 21:46:40 openeuler-riscv64 kernel: SBI TIME extension detected
May 25 21:46:40 openeuler-riscv64 kernel: SBI IPI extension detected
May 25 21:46:40 openeuler-riscv64 kernel: SBI RFENCE extension detected
May 25 21:46:40 openeuler-riscv64 kernel: SBI SRST extension detected
May 25 21:46:40 openeuler-riscv64 kernel: SBI HSM extension detected
May 25 21:46:40 openeuler-riscv64 kernel: riscv: base ISA extensions acdfhim
May 25 21:46:40 openeuler-riscv64 kernel: riscv: ELF capabilities acdfim
May 25 21:46:40 openeuler-riscv64 kernel: percpu: Embedded 27 pages/cpu s71544 r8192 d30856 u110592
May 25 21:46:40 openeuler-riscv64 kernel: pcpu-alloc: s71544 r8192 d30856 u110592 alloc=27*4096
May 25 21:46:40 openeuler-riscv64 kernel: pcpu-alloc: [0] 0 [0] 1 [0] 2 [0] 3 
May 25 21:46:40 openeuler-riscv64 kernel: Built 1 zonelists, mobility grouping on.  Total pages: 1031688
May 25 21:46:40 openeuler-riscv64 kernel: Kernel command line: root=/dev/vda2 rw console=ttyS0 systemd.default_timeout_start_sec=600 selinux=0 highres=off mem=4096M earlycon
May 25 21:46:40 openeuler-riscv64 kernel: Unknown kernel command line parameters "selinux=0", will be passed to user space.
May 25 21:46:40 openeuler-riscv64 kernel: Dentry cache hash table entries: 524288 (order: 10, 4194304 bytes, linear)
May 25 21:46:40 openeuler-riscv64 kernel: Inode-cache hash table entries: 262144 (order: 9, 2097152 bytes, linear)
May 25 21:46:40 openeuler-riscv64 kernel: mem auto-init: stack:off, heap alloc:off, heap free:off
May 25 21:46:40 openeuler-riscv64 kernel: software IO TLB: area num 4.
May 25 21:46:40 openeuler-riscv64 kernel: software IO TLB: mapped [mem 0x00000000fb72f000-0x00000000ff72f000] (64MB)
May 25 21:46:40 openeuler-riscv64 kernel: Virtual kernel memory layout:
May 25 21:46:40 openeuler-riscv64 kernel:       fixmap : 0xff1bfffffee00000 - 0xff1bffffff000000   (2048 kB)
May 25 21:46:40 openeuler-riscv64 kernel:       pci io : 0xff1bffffff000000 - 0xff1c000000000000   (  16 MB)
May 25 21:46:40 openeuler-riscv64 kernel:      vmemmap : 0xff1c000000000000 - 0xff20000000000000   (1024 TB)
May 25 21:46:40 openeuler-riscv64 kernel:      vmalloc : 0xff20000000000000 - 0xff60000000000000   (16384 TB)
May 25 21:46:40 openeuler-riscv64 kernel:      modules : 0xffffffff01652000 - 0xffffffff80000000   (2025 MB)
May 25 21:46:40 openeuler-riscv64 kernel:       lowmem : 0xff60000000000000 - 0xff600000ffe00000   (4094 MB)
May 25 21:46:40 openeuler-riscv64 kernel:       kernel : 0xffffffff80000000 - 0xffffffffffffffff   (2047 MB)
May 25 21:46:40 openeuler-riscv64 kernel: Memory: 4029180K/4192256K available (8779K kernel code, 5775K rwdata, 4096K rodata, 2248K init, 493K bss, 163076K reserved, 0K cma-reserved)
May 25 21:46:40 openeuler-riscv64 kernel: SLUB: HWalign=64, Order=0-3, MinObjects=0, CPUs=4, Nodes=1
May 25 21:46:40 openeuler-riscv64 kernel: trace event string verifier disabled
May 25 21:46:40 openeuler-riscv64 kernel: rcu: Hierarchical RCU implementation.
May 25 21:46:40 openeuler-riscv64 kernel: rcu:         RCU restricting CPUs from NR_CPUS=64 to nr_cpu_ids=4.
May 25 21:46:40 openeuler-riscv64 kernel: rcu:         RCU debug extended QS entry/exit.
May 25 21:46:40 openeuler-riscv64 kernel:         Tracing variant of Tasks RCU enabled.
May 25 21:46:40 openeuler-riscv64 kernel: rcu: RCU calculated value of scheduler-enlistment delay is 25 jiffies.
May 25 21:46:40 openeuler-riscv64 kernel: rcu: Adjusting geometry for rcu_fanout_leaf=16, nr_cpu_ids=4
May 25 21:46:40 openeuler-riscv64 kernel: NR_IRQS: 64, nr_irqs: 64, preallocated irqs: 0
May 25 21:46:40 openeuler-riscv64 kernel: riscv-intc: 64 local interrupts mapped
May 25 21:46:40 openeuler-riscv64 kernel: plic: plic@c000000: mapped 95 interrupts with 4 handlers for 8 contexts.
May 25 21:46:40 openeuler-riscv64 kernel: rcu: srcu_init: Setting srcu_struct sizes based on contention.
May 25 21:46:40 openeuler-riscv64 kernel: riscv-timer: riscv_timer_init_dt: Registering clocksource cpuid [0] hartid [0]
May 25 21:46:40 openeuler-riscv64 kernel: clocksource: riscv_clocksource: mask: 0xffffffffffffffff max_cycles: 0x24e6a1710, max_idle_ns: 440795202120 ns
May 25 21:46:40 openeuler-riscv64 kernel: sched_clock: 64 bits at 10MHz, resolution 100ns, wraps every 4398046511100ns
May 25 21:46:40 openeuler-riscv64 kernel: riscv-timer: Timer interrupt in S-mode is available via sstc extension
May 25 21:46:40 openeuler-riscv64 kernel: Console: colour dummy device 80x25
May 25 21:46:40 openeuler-riscv64 kernel: Calibrating delay loop (skipped), value calculated using timer frequency.. 20.00 BogoMIPS (lpj=40000)
May 25 21:46:40 openeuler-riscv64 kernel: pid_max: default: 32768 minimum: 301
May 25 21:46:40 openeuler-riscv64 kernel: LSM: Security Framework initializing
May 25 21:46:40 openeuler-riscv64 kernel: Mount-cache hash table entries: 8192 (order: 4, 65536 bytes, linear)
May 25 21:46:40 openeuler-riscv64 kernel: Mountpoint-cache hash table entries: 8192 (order: 4, 65536 bytes, linear)
May 25 21:46:40 openeuler-riscv64 kernel: cblist_init_generic: Setting adjustable number of callback queues.
May 25 21:46:40 openeuler-riscv64 kernel: cblist_init_generic: Setting shift to 2 and lim to 1.
May 25 21:46:40 openeuler-riscv64 kernel: riscv: ELF compat mode supported
May 25 21:46:40 openeuler-riscv64 kernel: ASID allocator using 16 bits (65536 entries)
May 25 21:46:40 openeuler-riscv64 kernel: rcu: Hierarchical SRCU implementation.
May 25 21:46:40 openeuler-riscv64 kernel: rcu:         Max phase no-delay instances is 1000.
May 25 21:46:40 openeuler-riscv64 kernel: EFI services will not be available.
May 25 21:46:40 openeuler-riscv64 kernel: smp: Bringing up secondary CPUs ...
May 25 21:46:40 openeuler-riscv64 kernel: smp: Brought up 1 node, 4 CPUs
May 25 21:46:40 openeuler-riscv64 kernel: devtmpfs: initialized
May 25 21:46:40 openeuler-riscv64 kernel: clocksource: jiffies: mask: 0xffffffff max_cycles: 0xffffffff, max_idle_ns: 7645041785100000 ns
May 25 21:46:40 openeuler-riscv64 kernel: futex hash table entries: 1024 (order: 4, 65536 bytes, linear)
May 25 21:46:40 openeuler-riscv64 kernel: pinctrl core: initialized pinctrl subsystem
May 25 21:46:40 openeuler-riscv64 kernel: NET: Registered PF_NETLINK/PF_ROUTE protocol family
May 25 21:46:40 openeuler-riscv64 kernel: audit: initializing netlink subsys (disabled)
May 25 21:46:40 openeuler-riscv64 kernel: audit: type=2000 audit(0.060:1): state=initialized audit_enabled=0 res=1
May 25 21:46:40 openeuler-riscv64 kernel: cpuidle: using governor menu
May 25 21:46:40 openeuler-riscv64 kernel: HugeTLB: registered 2.00 MiB page size, pre-allocated 0 pages
May 25 21:46:40 openeuler-riscv64 kernel: HugeTLB: 0 KiB vmemmap can be freed for a 2.00 MiB page
May 25 21:46:40 openeuler-riscv64 kernel: cryptd: max_cpu_qlen set to 1000
May 25 21:46:40 openeuler-riscv64 kernel: iommu: Default domain type: Translated 
May 25 21:46:40 openeuler-riscv64 kernel: iommu: DMA domain TLB invalidation policy: strict mode 
May 25 21:46:40 openeuler-riscv64 kernel: SCSI subsystem initialized
May 25 21:46:40 openeuler-riscv64 kernel: libata version 3.00 loaded.
May 25 21:46:40 openeuler-riscv64 kernel: usbcore: registered new interface driver usbfs
May 25 21:46:40 openeuler-riscv64 kernel: usbcore: registered new interface driver hub
May 25 21:46:40 openeuler-riscv64 kernel: usbcore: registered new device driver usb
May 25 21:46:40 openeuler-riscv64 kernel: vgaarb: loaded
May 25 21:46:40 openeuler-riscv64 kernel: clocksource: Switched to clocksource riscv_clocksource
May 25 21:46:40 openeuler-riscv64 kernel: NET: Registered PF_INET protocol family
May 25 21:46:40 openeuler-riscv64 kernel: IP idents hash table entries: 65536 (order: 7, 524288 bytes, linear)
May 25 21:46:40 openeuler-riscv64 kernel: tcp_listen_portaddr_hash hash table entries: 2048 (order: 4, 65536 bytes, linear)
May 25 21:46:40 openeuler-riscv64 kernel: Table-perturb hash table entries: 65536 (order: 6, 262144 bytes, linear)
May 25 21:46:40 openeuler-riscv64 kernel: TCP established hash table entries: 32768 (order: 6, 262144 bytes, linear)
May 25 21:46:40 openeuler-riscv64 kernel: TCP bind hash table entries: 32768 (order: 9, 2097152 bytes, linear)
May 25 21:46:40 openeuler-riscv64 kernel: TCP: Hash tables configured (established 32768 bind 32768)
May 25 21:46:40 openeuler-riscv64 kernel: UDP hash table entries: 2048 (order: 5, 196608 bytes, linear)
May 25 21:46:40 openeuler-riscv64 kernel: UDP-Lite hash table entries: 2048 (order: 5, 196608 bytes, linear)
May 25 21:46:40 openeuler-riscv64 kernel: NET: Registered PF_UNIX/PF_LOCAL protocol family
May 25 21:46:40 openeuler-riscv64 kernel: RPC: Registered named UNIX socket transport module.
May 25 21:46:40 openeuler-riscv64 kernel: RPC: Registered udp transport module.
May 25 21:46:40 openeuler-riscv64 kernel: RPC: Registered tcp transport module.
May 25 21:46:40 openeuler-riscv64 kernel: RPC: Registered tcp NFSv4.1 backchannel transport module.
May 25 21:46:40 openeuler-riscv64 kernel: PCI: CLS 0 bytes, default 64
May 25 21:46:40 openeuler-riscv64 kernel: kvm [1]: hypervisor extension available
May 25 21:46:40 openeuler-riscv64 kernel: kvm [1]: using Sv57x4 G-stage page table format
May 25 21:46:40 openeuler-riscv64 kernel: kvm [1]: VMID 14 bits available
May 25 21:46:40 openeuler-riscv64 kernel: workingset: timestamp_bits=46 max_order=20 bucket_order=0
May 25 21:46:40 openeuler-riscv64 kernel: NFS: Registering the id_resolver key type
May 25 21:46:40 openeuler-riscv64 kernel: Key type id_resolver registered
May 25 21:46:40 openeuler-riscv64 kernel: Key type id_legacy registered
May 25 21:46:40 openeuler-riscv64 kernel: nfs4filelayout_init: NFSv4 File Layout Driver Registering...
May 25 21:46:40 openeuler-riscv64 kernel: nfs4flexfilelayout_init: NFSv4 Flexfile Layout Driver Registering...
May 25 21:46:40 openeuler-riscv64 kernel: 9p: Installing v9fs 9p2000 file system support
May 25 21:46:40 openeuler-riscv64 kernel: NET: Registered PF_ALG protocol family
May 25 21:46:40 openeuler-riscv64 kernel: Key type asymmetric registered
May 25 21:46:40 openeuler-riscv64 kernel: Asymmetric key parser 'x509' registered
May 25 21:46:40 openeuler-riscv64 kernel: Asymmetric key parser 'pkcs8' registered
May 25 21:46:40 openeuler-riscv64 kernel: Block layer SCSI generic (bsg) driver version 0.4 loaded (major 250)
May 25 21:46:40 openeuler-riscv64 kernel: io scheduler mq-deadline registered
May 25 21:46:40 openeuler-riscv64 kernel: io scheduler kyber registered
May 25 21:46:40 openeuler-riscv64 kernel: pci-host-generic 30000000.pci: host bridge /soc/pci@30000000 ranges:
May 25 21:46:40 openeuler-riscv64 kernel: pci-host-generic 30000000.pci:       IO 0x0003000000..0x000300ffff -> 0x0000000000
May 25 21:46:40 openeuler-riscv64 kernel: pci-host-generic 30000000.pci:      MEM 0x0040000000..0x007fffffff -> 0x0040000000
May 25 21:46:40 openeuler-riscv64 kernel: pci-host-generic 30000000.pci:      MEM 0x0400000000..0x07ffffffff -> 0x0400000000
May 25 21:46:40 openeuler-riscv64 kernel: pci-host-generic 30000000.pci: Memory resource size exceeds max for 32 bits
May 25 21:46:40 openeuler-riscv64 kernel: pci-host-generic 30000000.pci: ECAM at [mem 0x30000000-0x3fffffff] for [bus 00-ff]
May 25 21:46:40 openeuler-riscv64 kernel: pci-host-generic 30000000.pci: PCI host bridge to bus 0000:00
May 25 21:46:40 openeuler-riscv64 kernel: pci_bus 0000:00: root bus resource [bus 00-ff]
May 25 21:46:40 openeuler-riscv64 kernel: pci_bus 0000:00: root bus resource [io  0x0000-0xffff]
May 25 21:46:40 openeuler-riscv64 kernel: pci_bus 0000:00: root bus resource [mem 0x40000000-0x7fffffff]
May 25 21:46:40 openeuler-riscv64 kernel: pci_bus 0000:00: root bus resource [mem 0x400000000-0x7ffffffff]
May 25 21:46:40 openeuler-riscv64 kernel: pci 0000:00:00.0: [1b36:0008] type 00 class 0x060000
May 25 21:46:40 openeuler-riscv64 kernel: pci 0000:00:01.0: [1b36:000d] type 00 class 0x0c0330
May 25 21:46:40 openeuler-riscv64 kernel: pci 0000:00:01.0: reg 0x10: [mem 0x40000000-0x40003fff 64bit]
May 25 21:46:40 openeuler-riscv64 kernel: pci 0000:00:01.0: BAR 0: assigned [mem 0x400000000-0x400003fff 64bit]
May 25 21:46:40 openeuler-riscv64 kernel: Serial: 8250/16550 driver, 4 ports, IRQ sharing disabled
May 25 21:46:40 openeuler-riscv64 kernel: printk: console [ttyS0] disabled
May 25 21:46:40 openeuler-riscv64 kernel: 10000000.serial: ttyS0 at MMIO 0x10000000 (irq = 1, base_baud = 230400) is a 16550A
May 25 21:46:40 openeuler-riscv64 kernel: printk: console [ttyS0] enabled
May 25 21:46:40 openeuler-riscv64 kernel: printk: bootconsole [ns16550a0] disabled
May 25 21:46:40 openeuler-riscv64 kernel: loop: module loaded
May 25 21:46:40 openeuler-riscv64 kernel: virtio_blk virtio1: 1/0/0 default/read/poll queues
May 25 21:46:40 openeuler-riscv64 kernel: virtio_blk virtio1: [vda] 41943040 512-byte logical blocks (21.5 GB/20.0 GiB)
May 25 21:46:40 openeuler-riscv64 kernel:  vda: vda1 vda2
May 25 21:46:40 openeuler-riscv64 kernel: e1000e: Intel(R) PRO/1000 Network Driver
May 25 21:46:40 openeuler-riscv64 kernel: e1000e: Copyright(c) 1999 - 2015 Intel Corporation.
May 25 21:46:40 openeuler-riscv64 kernel: xhci_hcd 0000:00:01.0: xHCI Host Controller
May 25 21:46:40 openeuler-riscv64 kernel: xhci_hcd 0000:00:01.0: new USB bus registered, assigned bus number 1
May 25 21:46:40 openeuler-riscv64 kernel: xhci_hcd 0000:00:01.0: hcc params 0x00087001 hci version 0x100 quirks 0x0000000000000010
May 25 21:46:40 openeuler-riscv64 kernel: xhci_hcd 0000:00:01.0: xHCI Host Controller
May 25 21:46:40 openeuler-riscv64 kernel: xhci_hcd 0000:00:01.0: new USB bus registered, assigned bus number 2
May 25 21:46:41 openeuler-riscv64 kernel: xhci_hcd 0000:00:01.0: Host supports USB 3.0 SuperSpeed
May 25 21:46:41 openeuler-riscv64 kernel: hub 1-0:1.0: USB hub found
May 25 21:46:41 openeuler-riscv64 kernel: hub 1-0:1.0: 4 ports detected
May 25 21:46:41 openeuler-riscv64 kernel: usb usb2: We don't know the algorithms for LPM for this host, disabling LPM.
May 25 21:46:41 openeuler-riscv64 kernel: hub 2-0:1.0: USB hub found
May 25 21:46:41 openeuler-riscv64 kernel: hub 2-0:1.0: 4 ports detected
May 25 21:46:41 openeuler-riscv64 kernel: usbcore: registered new interface driver uas
May 25 21:46:41 openeuler-riscv64 kernel: usbcore: registered new interface driver usb-storage
May 25 21:46:41 openeuler-riscv64 kernel: mousedev: PS/2 mouse device common for all mice
May 25 21:46:41 openeuler-riscv64 kernel: goldfish_rtc 101000.rtc: registered as rtc0
May 25 21:46:41 openeuler-riscv64 kernel: goldfish_rtc 101000.rtc: setting system clock to 2023-05-25T13:46:38 UTC (1685022398)
May 25 21:46:41 openeuler-riscv64 kernel: syscon-poweroff poweroff: pm_power_off already claimed for sbi_srst_power_off
May 25 21:46:41 openeuler-riscv64 kernel: syscon-poweroff: probe of poweroff failed with error -16
May 25 21:46:41 openeuler-riscv64 kernel: sdhci: Secure Digital Host Controller Interface driver
May 25 21:46:41 openeuler-riscv64 kernel: sdhci: Copyright(c) Pierre Ossman
May 25 21:46:41 openeuler-riscv64 kernel: sdhci-pltfm: SDHCI platform and OF driver helper
May 25 21:46:41 openeuler-riscv64 kernel: usbcore: registered new interface driver usbhid
May 25 21:46:41 openeuler-riscv64 kernel: usbhid: USB HID core driver
May 25 21:46:41 openeuler-riscv64 kernel: riscv-pmu-sbi: SBI PMU extension is available
May 25 21:46:41 openeuler-riscv64 kernel: riscv-pmu-sbi: 16 firmware and 18 hardware counters
May 25 21:46:41 openeuler-riscv64 kernel: riscv-pmu-sbi: Perf sampling/filtering is not supported as sscof extension is not available
May 25 21:46:41 openeuler-riscv64 kernel: NET: Registered PF_INET6 protocol family
May 25 21:46:41 openeuler-riscv64 kernel: Segment Routing with IPv6
May 25 21:46:41 openeuler-riscv64 kernel: In-situ OAM (IOAM) with IPv6
May 25 21:46:41 openeuler-riscv64 kernel: sit: IPv6, IPv4 and MPLS over IPv4 tunneling driver
May 25 21:46:41 openeuler-riscv64 kernel: NET: Registered PF_PACKET protocol family
May 25 21:46:41 openeuler-riscv64 kernel: 9pnet: Installing 9P2000 support
May 25 21:46:41 openeuler-riscv64 kernel: Key type dns_resolver registered
May 25 21:46:41 openeuler-riscv64 kernel: start plist test
May 25 21:46:41 openeuler-riscv64 kernel: end plist test
May 25 21:46:41 openeuler-riscv64 kernel: debug_vm_pgtable: [debug_vm_pgtable         ]: Validating architecture page table helpers
May 25 21:46:41 openeuler-riscv64 kernel: EXT4-fs (vda2): recovery complete
May 25 21:46:41 openeuler-riscv64 kernel: EXT4-fs (vda2): mounted filesystem with ordered data mode. Quota mode: disabled.
May 25 21:46:41 openeuler-riscv64 kernel: VFS: Mounted root (ext4 filesystem) on device 254:2.
May 25 21:46:41 openeuler-riscv64 kernel: devtmpfs: mounted
May 25 21:46:41 openeuler-riscv64 kernel: Freeing unused kernel image (initmem) memory: 2248K
May 25 21:46:41 openeuler-riscv64 kernel: Run /sbin/init as init process
May 25 21:46:41 openeuler-riscv64 kernel:   with arguments:
May 25 21:46:41 openeuler-riscv64 kernel:     /sbin/init
May 25 21:46:41 openeuler-riscv64 kernel:   with environment:
May 25 21:46:41 openeuler-riscv64 kernel:     HOME=/
May 25 21:46:41 openeuler-riscv64 kernel:     TERM=linux
May 25 21:46:41 openeuler-riscv64 kernel:     selinux=0
May 25 21:46:41 openeuler-riscv64 kernel: usb 1-1: new high-speed USB device number 2 using xhci_hcd
May 25 21:46:41 openeuler-riscv64 kernel: input: QEMU QEMU USB Keyboard as /devices/platform/soc/30000000.pci/pci0000:00/0000:00:01.0/usb1/1-1/1-1:1.0/0003:0627:0001.0001/input/input0
May 25 21:46:41 openeuler-riscv64 systemd[1]: systemd v249-47.oe2303 running in system mode (+PAM +AUDIT +SELINUX -APPARMOR +IMA -SMACK +SECCOMP +GCRYPT +GNUTLS -OPENSSL +ACL +BLKID -CURL -ELFUTILS -FIDO2 +IDN2 -IDN -IPTC +KMOD -LIBCRYPTSETUP +LIBFDISK +PCRE2 -PWQUALITY +P11KIT -QRENCODE +BZIP2 +LZ4 +XZ +ZLIB -ZSTD +XKBCOMMON +UTMP +SYSVINIT default-hierarchy=legacy)
May 25 21:46:41 openeuler-riscv64 systemd[1]: Detected architecture riscv64.
May 25 21:46:41 openeuler-riscv64 kernel: hid-generic 0003:0627:0001.0001: input: USB HID v1.11 Keyboard [QEMU QEMU USB Keyboard] on usb-0000:00:01.0-1/input0
May 25 21:46:41 openeuler-riscv64 systemd[1]: Hostname set to <openeuler-riscv64>.
May 25 21:46:41 openeuler-riscv64 kernel: usb 1-2: new high-speed USB device number 3 using xhci_hcd
May 25 21:46:41 openeuler-riscv64 kernel: input: QEMU QEMU USB Tablet as /devices/platform/soc/30000000.pci/pci0000:00/0000:00:01.0/usb1/1-2/1-2:1.0/0003:0627:0001.0002/input/input1
May 25 21:46:41 openeuler-riscv64 kernel: hid-generic 0003:0627:0001.0002: input: USB HID v0.01 Mouse [QEMU QEMU USB Tablet] on usb-0000:00:01.0-2/input0
May 25 21:46:41 openeuler-riscv64 systemd[1]: /usr/lib/systemd/system/dbus.socket:5: ListenStream= references a path below legacy directory /var/run/, updating /var/run/dbus/system_bus_socket → /run/dbus/system_bus_socket; please update the unit file accordingly.
May 25 21:46:41 openeuler-riscv64 systemd[1]: Queued start job for default target Graphical Interface.
May 25 21:46:41 openeuler-riscv64 systemd[1]: Created slice Slice /system/getty.
May 25 21:46:41 openeuler-riscv64 systemd[1]: Created slice Slice /system/modprobe.
May 25 21:46:41 openeuler-riscv64 systemd[1]: Created slice Slice /system/serial-getty.
May 25 21:46:41 openeuler-riscv64 systemd[1]: Created slice Slice /system/sshd-keygen.
May 25 21:46:41 openeuler-riscv64 systemd[1]: Created slice Slice /system/systemd-fsck.
May 25 21:46:41 openeuler-riscv64 systemd[1]: Created slice User and Session Slice.
May 25 21:46:41 openeuler-riscv64 systemd[1]: Started Dispatch Password Requests to Console Directory Watch.
May 25 21:46:41 openeuler-riscv64 systemd[1]: Started Forward Password Requests to Wall Directory Watch.
May 25 21:46:41 openeuler-riscv64 systemd[1]: Set up automount Arbitrary Executable File Formats File System Automount Point.
May 25 21:46:41 openeuler-riscv64 systemd[1]: Reached target Path Units.
May 25 21:46:41 openeuler-riscv64 systemd[1]: Reached target Remote File Systems.
May 25 21:46:41 openeuler-riscv64 systemd[1]: Reached target Slice Units.
May 25 21:46:41 openeuler-riscv64 systemd[1]: Reached target Swaps.
May 25 21:46:41 openeuler-riscv64 systemd[1]: Listening on Device-mapper event daemon FIFOs.
May 25 21:46:41 openeuler-riscv64 systemd[1]: Listening on LVM2 poll daemon socket.
May 25 21:46:41 openeuler-riscv64 systemd[1]: Listening on Process Core Dump Socket.
May 25 21:46:41 openeuler-riscv64 systemd[1]: Listening on initctl Compatibility Named Pipe.
May 25 21:46:41 openeuler-riscv64 systemd[1]: Listening on Journal Socket (/dev/log).
May 25 21:46:41 openeuler-riscv64 systemd[1]: Listening on Journal Socket.
May 25 21:46:41 openeuler-riscv64 systemd[1]: Listening on udev Control Socket.
May 25 21:46:41 openeuler-riscv64 systemd[1]: Listening on udev Kernel Socket.
May 25 21:46:41 openeuler-riscv64 systemd[1]: Mounting Huge Pages File System...
May 25 21:46:41 openeuler-riscv64 systemd[1]: Mounting POSIX Message Queue File System...
May 25 21:46:41 openeuler-riscv64 systemd[1]: Mounting Kernel Debug File System...
May 25 21:46:41 openeuler-riscv64 systemd[1]: Mounting Kernel Trace File System...
May 25 21:46:41 openeuler-riscv64 systemd[1]: Mounting Temporary Directory /tmp...
May 25 21:46:41 openeuler-riscv64 systemd[1]: Starting Create List of Static Device Nodes...
May 25 21:46:41 openeuler-riscv64 systemd[1]: Starting Monitoring of LVM2 mirrors, snapshots etc. using dmeventd or progress polling...
May 25 21:46:41 openeuler-riscv64 systemd[1]: Starting Load Kernel Module configfs...
May 25 21:46:41 openeuler-riscv64 systemd[1]: Starting Load Kernel Module drm...
May 25 21:46:41 openeuler-riscv64 systemd[1]: Starting Load Kernel Module fuse...
May 25 21:46:41 openeuler-riscv64 systemd[1]: Condition check resulted in Set Up Additional Binary Formats being skipped.
May 25 21:46:41 openeuler-riscv64 systemd[1]: Condition check resulted in File System Check on Root Device being skipped.
May 25 21:46:41 openeuler-riscv64 systemd[1]: systemd-journald.service: unit configures an IP firewall, but the local system does not support BPF/cgroup firewalling.
May 25 21:46:41 openeuler-riscv64 systemd[1]: (This warning is only shown for the first unit using IP firewalling.)
May 25 21:46:41 openeuler-riscv64 systemd[1]: Starting Journal Service...
May 25 21:46:41 openeuler-riscv64 systemd[1]: Condition check resulted in Load Kernel Modules being skipped.
May 25 21:46:41 openeuler-riscv64 systemd[1]: Starting Remount Root and Kernel File Systems...
May 25 21:46:41 openeuler-riscv64 systemd[1]: Starting Apply Kernel Variables...
May 25 21:46:41 openeuler-riscv64 systemd[1]: Starting Coldplug All udev Devices...
May 25 21:46:41 openeuler-riscv64 systemd[1]: Mounted Huge Pages File System.
May 25 21:46:41 openeuler-riscv64 systemd[1]: Mounted POSIX Message Queue File System.
May 25 21:46:41 openeuler-riscv64 systemd[1]: Mounted Kernel Debug File System.
May 25 21:46:41 openeuler-riscv64 systemd[1]: Mounted Kernel Trace File System.
May 25 21:46:41 openeuler-riscv64 systemd[1]: Mounted Temporary Directory /tmp.
May 25 21:46:41 openeuler-riscv64 systemd[1]: Finished Create List of Static Device Nodes.
May 25 21:46:41 openeuler-riscv64 systemd[1]: modprobe@configfs.service: Deactivated successfully.
May 25 21:46:41 openeuler-riscv64 systemd[1]: Finished Load Kernel Module configfs.
May 25 21:46:41 openeuler-riscv64 systemd[1]: modprobe@drm.service: Deactivated successfully.
May 25 21:46:41 openeuler-riscv64 systemd[1]: Finished Load Kernel Module drm.
May 25 21:46:41 openeuler-riscv64 systemd[1]: modprobe@fuse.service: Deactivated successfully.
May 25 21:46:41 openeuler-riscv64 systemd[1]: Finished Load Kernel Module fuse.
May 25 21:46:41 openeuler-riscv64 systemd[1]: Finished Apply Kernel Variables.
May 25 21:46:41 openeuler-riscv64 systemd[1]: Condition check resulted in FUSE Control File System being skipped.
May 25 21:46:41 openeuler-riscv64 systemd[1]: Condition check resulted in Kernel Configuration File System being skipped.
May 25 21:46:41 openeuler-riscv64 kernel: EXT4-fs (vda2): re-mounted. Quota mode: disabled.
May 25 21:46:41 openeuler-riscv64 systemd[1]: Finished Remount Root and Kernel File Systems.
May 25 21:46:41 openeuler-riscv64 systemd[1]: Condition check resulted in Rebuild Hardware Database being skipped.
May 25 21:46:41 openeuler-riscv64 systemd[1]: Starting Load/Save Random Seed...
May 25 21:46:41 openeuler-riscv64 systemd[1]: Condition check resulted in Create System Users being skipped.
May 25 21:46:41 openeuler-riscv64 systemd[1]: Starting Create Static Device Nodes in /dev...
May 25 21:46:41 openeuler-riscv64 systemd[1]: Finished Monitoring of LVM2 mirrors, snapshots etc. using dmeventd or progress polling.
May 25 21:46:41 openeuler-riscv64 systemd-journald[195]: Journal started
░░ Subject: The journal has been started
░░ Defined-By: systemd
░░ Support: https://lists.freedesktop.org/mailman/listinfo/systemd-devel
░░ 
░░ The system journal process has started up, opened the journal
░░ files for writing and is now ready to process requests.
May 25 21:46:41 openeuler-riscv64 systemd-journald[195]: Runtime Journal (/run/log/journal/7102c13a6be44f418d1f09210bcfbfd9) is 8.0M, max 78.7M, 70.7M free.
░░ Subject: Disk space used by the journal
░░ Defined-By: systemd
░░ Support: https://lists.freedesktop.org/mailman/listinfo/systemd-devel
░░ 
░░ Runtime Journal (/run/log/journal/7102c13a6be44f418d1f09210bcfbfd9) is currently using 8.0M.
░░ Maximum allowed usage is set to 78.7M.
░░ Leaving at least 39.3M free (of currently available 779.3M of disk space).
░░ Enforced usage limit is thus 78.7M, of which 70.7M are still available.
░░ 
░░ The limits controlling how much disk space is used by the journal may
░░ be configured with SystemMaxUse=, SystemKeepFree=, SystemMaxFileSize=,
░░ RuntimeMaxUse=, RuntimeKeepFree=, RuntimeMaxFileSize= settings in
░░ /etc/systemd/journald.conf. See journald.conf(5) for details.
May 25 21:46:40 openeuler-riscv64 systemd-sysctl[199]: Couldn't write '0' to 'kernel/yama/ptrace_scope', ignoring: No such file or directory
May 25 21:46:41 openeuler-riscv64 systemd[1]: Finished Load/Save Random Seed.
May 25 21:46:41 openeuler-riscv64 systemd[1]: Started Journal Service.
May 25 21:46:41 openeuler-riscv64 systemd-tmpfiles[210]: /usr/lib/tmpfiles.d/dbus.conf:13: Line references path below legacy directory /var/run/, updating /var/run/dbus/containers → /run/dbus/containers; please update the tmpfiles.d/ drop-in file accordingly.
May 25 21:46:41 openeuler-riscv64 systemd[1]: Condition check resulted in First Boot Complete being skipped.
░░ Subject: A start job for unit first-boot-complete.target has finished successfully
░░ Defined-By: systemd
░░ Support: https://lists.freedesktop.org/mailman/listinfo/systemd-devel
░░ 
░░ A start job for unit first-boot-complete.target has finished successfully.
░░ 
░░ The job identifier is 38.
May 25 21:46:41 openeuler-riscv64 systemd[1]: Starting Flush Journal to Persistent Storage...
░░ Subject: A start job for unit systemd-journal-flush.service has begun execution
░░ Defined-By: systemd
░░ Support: https://lists.freedesktop.org/mailman/listinfo/systemd-devel
░░ 
░░ A start job for unit systemd-journal-flush.service has begun execution.
░░ 
░░ The job identifier is 24.
May 25 21:46:41 openeuler-riscv64 systemd[1]: Finished Create Static Device Nodes in /dev.
░░ Subject: A start job for unit systemd-tmpfiles-setup-dev.service has finished successfully
░░ Defined-By: systemd
░░ Support: https://lists.freedesktop.org/mailman/listinfo/systemd-devel
░░ 
░░ A start job for unit systemd-tmpfiles-setup-dev.service has finished successfully.
░░ 
░░ The job identifier is 60.
May 25 21:46:41 openeuler-riscv64 systemd[1]: Reached target Preparation for Local File Systems.
░░ Subject: A start job for unit local-fs-pre.target has finished successfully
░░ Defined-By: systemd
░░ Support: https://lists.freedesktop.org/mailman/listinfo/systemd-devel
░░ 
░░ A start job for unit local-fs-pre.target has finished successfully.
░░ 
░░ The job identifier is 17.
May 25 21:46:41 openeuler-riscv64 systemd[1]: Starting Rule-based Manager for Device Events and Files...
░░ Subject: A start job for unit systemd-udevd.service has begun execution
░░ Defined-By: systemd
░░ Support: https://lists.freedesktop.org/mailman/listinfo/systemd-devel
░░ 
░░ A start job for unit systemd-udevd.service has begun execution.
░░ 
░░ The job identifier is 51.
May 25 21:46:41 openeuler-riscv64 systemd-journald[195]: Time spent on flushing to /var/log/journal/7102c13a6be44f418d1f09210bcfbfd9 is 32.253ms for 285 entries.
May 25 21:46:41 openeuler-riscv64 systemd-journald[195]: System Journal (/var/log/journal/7102c13a6be44f418d1f09210bcfbfd9) is 8.0M, max 1.9G, 1.8G free.
░░ Subject: Disk space used by the journal
░░ Defined-By: systemd
░░ Support: https://lists.freedesktop.org/mailman/listinfo/systemd-devel
░░ 
░░ System Journal (/var/log/journal/7102c13a6be44f418d1f09210bcfbfd9) is currently using 8.0M.
░░ Maximum allowed usage is set to 1.9G.
░░ Leaving at least 974.0M free (of currently available 12.9G of disk space).
░░ Enforced usage limit is thus 1.9G, of which 1.8G are still available.
░░ 
░░ The limits controlling how much disk space is used by the journal may
░░ be configured with SystemMaxUse=, SystemKeepFree=, SystemMaxFileSize=,
░░ RuntimeMaxUse=, RuntimeKeepFree=, RuntimeMaxFileSize= settings in
░░ /etc/systemd/journald.conf. See journald.conf(5) for details.
May 25 21:46:41 openeuler-riscv64 systemd[1]: Finished Flush Journal to Persistent Storage.
░░ Subject: A start job for unit systemd-journal-flush.service has finished successfully
░░ Defined-By: systemd
░░ Support: https://lists.freedesktop.org/mailman/listinfo/systemd-devel
░░ 
░░ A start job for unit systemd-journal-flush.service has finished successfully.
░░ 
░░ The job identifier is 24.
May 25 21:46:41 openeuler-riscv64 systemd[1]: Started Rule-based Manager for Device Events and Files.
░░ Subject: A start job for unit systemd-udevd.service has finished successfully
░░ Defined-By: systemd
░░ Support: https://lists.freedesktop.org/mailman/listinfo/systemd-devel
░░ 
░░ A start job for unit systemd-udevd.service has finished successfully.
░░ 
░░ The job identifier is 51.
May 25 21:46:42 openeuler-riscv64 systemd[1]: Found device /dev/ttyS0.
░░ Subject: A start job for unit dev-ttyS0.device has finished successfully
░░ Defined-By: systemd
░░ Support: https://lists.freedesktop.org/mailman/listinfo/systemd-devel
░░ 
░░ A start job for unit dev-ttyS0.device has finished successfully.
░░ 
░░ The job identifier is 88.
May 25 21:46:42 openeuler-riscv64 systemd-udevd[232]: Using default interface naming scheme 'v249'.
May 25 21:46:42 openeuler-riscv64 systemd[1]: Finished Coldplug All udev Devices.
░░ Subject: A start job for unit systemd-udev-trigger.service has finished successfully
░░ Defined-By: systemd
░░ Support: https://lists.freedesktop.org/mailman/listinfo/systemd-devel
░░ 
░░ A start job for unit systemd-udev-trigger.service has finished successfully.
░░ 
░░ The job identifier is 50.
May 25 21:46:42 openeuler-riscv64 systemd-udevd[235]: Using default interface naming scheme 'v249'.
May 25 21:46:42 openeuler-riscv64 systemd[1]: Found device /dev/disk/by-uuid/3f323731-a06b-4cd1-aa6c-f0647a95f6e6.
░░ Subject: A start job for unit dev-disk-by\x2duuid-3f323731\x2da06b\x2d4cd1\x2daa6c\x2df0647a95f6e6.device has finished successfully
░░ Defined-By: systemd
░░ Support: https://lists.freedesktop.org/mailman/listinfo/systemd-devel
░░ 
░░ A start job for unit dev-disk-by\x2duuid-3f323731\x2da06b\x2d4cd1\x2daa6c\x2df0647a95f6e6.device has finished successfully.
░░ 
░░ The job identifier is 11.
May 25 21:46:43 openeuler-riscv64 systemd[1]: Starting File System Check on /dev/disk/by-uuid/3f323731-a06b-4cd1-aa6c-f0647a95f6e6...
░░ Subject: A start job for unit systemd-fsck@dev-disk-by\x2duuid-3f323731\x2da06b\x2d4cd1\x2daa6c\x2df0647a95f6e6.service has begun execution
░░ Defined-By: systemd
░░ Support: https://lists.freedesktop.org/mailman/listinfo/systemd-devel
░░ 
░░ A start job for unit systemd-fsck@dev-disk-by\x2duuid-3f323731\x2da06b\x2d4cd1\x2daa6c\x2df0647a95f6e6.service has begun execution.
░░ 
░░ The job identifier is 12.
May 25 21:46:43 openeuler-riscv64 systemd-fsck[248]: /dev/vda1 was not cleanly unmounted, check forced.
May 25 21:46:43 openeuler-riscv64 systemd-fsck[248]: /dev/vda1: 29/32768 files (17.2% non-contiguous), 11654/131072 blocks
May 25 21:46:43 openeuler-riscv64 systemd[1]: Finished File System Check on /dev/disk/by-uuid/3f323731-a06b-4cd1-aa6c-f0647a95f6e6.
░░ Subject: A start job for unit systemd-fsck@dev-disk-by\x2duuid-3f323731\x2da06b\x2d4cd1\x2daa6c\x2df0647a95f6e6.service has finished successfully
░░ Defined-By: systemd
░░ Support: https://lists.freedesktop.org/mailman/listinfo/systemd-devel
░░ 
░░ A start job for unit systemd-fsck@dev-disk-by\x2duuid-3f323731\x2da06b\x2d4cd1\x2daa6c\x2df0647a95f6e6.service has finished successfully.
░░ 
░░ The job identifier is 12.
May 25 21:46:43 openeuler-riscv64 systemd[1]: Mounting /boot...
░░ Subject: A start job for unit boot.mount has begun execution
░░ Defined-By: systemd
░░ Support: https://lists.freedesktop.org/mailman/listinfo/systemd-devel
░░ 
░░ A start job for unit boot.mount has begun execution.
░░ 
░░ The job identifier is 10.
May 25 21:46:43 openeuler-riscv64 kernel: EXT4-fs (vda1): mounting ext2 file system using the ext4 subsystem
May 25 21:46:43 openeuler-riscv64 kernel: EXT4-fs (vda1): mounted filesystem without journal. Quota mode: disabled.
May 25 21:46:43 openeuler-riscv64 systemd[1]: Mounted /boot.
░░ Subject: A start job for unit boot.mount has finished successfully
░░ Defined-By: systemd
░░ Support: https://lists.freedesktop.org/mailman/listinfo/systemd-devel
░░ 
░░ A start job for unit boot.mount has finished successfully.
░░ 
░░ The job identifier is 10.
May 25 21:46:44 openeuler-riscv64 systemd[1]: Reached target Local File Systems.
░░ Subject: A start job for unit local-fs.target has finished successfully
░░ Defined-By: systemd
░░ Support: https://lists.freedesktop.org/mailman/listinfo/systemd-devel
░░ 
░░ A start job for unit local-fs.target has finished successfully.
░░ 
░░ The job identifier is 9.
May 25 21:46:44 openeuler-riscv64 systemd[1]: Condition check resulted in Rebuild Dynamic Linker Cache being skipped.
░░ Subject: A start job for unit ldconfig.service has finished successfully
░░ Defined-By: systemd
░░ Support: https://lists.freedesktop.org/mailman/listinfo/systemd-devel
░░ 
░░ A start job for unit ldconfig.service has finished successfully.
░░ 
░░ The job identifier is 22.
May 25 21:46:44 openeuler-riscv64 systemd[1]: Condition check resulted in Commit a transient machine-id on disk being skipped.
░░ Subject: A start job for unit systemd-machine-id-commit.service has finished successfully
░░ Defined-By: systemd
░░ Support: https://lists.freedesktop.org/mailman/listinfo/systemd-devel
░░ 
░░ A start job for unit systemd-machine-id-commit.service has finished successfully.
░░ 
░░ The job identifier is 61.
May 25 21:46:44 openeuler-riscv64 systemd[1]: Starting Create Volatile Files and Directories...
░░ Subject: A start job for unit systemd-tmpfiles-setup.service has begun execution
░░ Defined-By: systemd
░░ Support: https://lists.freedesktop.org/mailman/listinfo/systemd-devel
░░ 
░░ A start job for unit systemd-tmpfiles-setup.service has begun execution.
░░ 
░░ The job identifier is 42.
May 25 21:46:44 openeuler-riscv64 systemd-tmpfiles[262]: /usr/lib/tmpfiles.d/dbus.conf:13: Line references path below legacy directory /var/run/, updating /var/run/dbus/containers → /run/dbus/containers; please update the tmpfiles.d/ drop-in file accordingly.
May 25 21:46:44 openeuler-riscv64 systemd[1]: Finished Create Volatile Files and Directories.
░░ Subject: A start job for unit systemd-tmpfiles-setup.service has finished successfully
░░ Defined-By: systemd
░░ Support: https://lists.freedesktop.org/mailman/listinfo/systemd-devel
░░ 
░░ A start job for unit systemd-tmpfiles-setup.service has finished successfully.
░░ 
░░ The job identifier is 42.
May 25 21:46:44 openeuler-riscv64 systemd[1]: Condition check resulted in Rebuild Journal Catalog being skipped.
░░ Subject: A start job for unit systemd-journal-catalog-update.service has finished successfully
░░ Defined-By: systemd
░░ Support: https://lists.freedesktop.org/mailman/listinfo/systemd-devel
░░ 
░░ A start job for unit systemd-journal-catalog-update.service has finished successfully.
░░ 
░░ The job identifier is 36.
May 25 21:46:44 openeuler-riscv64 systemd[1]: Starting Network Time Synchronization...
░░ Subject: A start job for unit systemd-timesyncd.service has begun execution
░░ Defined-By: systemd
░░ Support: https://lists.freedesktop.org/mailman/listinfo/systemd-devel
░░ 
░░ A start job for unit systemd-timesyncd.service has begun execution.
░░ 
░░ The job identifier is 20.
May 25 21:46:44 openeuler-riscv64 systemd[1]: Condition check resulted in Update is Completed being skipped.
░░ Subject: A start job for unit systemd-update-done.service has finished successfully
░░ Defined-By: systemd
░░ Support: https://lists.freedesktop.org/mailman/listinfo/systemd-devel
░░ 
░░ A start job for unit systemd-update-done.service has finished successfully.
░░ 
░░ The job identifier is 5.
May 25 21:46:44 openeuler-riscv64 systemd[1]: Starting Record System Boot/Shutdown in UTMP...
░░ Subject: A start job for unit systemd-update-utmp.service has begun execution
░░ Defined-By: systemd
░░ Support: https://lists.freedesktop.org/mailman/listinfo/systemd-devel
░░ 
░░ A start job for unit systemd-update-utmp.service has begun execution.
░░ 
░░ The job identifier is 83.
May 25 21:46:44 openeuler-riscv64 systemd[1]: Finished Record System Boot/Shutdown in UTMP.
░░ Subject: A start job for unit systemd-update-utmp.service has finished successfully
░░ Defined-By: systemd
░░ Support: https://lists.freedesktop.org/mailman/listinfo/systemd-devel
░░ 
░░ A start job for unit systemd-update-utmp.service has finished successfully.
░░ 
░░ The job identifier is 83.
May 25 21:46:45 openeuler-riscv64 systemd[1]: Started Network Time Synchronization.
░░ Subject: A start job for unit systemd-timesyncd.service has finished successfully
░░ Defined-By: systemd
░░ Support: https://lists.freedesktop.org/mailman/listinfo/systemd-devel
░░ 
░░ A start job for unit systemd-timesyncd.service has finished successfully.
░░ 
░░ The job identifier is 20.
May 25 21:46:45 openeuler-riscv64 systemd[1]: Reached target System Initialization.
░░ Subject: A start job for unit sysinit.target has finished successfully
░░ Defined-By: systemd
░░ Support: https://lists.freedesktop.org/mailman/listinfo/systemd-devel
░░ 
░░ A start job for unit sysinit.target has finished successfully.
░░ 
░░ The job identifier is 4.
May 25 21:46:45 openeuler-riscv64 systemd[1]: Started dnf makecache --timer.
░░ Subject: A start job for unit dnf-makecache.timer has finished successfully
░░ Defined-By: systemd
░░ Support: https://lists.freedesktop.org/mailman/listinfo/systemd-devel
░░ 
░░ A start job for unit dnf-makecache.timer has finished successfully.
░░ 
░░ The job identifier is 69.
May 25 21:46:45 openeuler-riscv64 systemd[1]: Started Daily Cleanup of Temporary Directories.
░░ Subject: A start job for unit systemd-tmpfiles-clean.timer has finished successfully
░░ Defined-By: systemd
░░ Support: https://lists.freedesktop.org/mailman/listinfo/systemd-devel
░░ 
░░ A start job for unit systemd-tmpfiles-clean.timer has finished successfully.
░░ 
░░ The job identifier is 68.
May 25 21:46:45 openeuler-riscv64 systemd[1]: Reached target System Time Set.
░░ Subject: A start job for unit time-set.target has finished successfully
░░ Defined-By: systemd
░░ Support: https://lists.freedesktop.org/mailman/listinfo/systemd-devel
░░ 
░░ A start job for unit time-set.target has finished successfully.
░░ 
░░ The job identifier is 21.
May 25 21:46:45 openeuler-riscv64 systemd[1]: Reached target Timer Units.
░░ Subject: A start job for unit timers.target has finished successfully
░░ Defined-By: systemd
░░ Support: https://lists.freedesktop.org/mailman/listinfo/systemd-devel
░░ 
░░ A start job for unit timers.target has finished successfully.
░░ 
░░ The job identifier is 67.
May 25 21:46:45 openeuler-riscv64 systemd[1]: Listening on D-Bus System Message Bus Socket.
░░ Subject: A start job for unit dbus.socket has finished successfully
░░ Defined-By: systemd
░░ Support: https://lists.freedesktop.org/mailman/listinfo/systemd-devel
░░ 
░░ A start job for unit dbus.socket has finished successfully.
░░ 
░░ The job identifier is 66.
May 25 21:46:45 openeuler-riscv64 systemd[1]: Reached target Socket Units.
░░ Subject: A start job for unit sockets.target has finished successfully
░░ Defined-By: systemd
░░ Support: https://lists.freedesktop.org/mailman/listinfo/systemd-devel
░░ 
░░ A start job for unit sockets.target has finished successfully.
░░ 
░░ The job identifier is 63.
May 25 21:46:45 openeuler-riscv64 systemd[1]: Reached target Basic System.
░░ Subject: A start job for unit basic.target has finished successfully
░░ Defined-By: systemd
░░ Support: https://lists.freedesktop.org/mailman/listinfo/systemd-devel
░░ 
░░ A start job for unit basic.target has finished successfully.
░░ 
░░ The job identifier is 3.
May 25 21:46:45 openeuler-riscv64 systemd[1]: System is tainted: cgroupsv1
░░ Subject: The system is configured in a way that might cause problems
░░ Defined-By: systemd
░░ Support: https://lists.freedesktop.org/mailman/listinfo/systemd-devel
░░ 
░░ The following "tags" are possible:
░░ - "split-usr" — /usr is a separate file system and was not mounted when systemd
░░   was booted
░░ - "cgroups-missing" — the kernel was compiled without cgroup support or access
░░   to expected interface files is restricted
░░ - "var-run-bad" — /var/run is not a symlink to /run
░░ - "overflowuid-not-65534" — the kernel user ID used for "unknown" users (with
░░   NFS or user namespaces) is not 65534
░░ - "overflowgid-not-65534" — the kernel group ID used for "unknown" users (with
░░   NFS or user namespaces) is not 65534
░░ Current system is tagged as cgroupsv1.
May 25 21:46:45 openeuler-riscv64 systemd[1]: Starting D-Bus System Message Bus...
░░ Subject: A start job for unit dbus.service has begun execution
░░ Defined-By: systemd
░░ Support: https://lists.freedesktop.org/mailman/listinfo/systemd-devel
░░ 
░░ A start job for unit dbus.service has begun execution.
░░ 
░░ The job identifier is 80.
May 25 21:46:45 openeuler-riscv64 systemd[1]: Starting Update RTC With System Clock...
░░ Subject: A start job for unit hwclock-save.service has begun execution
░░ Defined-By: systemd
░░ Support: https://lists.freedesktop.org/mailman/listinfo/systemd-devel
░░ 
░░ A start job for unit hwclock-save.service has begun execution.
░░ 
░░ The job identifier is 29.
May 25 21:46:45 openeuler-riscv64 systemd[1]: Started resize rootfs.
░░ Subject: A start job for unit resize-rootfs.service has finished successfully
░░ Defined-By: systemd
░░ Support: https://lists.freedesktop.org/mailman/listinfo/systemd-devel
░░ 
░░ A start job for unit resize-rootfs.service has finished successfully.
░░ 
░░ The job identifier is 76.
May 25 21:46:45 openeuler-riscv64 systemd[1]: Condition check resulted in OpenSSH ecdsa Server Key Generation being skipped.
░░ Subject: A start job for unit sshd-keygen@ecdsa.service has finished successfully
░░ Defined-By: systemd
░░ Support: https://lists.freedesktop.org/mailman/listinfo/systemd-devel
░░ 
░░ A start job for unit sshd-keygen@ecdsa.service has finished successfully.
░░ 
░░ The job identifier is 99.
May 25 21:46:45 openeuler-riscv64 systemd[1]: Condition check resulted in OpenSSH ed25519 Server Key Generation being skipped.
░░ Subject: A start job for unit sshd-keygen@ed25519.service has finished successfully
░░ Defined-By: systemd
░░ Support: https://lists.freedesktop.org/mailman/listinfo/systemd-devel
░░ 
░░ A start job for unit sshd-keygen@ed25519.service has finished successfully.
░░ 
░░ The job identifier is 97.
May 25 21:46:45 openeuler-riscv64 systemd[1]: Condition check resulted in OpenSSH rsa Server Key Generation being skipped.
░░ Subject: A start job for unit sshd-keygen@rsa.service has finished successfully
░░ Defined-By: systemd
░░ Support: https://lists.freedesktop.org/mailman/listinfo/systemd-devel
░░ 
░░ A start job for unit sshd-keygen@rsa.service has finished successfully.
░░ 
░░ The job identifier is 100.
May 25 21:46:45 openeuler-riscv64 systemd[1]: Reached target sshd-keygen.target.
░░ Subject: A start job for unit sshd-keygen.target has finished successfully
░░ Defined-By: systemd
░░ Support: https://lists.freedesktop.org/mailman/listinfo/systemd-devel
░░ 
░░ A start job for unit sshd-keygen.target has finished successfully.
░░ 
░░ The job identifier is 96.
May 25 21:46:45 openeuler-riscv64 systemd[1]: Starting User Login Management...
░░ Subject: A start job for unit systemd-logind.service has begun execution
░░ Defined-By: systemd
░░ Support: https://lists.freedesktop.org/mailman/listinfo/systemd-devel
░░ 
░░ A start job for unit systemd-logind.service has begun execution.
░░ 
░░ The job identifier is 77.
May 25 21:46:45 openeuler-riscv64 systemd[1]: Finished Update RTC With System Clock.
░░ Subject: A start job for unit hwclock-save.service has finished successfully
░░ Defined-By: systemd
░░ Support: https://lists.freedesktop.org/mailman/listinfo/systemd-devel
░░ 
░░ A start job for unit hwclock-save.service has finished successfully.
░░ 
░░ The job identifier is 29.
May 25 21:46:45 openeuler-riscv64 systemd[1]: Started D-Bus System Message Bus.
░░ Subject: A start job for unit dbus.service has finished successfully
░░ Defined-By: systemd
░░ Support: https://lists.freedesktop.org/mailman/listinfo/systemd-devel
░░ 
░░ A start job for unit dbus.service has finished successfully.
░░ 
░░ The job identifier is 80.
May 25 21:46:45 openeuler-riscv64 systemd[1]: Starting Network Manager...
░░ Subject: A start job for unit NetworkManager.service has begun execution
░░ Defined-By: systemd
░░ Support: https://lists.freedesktop.org/mailman/listinfo/systemd-devel
░░ 
░░ A start job for unit NetworkManager.service has begun execution.
░░ 
░░ The job identifier is 72.
May 25 21:46:46 openeuler-riscv64 NetworkManager[278]: <info>  [1685022406.0333] NetworkManager (version 1.32.12-16.oe2303) is starting... (for the first time)
May 25 21:46:46 openeuler-riscv64 NetworkManager[278]: <info>  [1685022406.0372] Read config: /etc/NetworkManager/NetworkManager.conf
May 25 21:46:46 openeuler-riscv64 systemd[1]: Started Network Manager.
░░ Subject: A start job for unit NetworkManager.service has finished successfully
░░ Defined-By: systemd
░░ Support: https://lists.freedesktop.org/mailman/listinfo/systemd-devel
░░ 
░░ A start job for unit NetworkManager.service has finished successfully.
░░ 
░░ The job identifier is 72.
May 25 21:46:46 openeuler-riscv64 NetworkManager[278]: <info>  [1685022406.0978] bus-manager: acquired D-Bus service "org.freedesktop.NetworkManager"
May 25 21:46:46 openeuler-riscv64 systemd[1]: Reached target Network.
░░ Subject: A start job for unit network.target has finished successfully
░░ Defined-By: systemd
░░ Support: https://lists.freedesktop.org/mailman/listinfo/systemd-devel
░░ 
░░ A start job for unit network.target has finished successfully.
░░ 
░░ The job identifier is 73.
May 25 21:46:46 openeuler-riscv64 systemd[1]: Starting Network Manager Wait Online...
░░ Subject: A start job for unit NetworkManager-wait-online.service has begun execution
░░ Defined-By: systemd
░░ Support: https://lists.freedesktop.org/mailman/listinfo/systemd-devel
░░ 
░░ A start job for unit NetworkManager-wait-online.service has begun execution.
░░ 
░░ The job identifier is 71.
May 25 21:46:46 openeuler-riscv64 systemd[1]: Starting /etc/rc.d/rc.local Compatibility...
░░ Subject: A start job for unit rc-local.service has begun execution
░░ Defined-By: systemd
░░ Support: https://lists.freedesktop.org/mailman/listinfo/systemd-devel
░░ 
░░ A start job for unit rc-local.service has begun execution.
░░ 
░░ The job identifier is 85.
May 25 21:46:46 openeuler-riscv64 systemd[1]: Starting OpenSSH server daemon...
░░ Subject: A start job for unit sshd.service has begun execution
░░ Defined-By: systemd
░░ Support: https://lists.freedesktop.org/mailman/listinfo/systemd-devel
░░ 
░░ A start job for unit sshd.service has begun execution.
░░ 
░░ The job identifier is 95.
May 25 21:46:46 openeuler-riscv64 systemd-logind[276]: Watching system buttons on /dev/input/event0 (QEMU QEMU USB Keyboard)
May 25 21:46:46 openeuler-riscv64 NetworkManager[278]: <info>  [1685022406.2019] manager[0xaaaaaacc22a0a0]: monitoring kernel firmware directory '/lib/firmware'.
May 25 21:46:46 openeuler-riscv64 systemd[1]: Starting Permit User Sessions...
░░ Subject: A start job for unit systemd-user-sessions.service has begun execution
░░ Defined-By: systemd
░░ Support: https://lists.freedesktop.org/mailman/listinfo/systemd-devel
░░ 
░░ A start job for unit systemd-user-sessions.service has begun execution.
░░ 
░░ The job identifier is 84.
May 25 21:46:46 openeuler-riscv64 systemd-logind[276]: New seat seat0.
░░ Subject: A new seat seat0 is now available
░░ Defined-By: systemd
░░ Support: https://lists.freedesktop.org/mailman/listinfo/systemd-devel
░░ Documentation: sd-login(3)
░░ 
░░ A new seat seat0 has been configured and is now available.
May 25 21:46:46 openeuler-riscv64 dbus-daemon[272]: [system] Activating via systemd: service name='org.freedesktop.hostname1' unit='dbus-org.freedesktop.hostname1.service' requested by ':1.2' (uid=0 pid=278 comm="/usr/sbin/NetworkManager --no-daemon")
May 25 21:46:46 openeuler-riscv64 systemd[1]: Started User Login Management.
░░ Subject: A start job for unit systemd-logind.service has finished successfully
░░ Defined-By: systemd
░░ Support: https://lists.freedesktop.org/mailman/listinfo/systemd-devel
░░ 
░░ A start job for unit systemd-logind.service has finished successfully.
░░ 
░░ The job identifier is 77.
May 25 21:46:46 openeuler-riscv64 systemd[1]: Starting Hostname Service...
░░ Subject: A start job for unit systemd-hostnamed.service has begun execution
░░ Defined-By: systemd
░░ Support: https://lists.freedesktop.org/mailman/listinfo/systemd-devel
░░ 
░░ A start job for unit systemd-hostnamed.service has begun execution.
░░ 
░░ The job identifier is 108.
May 25 21:46:46 openeuler-riscv64 systemd[1]: Started /etc/rc.d/rc.local Compatibility.
░░ Subject: A start job for unit rc-local.service has finished successfully
░░ Defined-By: systemd
░░ Support: https://lists.freedesktop.org/mailman/listinfo/systemd-devel
░░ 
░░ A start job for unit rc-local.service has finished successfully.
░░ 
░░ The job identifier is 85.
May 25 21:46:46 openeuler-riscv64 systemd[1]: Finished Permit User Sessions.
░░ Subject: A start job for unit systemd-user-sessions.service has finished successfully
░░ Defined-By: systemd
░░ Support: https://lists.freedesktop.org/mailman/listinfo/systemd-devel
░░ 
░░ A start job for unit systemd-user-sessions.service has finished successfully.
░░ 
░░ The job identifier is 84.
May 25 21:46:46 openeuler-riscv64 systemd[1]: Started Command Scheduler.
░░ Subject: A start job for unit crond.service has finished successfully
░░ Defined-By: systemd
░░ Support: https://lists.freedesktop.org/mailman/listinfo/systemd-devel
░░ 
░░ A start job for unit crond.service has finished successfully.
░░ 
░░ The job identifier is 101.
May 25 21:46:46 openeuler-riscv64 systemd[1]: Started Getty on tty1.
░░ Subject: A start job for unit getty@tty1.service has finished successfully
░░ Defined-By: systemd
░░ Support: https://lists.freedesktop.org/mailman/listinfo/systemd-devel
░░ 
░░ A start job for unit getty@tty1.service has finished successfully.
░░ 
░░ The job identifier is 92.
May 25 21:46:46 openeuler-riscv64 systemd[1]: Started Serial Getty on ttyS0.
░░ Subject: A start job for unit serial-getty@ttyS0.service has finished successfully
░░ Defined-By: systemd
░░ Support: https://lists.freedesktop.org/mailman/listinfo/systemd-devel
░░ 
░░ A start job for unit serial-getty@ttyS0.service has finished successfully.
░░ 
░░ The job identifier is 87.
May 25 21:46:46 openeuler-riscv64 systemd[1]: Reached target Login Prompts.
░░ Subject: A start job for unit getty.target has finished successfully
░░ Defined-By: systemd
░░ Support: https://lists.freedesktop.org/mailman/listinfo/systemd-devel
░░ 
░░ A start job for unit getty.target has finished successfully.
░░ 
░░ The job identifier is 86.
May 25 21:46:46 openeuler-riscv64 crond[293]: (CRON) STARTUP (1.6.1)
May 25 21:46:46 openeuler-riscv64 crond[293]: (CRON) INFO (Syslog will be used instead of sendmail.)
May 25 21:46:46 openeuler-riscv64 crond[293]: (CRON) INFO (RANDOM_DELAY will be scaled with factor 65% if used.)
May 25 21:46:46 openeuler-riscv64 crond[293]: (CRON) INFO (running with inotify support)
May 25 21:46:46 openeuler-riscv64 sshd[283]: Server listening on 0.0.0.0 port 22.
May 25 21:46:46 openeuler-riscv64 sshd[283]: Server listening on :: port 22.
May 25 21:46:46 openeuler-riscv64 systemd[1]: Started OpenSSH server daemon.
░░ Subject: A start job for unit sshd.service has finished successfully
░░ Defined-By: systemd
░░ Support: https://lists.freedesktop.org/mailman/listinfo/systemd-devel
░░ 
░░ A start job for unit sshd.service has finished successfully.
░░ 
░░ The job identifier is 95.
May 25 21:46:46 openeuler-riscv64 systemd[1]: Reached target Multi-User System.
░░ Subject: A start job for unit multi-user.target has finished successfully
░░ Defined-By: systemd
░░ Support: https://lists.freedesktop.org/mailman/listinfo/systemd-devel
░░ 
░░ A start job for unit multi-user.target has finished successfully.
░░ 
░░ The job identifier is 2.
May 25 21:46:46 openeuler-riscv64 systemd[1]: Reached target Graphical Interface.
░░ Subject: A start job for unit graphical.target has finished successfully
░░ Defined-By: systemd
░░ Support: https://lists.freedesktop.org/mailman/listinfo/systemd-devel
░░ 
░░ A start job for unit graphical.target has finished successfully.
░░ 
░░ The job identifier is 1.
May 25 21:46:46 openeuler-riscv64 systemd[1]: Starting Record Runlevel Change in UTMP...
░░ Subject: A start job for unit systemd-update-utmp-runlevel.service has begun execution
░░ Defined-By: systemd
░░ Support: https://lists.freedesktop.org/mailman/listinfo/systemd-devel
░░ 
░░ A start job for unit systemd-update-utmp-runlevel.service has begun execution.
░░ 
░░ The job identifier is 82.
May 25 21:46:46 openeuler-riscv64 systemd[1]: systemd-update-utmp-runlevel.service: Deactivated successfully.
░░ Subject: Unit succeeded
░░ Defined-By: systemd
░░ Support: https://lists.freedesktop.org/mailman/listinfo/systemd-devel
░░ 
░░ The unit systemd-update-utmp-runlevel.service has successfully entered the 'dead' state.
May 25 21:46:46 openeuler-riscv64 systemd[1]: Finished Record Runlevel Change in UTMP.
░░ Subject: A start job for unit systemd-update-utmp-runlevel.service has finished successfully
░░ Defined-By: systemd
░░ Support: https://lists.freedesktop.org/mailman/listinfo/systemd-devel
░░ 
░░ A start job for unit systemd-update-utmp-runlevel.service has finished successfully.
░░ 
░░ The job identifier is 82.
May 25 21:46:47 openeuler-riscv64 dbus-daemon[272]: [system] Successfully activated service 'org.freedesktop.hostname1'
May 25 21:46:47 openeuler-riscv64 systemd[1]: Started Hostname Service.
░░ Subject: A start job for unit systemd-hostnamed.service has finished successfully
░░ Defined-By: systemd
░░ Support: https://lists.freedesktop.org/mailman/listinfo/systemd-devel
░░ 
░░ A start job for unit systemd-hostnamed.service has finished successfully.
░░ 
░░ The job identifier is 108.
May 25 21:46:47 openeuler-riscv64 NetworkManager[278]: <info>  [1685022407.1860] hostname: hostname: using hostnamed
May 25 21:46:47 openeuler-riscv64 NetworkManager[278]: <info>  [1685022407.1865] hostname: hostname changed from (none) to "openeuler-riscv64"
May 25 21:46:47 openeuler-riscv64 NetworkManager[278]: <info>  [1685022407.1968] dns-mgr[0xaaaaaacc20d250]: init: dns=default rc-manager=symlink
May 25 21:46:47 openeuler-riscv64 NetworkManager[278]: <info>  [1685022407.2519] Loaded device plugin: NMAtmManager (/usr/lib64/NetworkManager/1.32.12-16.oe2303/libnm-device-plugin-adsl.so)
May 25 21:46:47 openeuler-riscv64 NetworkManager[278]: <info>  [1685022407.2640] Loaded device plugin: NMTeamFactory (/usr/lib64/NetworkManager/1.32.12-16.oe2303/libnm-device-plugin-team.so)
May 25 21:46:47 openeuler-riscv64 NetworkManager[278]: <info>  [1685022407.2693] Loaded device plugin: NMWifiFactory (/usr/lib64/NetworkManager/1.32.12-16.oe2303/libnm-device-plugin-wifi.so)
May 25 21:46:47 openeuler-riscv64 NetworkManager[278]: <info>  [1685022407.2725] manager: rfkill: Wi-Fi enabled by radio killswitch; enabled by state file
May 25 21:46:47 openeuler-riscv64 NetworkManager[278]: <info>  [1685022407.2749] manager: rfkill: WWAN enabled by radio killswitch; enabled by state file
May 25 21:46:47 openeuler-riscv64 NetworkManager[278]: <info>  [1685022407.2761] manager: Networking is enabled by state file
May 25 21:46:47 openeuler-riscv64 dbus-daemon[272]: [system] Activating via systemd: service name='org.freedesktop.nm_dispatcher' unit='dbus-org.freedesktop.nm-dispatcher.service' requested by ':1.2' (uid=0 pid=278 comm="/usr/sbin/NetworkManager --no-daemon")
May 25 21:46:47 openeuler-riscv64 NetworkManager[278]: <info>  [1685022407.2824] dhcp-init: default DHCP client 'dhclient' is not available
May 25 21:46:47 openeuler-riscv64 NetworkManager[278]: <info>  [1685022407.2831] dhcp-init: Using DHCP client 'internal'
May 25 21:46:47 openeuler-riscv64 NetworkManager[278]: <info>  [1685022407.2979] settings: Loaded settings plugin: ifcfg-rh ("/usr/lib64/NetworkManager/1.32.12-16.oe2303/libnm-settings-plugin-ifcfg-rh.so")
May 25 21:46:47 openeuler-riscv64 NetworkManager[278]: <info>  [1685022407.3003] settings: Loaded settings plugin: keyfile (internal)
May 25 21:46:47 openeuler-riscv64 systemd[1]: Starting Network Manager Script Dispatcher Service...
░░ Subject: A start job for unit NetworkManager-dispatcher.service has begun execution
░░ Defined-By: systemd
░░ Support: https://lists.freedesktop.org/mailman/listinfo/systemd-devel
░░ 
░░ A start job for unit NetworkManager-dispatcher.service has begun execution.
░░ 
░░ The job identifier is 174.
May 25 21:46:47 openeuler-riscv64 NetworkManager[278]: <info>  [1685022407.3223] device (lo): carrier: link connected
May 25 21:46:47 openeuler-riscv64 NetworkManager[278]: <info>  [1685022407.3291] manager: (lo): new Generic device (/org/freedesktop/NetworkManager/Devices/1)
May 25 21:46:47 openeuler-riscv64 NetworkManager[278]: <info>  [1685022407.3430] manager: (eth0): new Ethernet device (/org/freedesktop/NetworkManager/Devices/2)
May 25 21:46:47 openeuler-riscv64 NetworkManager[278]: <info>  [1685022407.3958] settings: (eth0): created default wired connection 'Wired connection 1'
May 25 21:46:47 openeuler-riscv64 NetworkManager[278]: <info>  [1685022407.4046] device (eth0): state change: unmanaged -> unavailable (reason 'managed', sys-iface-state: 'external')
May 25 21:46:47 openeuler-riscv64 NetworkManager[278]: <info>  [1685022407.4215] device (eth0): carrier: link connected
May 25 21:46:47 openeuler-riscv64 NetworkManager[278]: <info>  [1685022407.4452] manager: (sit0): new IPTunnel device (/org/freedesktop/NetworkManager/Devices/3)
May 25 21:46:47 openeuler-riscv64 NetworkManager[278]: <info>  [1685022407.4900] device (eth0): state change: unavailable -> disconnected (reason 'none', sys-iface-state: 'managed')
May 25 21:46:47 openeuler-riscv64 NetworkManager[278]: <info>  [1685022407.5024] policy: auto-activating connection 'Wired connection 1' (337edb01-999d-3410-a3a4-bd92b8d979ee)
May 25 21:46:47 openeuler-riscv64 NetworkManager[278]: <info>  [1685022407.5230] device (eth0): Activation: starting connection 'Wired connection 1' (337edb01-999d-3410-a3a4-bd92b8d979ee)
May 25 21:46:47 openeuler-riscv64 NetworkManager[278]: <info>  [1685022407.5246] device (eth0): state change: disconnected -> prepare (reason 'none', sys-iface-state: 'managed')
May 25 21:46:47 openeuler-riscv64 NetworkManager[278]: <info>  [1685022407.5267] manager: NetworkManager state is now CONNECTING
May 25 21:46:47 openeuler-riscv64 NetworkManager[278]: <info>  [1685022407.5299] device (eth0): state change: prepare -> config (reason 'none', sys-iface-state: 'managed')
May 25 21:46:47 openeuler-riscv64 NetworkManager[278]: <info>  [1685022407.5515] device (eth0): state change: config -> ip-config (reason 'none', sys-iface-state: 'managed')
May 25 21:46:47 openeuler-riscv64 NetworkManager[278]: <info>  [1685022407.5594] dhcp4 (eth0): activation: beginning transaction (timeout in 45 seconds)
May 25 21:46:47 openeuler-riscv64 dbus-daemon[272]: [system] Successfully activated service 'org.freedesktop.nm_dispatcher'
May 25 21:46:47 openeuler-riscv64 systemd[1]: Started Network Manager Script Dispatcher Service.
░░ Subject: A start job for unit NetworkManager-dispatcher.service has finished successfully
░░ Defined-By: systemd
░░ Support: https://lists.freedesktop.org/mailman/listinfo/systemd-devel
░░ 
░░ A start job for unit NetworkManager-dispatcher.service has finished successfully.
░░ 
░░ The job identifier is 174.
May 25 21:46:47 openeuler-riscv64 NetworkManager[278]: <info>  [1685022407.6060] dhcp4 (eth0): state changed unknown -> bound, address=10.0.2.15
May 25 21:46:47 openeuler-riscv64 NetworkManager[278]: <info>  [1685022407.6223] device (eth0): state change: ip-config -> ip-check (reason 'none', sys-iface-state: 'managed')
May 25 21:46:47 openeuler-riscv64 NetworkManager[278]: <info>  [1685022407.7254] device (eth0): state change: ip-check -> secondaries (reason 'none', sys-iface-state: 'managed')
May 25 21:46:47 openeuler-riscv64 NetworkManager[278]: <info>  [1685022407.7279] device (eth0): state change: secondaries -> activated (reason 'none', sys-iface-state: 'managed')
May 25 21:46:47 openeuler-riscv64 NetworkManager[278]: <info>  [1685022407.7346] manager: NetworkManager state is now CONNECTED_LOCAL
May 25 21:46:47 openeuler-riscv64 NetworkManager[278]: <info>  [1685022407.7385] manager: NetworkManager state is now CONNECTED_SITE
May 25 21:46:47 openeuler-riscv64 NetworkManager[278]: <info>  [1685022407.7399] policy: set 'Wired connection 1' (eth0) as default for IPv4 routing and DNS
May 25 21:46:47 openeuler-riscv64 NetworkManager[278]: <info>  [1685022407.7536] device (eth0): Activation: successful, device activated.
May 25 21:46:47 openeuler-riscv64 NetworkManager[278]: <info>  [1685022407.7606] manager: NetworkManager state is now CONNECTED_GLOBAL
May 25 21:46:47 openeuler-riscv64 NetworkManager[278]: <info>  [1685022407.7676] manager: startup complete
May 25 21:46:47 openeuler-riscv64 systemd[1]: Finished Network Manager Wait Online.
░░ Subject: A start job for unit NetworkManager-wait-online.service has finished successfully
░░ Defined-By: systemd
░░ Support: https://lists.freedesktop.org/mailman/listinfo/systemd-devel
░░ 
░░ A start job for unit NetworkManager-wait-online.service has finished successfully.
░░ 
░░ The job identifier is 71.
May 25 21:46:47 openeuler-riscv64 systemd[1]: Reached target Network is Online.
░░ Subject: A start job for unit network-online.target has finished successfully
░░ Defined-By: systemd
░░ Support: https://lists.freedesktop.org/mailman/listinfo/systemd-devel
░░ 
░░ A start job for unit network-online.target has finished successfully.
░░ 
░░ The job identifier is 70.
May 25 21:46:47 openeuler-riscv64 systemd[1]: Startup finished in 909ms (kernel) + 9.026s (userspace) = 9.936s.
░░ Subject: System start-up is now complete
░░ Defined-By: systemd
░░ Support: https://lists.freedesktop.org/mailman/listinfo/systemd-devel
░░ 
░░ All system services necessary queued for starting at boot have been
░░ started. Note that this does not mean that the machine is now idle as services
░░ might still be busy with completing start-up.
░░ 
░░ Kernel start-up required 909452 microseconds.
░░ 
░░ Initial RAM disk start-up required INITRD_USEC microseconds.
░░ 
░░ Userspace start-up required 9026625 microseconds.
May 25 21:46:49 openeuler-riscv64 NetworkManager[278]: <info>  [1685022409.7911] policy: set 'Wired connection 1' (eth0) as default for IPv6 routing and DNS
May 25 21:46:50 openeuler-riscv64 sshd[312]: Accepted password for root from 10.0.2.2 port 61169 ssh2
May 25 21:46:51 openeuler-riscv64 sshd[312]: pam_unix(sshd:session): session opened for user root(uid=0) by (uid=0)
May 25 21:46:51 openeuler-riscv64 sshd[312]: pam_unix(sshd:session): session closed for user root
May 25 21:46:51 openeuler-riscv64 sshd[314]: Accepted password for root from 10.0.2.2 port 61177 ssh2
May 25 21:46:51 openeuler-riscv64 sshd[314]: pam_unix(sshd:session): session opened for user root(uid=0) by (uid=0)
May 25 21:46:54 openeuler-riscv64 sudo[376]:     root : PWD=/root/mugen ; USER=root ; COMMAND=/usr/bin/bash mugen.sh -f arptables -r oe_test_service_arptables -x
May 25 21:46:54 openeuler-riscv64 sudo[376]: pam_unix(sudo:session): session opened for user root(uid=0) by (uid=0)
May 25 21:46:58 openeuler-riscv64 sshd[428]: Connection closed by 10.0.2.2 port 61110 [preauth]
May 25 21:46:58 openeuler-riscv64 systemd[1]: NetworkManager-dispatcher.service: Deactivated successfully.
░░ Subject: Unit succeeded
░░ Defined-By: systemd
░░ Support: https://lists.freedesktop.org/mailman/listinfo/systemd-devel
░░ 
░░ The unit NetworkManager-dispatcher.service has successfully entered the 'dead' state.
May 25 21:47:15 openeuler-riscv64 systemd-timesyncd[265]: Initial synchronization to time server 203.107.6.88:123 (ntp.aliyun.com).
May 25 21:47:17 openeuler-riscv64 systemd[1]: systemd-hostnamed.service: Deactivated successfully.
░░ Subject: Unit succeeded
░░ Defined-By: systemd
░░ Support: https://lists.freedesktop.org/mailman/listinfo/systemd-devel
░░ 
░░ The unit systemd-hostnamed.service has successfully entered the 'dead' state.
May 25 21:47:19 openeuler-riscv64 [RPM][449]: Transaction ID 646f66e7 started
May 25 21:47:20 openeuler-riscv64 systemctl[456]: [/usr/bin/systemctl --no-reload preset arptables.service] called by PID 455 (/bin/sh /var/tmp/rpm-tmp.tsIPeh 1)
May 25 21:47:20 openeuler-riscv64 [RPM][449]: install arptables-0.0.5-6.oe2303.riscv64: success
May 25 21:47:20 openeuler-riscv64 [RPM][449]: install arptables-0.0.5-6.oe2303.riscv64: success
May 25 21:47:21 openeuler-riscv64 systemctl[461]: [/usr/bin/systemctl daemon-reload] called by PID 460 (/bin/sh /var/tmp/rpm-tmp.R3LEro 0)
May 25 21:47:21 openeuler-riscv64 systemd[1]: Reloading.
May 25 21:47:23 openeuler-riscv64 systemd[1]: /usr/lib/systemd/system/dbus.socket:5: ListenStream= references a path below legacy directory /var/run/, updating /var/run/dbus/system_bus_socket → /run/dbus/system_bus_socket; please update the unit file accordingly.
May 25 21:47:24 openeuler-riscv64 [RPM][449]: install arptables-0.0.5-6.oe2303.riscv64: success
May 25 21:47:24 openeuler-riscv64 [RPM][449]: Transaction ID 646f66e7 finished: 0
May 25 21:47:27 openeuler-riscv64 systemctl[476]: [systemctl restart arptables.service] called by PID 423 (bash -x oe_test_service_arptables.sh)
May 25 21:47:27 openeuler-riscv64 systemd[1]: Starting Automates a packet filtering firewall with arptables...
░░ Subject: A start job for unit arptables.service has begun execution
░░ Defined-By: systemd
░░ Support: https://lists.freedesktop.org/mailman/listinfo/systemd-devel
░░ 
░░ A start job for unit arptables.service has begun execution.
░░ 
░░ The job identifier is 240.
May 25 21:47:27 openeuler-riscv64 arptables-helper[477]: /usr/libexec/arptables-helper: line 5: /etc/init.d/functions: No such file or directory
May 25 21:47:27 openeuler-riscv64 systemd[1]: arptables.service: Main process exited, code=exited, status=1/FAILURE
░░ Subject: Unit process exited
░░ Defined-By: systemd
░░ Support: https://lists.freedesktop.org/mailman/listinfo/systemd-devel
░░ 
░░ An ExecStart= process belonging to unit arptables.service has exited.
░░ 
░░ The process' exit code is 'exited' and its exit status is 1.
May 25 21:47:27 openeuler-riscv64 systemd[1]: arptables.service: Failed with result 'exit-code'.
░░ Subject: Unit failed
░░ Defined-By: systemd
░░ Support: https://lists.freedesktop.org/mailman/listinfo/systemd-devel
░░ 
░░ The unit arptables.service has entered the 'failed' state with result 'exit-code'.
May 25 21:47:27 openeuler-riscv64 systemd[1]: Failed to start Automates a packet filtering firewall with arptables.
░░ Subject: A start job for unit arptables.service has failed
░░ Defined-By: systemd
░░ Support: https://lists.freedesktop.org/mailman/listinfo/systemd-devel
░░ 
░░ A start job for unit arptables.service has finished with a failure.
░░ 
░░ The job identifier is 240 and the job result is failed.
May 25 21:47:35 openeuler-riscv64 systemctl[486]: [systemctl stop arptables.service] called by PID 423 (bash -x oe_test_service_arptables.sh)
May 25 21:47:42 openeuler-riscv64 systemctl[492]: [systemctl start arptables.service] called by PID 423 (bash -x oe_test_service_arptables.sh)
May 25 21:47:42 openeuler-riscv64 systemd[1]: Starting Automates a packet filtering firewall with arptables...
░░ Subject: A start job for unit arptables.service has begun execution
░░ Defined-By: systemd
░░ Support: https://lists.freedesktop.org/mailman/listinfo/systemd-devel
░░ 
░░ A start job for unit arptables.service has begun execution.
░░ 
░░ The job identifier is 306.
May 25 21:47:42 openeuler-riscv64 arptables-helper[493]: /usr/libexec/arptables-helper: line 5: /etc/init.d/functions: No such file or directory
May 25 21:47:42 openeuler-riscv64 systemd[1]: arptables.service: Main process exited, code=exited, status=1/FAILURE
░░ Subject: Unit process exited
░░ Defined-By: systemd
░░ Support: https://lists.freedesktop.org/mailman/listinfo/systemd-devel
░░ 
░░ An ExecStart= process belonging to unit arptables.service has exited.
░░ 
░░ The process' exit code is 'exited' and its exit status is 1.
May 25 21:47:42 openeuler-riscv64 systemd[1]: arptables.service: Failed with result 'exit-code'.
░░ Subject: Unit failed
░░ Defined-By: systemd
░░ Support: https://lists.freedesktop.org/mailman/listinfo/systemd-devel
░░ 
░░ The unit arptables.service has entered the 'failed' state with result 'exit-code'.
May 25 21:47:42 openeuler-riscv64 systemd[1]: Failed to start Automates a packet filtering firewall with arptables.
░░ Subject: A start job for unit arptables.service has failed
░░ Defined-By: systemd
░░ Support: https://lists.freedesktop.org/mailman/listinfo/systemd-devel
░░ 
░░ A start job for unit arptables.service has finished with a failure.
░░ 
░░ The job identifier is 306 and the job result is failed.
May 25 21:47:50 openeuler-riscv64 systemctl[504]: [systemctl enable arptables.service] called by PID 503 (bash -x oe_test_service_arptables.sh)
May 25 21:47:50 openeuler-riscv64 systemd[1]: Reloading.
May 25 21:47:53 openeuler-riscv64 systemd[1]: /usr/lib/systemd/system/dbus.socket:5: ListenStream= references a path below legacy directory /var/run/, updating /var/run/dbus/system_bus_socket → /run/dbus/system_bus_socket; please update the unit file accordingly.
May 25 21:47:53 openeuler-riscv64 systemctl[518]: [systemctl disable arptables.service] called by PID 423 (bash -x oe_test_service_arptables.sh)
May 25 21:47:53 openeuler-riscv64 systemd[1]: Reloading.
May 25 21:47:56 openeuler-riscv64 systemd[1]: /usr/lib/systemd/system/dbus.socket:5: ListenStream= references a path below legacy directory /var/run/, updating /var/run/dbus/system_bus_socket → /run/dbus/system_bus_socket; please update the unit file accordingly.
May 25 21:47:58 openeuler-riscv64 systemctl[535]: [systemctl start arptables.service] called by PID 423 (bash -x oe_test_service_arptables.sh)
May 25 21:47:58 openeuler-riscv64 systemd[1]: Starting Automates a packet filtering firewall with arptables...
░░ Subject: A start job for unit arptables.service has begun execution
░░ Defined-By: systemd
░░ Support: https://lists.freedesktop.org/mailman/listinfo/systemd-devel
░░ 
░░ A start job for unit arptables.service has begun execution.
░░ 
░░ The job identifier is 371.
May 25 21:47:58 openeuler-riscv64 arptables-helper[536]: /usr/libexec/arptables-helper: line 5: /etc/init.d/functions: No such file or directory
May 25 21:47:58 openeuler-riscv64 systemd[1]: arptables.service: Main process exited, code=exited, status=1/FAILURE
░░ Subject: Unit process exited
░░ Defined-By: systemd
░░ Support: https://lists.freedesktop.org/mailman/listinfo/systemd-devel
░░ 
░░ An ExecStart= process belonging to unit arptables.service has exited.
░░ 
░░ The process' exit code is 'exited' and its exit status is 1.
May 25 21:47:58 openeuler-riscv64 systemd[1]: arptables.service: Failed with result 'exit-code'.
░░ Subject: Unit failed
░░ Defined-By: systemd
░░ Support: https://lists.freedesktop.org/mailman/listinfo/systemd-devel
░░ 
░░ The unit arptables.service has entered the 'failed' state with result 'exit-code'.
May 25 21:47:58 openeuler-riscv64 systemd[1]: Failed to start Automates a packet filtering firewall with arptables.
░░ Subject: A start job for unit arptables.service has failed
░░ Defined-By: systemd
░░ Support: https://lists.freedesktop.org/mailman/listinfo/systemd-devel
░░ 
░░ A start job for unit arptables.service has finished with a failure.
░░ 
░░ The job identifier is 371 and the job result is failed.
May 25 21:47:58 openeuler-riscv64 systemctl[538]: [systemctl reload arptables.service] called by PID 423 (bash -x oe_test_service_arptables.sh)
May 25 21:48:06 openeuler-riscv64 [RPM][548]: Transaction ID 646f6716 started
May 25 21:48:06 openeuler-riscv64 [RPM][548]: erase arptables-0.0.5-6.oe2303.riscv64: success
May 25 21:48:06 openeuler-riscv64 systemctl[553]: [/usr/bin/systemctl --no-reload --now disable arptables.service] called by PID 552 (/bin/sh /var/tmp/rpm-tmp.FIxaXh 0)
May 25 21:48:06 openeuler-riscv64 systemctl[556]: [/usr/bin/systemctl daemon-reload] called by PID 554 (/bin/sh /var/tmp/rpm-tmp.eGImeC 0)
May 25 21:48:06 openeuler-riscv64 systemd[1]: Reloading.
May 25 21:48:09 openeuler-riscv64 systemd[1]: /usr/lib/systemd/system/dbus.socket:5: ListenStream= references a path below legacy directory /var/run/, updating /var/run/dbus/system_bus_socket → /run/dbus/system_bus_socket; please update the unit file accordingly.
May 25 21:48:10 openeuler-riscv64 [RPM][548]: erase arptables-0.0.5-6.oe2303.riscv64: success
May 25 21:48:10 openeuler-riscv64 [RPM][548]: Transaction ID 646f6716 finished: 0
May 25 21:48:13 openeuler-riscv64 sudo[376]: pam_unix(sudo:session): session closed for user root
May 25 21:48:14 openeuler-riscv64 sudo[575]:     root : PWD=/root/mugen ; USER=root ; COMMAND=/usr/bin/journalctl -xe --no-pager
May 25 21:48:14 openeuler-riscv64 sudo[575]: pam_unix(sudo:session): session opened for user root(uid=0) by (uid=0)
